2023-06-16 11:44:36.405 13955-18668 com.zhanghuang          com.zhanghuang                       I  ProcessProfilingInfo new_methods=1200 is saved saved_to_disk=1 resolve_classes_delay=8000
2023-06-16 11:44:38.954 13955-18608 com.zhanghuang          com.zhanghuang                       I  This is non sticky GC, maxfree is 8388608 minfree is 2097152
2023-06-16 11:44:38.952 13955-13955 FinalizerDaemon         com.zhanghuang                       W  type=1400 audit(0.0:49599): avc: denied { getopt } for path="/dev/socket/usap_pool_primary" scontext=u:r:untrusted_app_30:s0:c81,c258,c512,c768 tcontext=u:r:zygote:s0 tclass=unix_stream_socket permissive=0 app=com.zhanghuang
2023-06-16 11:44:39.120 13955-13955 UMConfigure             com.zhanghuang                       I  common version is 9.6.1
2023-06-16 11:44:39.120 13955-13955 UMConfigure             com.zhanghuang                       I  common type is 0
2023-06-16 11:44:39.126 13955-13955 UMConfigure             com.zhanghuang                       I  current appkey is 58eb2d094544cb15d2001334, last appkey is null
2023-06-16 11:44:39.129 13955-13955 UMConfigure             com.zhanghuang                       I  channel is Umeng
2023-06-16 11:44:39.129 13955-13955 UMLog                   com.zhanghuang                       D  统计SDK常见问题索引贴 详见链接 http://developer.umeng.com/docs/66650/cate/66650
2023-06-16 11:44:39.129 13955-13955 UMLog                   com.zhanghuang                       I  统计SDK初始化成功
2023-06-16 11:44:39.131 13955-18779 UMLog                   com.zhanghuang                       D  当前发送策略为：启动时发送。详见链接 https://developer.umeng.com/docs/66632/detail/66976?um_channel=sdk
2023-06-16 11:44:39.142 13955-13955 priviteSocial           com.zhanghuang                       E  欢迎使用友盟社会化分享业务!
2023-06-16 11:44:39.142 13955-18927 UMLog_Social            com.zhanghuang                       E  您使用的SDK版本为：7.3.2
2023-06-16 11:44:39.142 13955-13955 UMLog                   com.zhanghuang                       I  Share AppKey设置成功
2023-06-16 11:44:39.143 13955-18928 UMCrash                 com.zhanghuang                       I  get common. apm ctr flag is 0
2023-06-16 11:44:39.145 13955-13955 UMCrash                 com.zhanghuang                       I  int apm. flag is 0
2023-06-16 11:44:39.145 13955-13955 UMCrash                 com.zhanghuang                       I  int apm. hitWlState is 0
2023-06-16 11:44:39.148 13955-18779 MobclickAgent           com.zhanghuang                       D  本次启动会话:{"sessions":[{"id":"D08EC55FC8D9BBA564E97244311738E2","start_time":"1686887069078"}]}
2023-06-16 11:44:39.148 13955-13955 UMCrash                 com.zhanghuang                       I  enable : java is true, native is true, anr is true
2023-06-16 11:44:39.148 13955-13955 UMCrash                 com.zhanghuang                       I  crash rate domain is https://errnewlog.umeng.com
2023-06-16 11:44:39.149 13955-13955 com.zhanghuang          com.zhanghuang                       W  Accessing hidden field Landroid/content/pm/ApplicationInfo;->primaryCpuAbi:Ljava/lang/String; (unsupported, reflection, allowed)
2023-06-16 11:44:39.149 13955-18779 SQLiteLog               com.zhanghuang                       W  (28) double-quoted string literal: "D08EC55FC8D9BBA564E97244311738E2"
2023-06-16 11:44:39.151 13955-18779 SQLiteLog               com.zhanghuang                       W  (28) double-quoted string literal: "D08EC55FC8D9BBA564E97244311738E2"
2023-06-16 11:44:39.151 13955-18779 SQLiteLog               com.zhanghuang                       W  (28) double-quoted string literal: ""
2023-06-16 11:44:39.152 13955-18779 SQLiteLog               com.zhanghuang                       W  (28) double-quoted string literal: "D08EC55FC8D9BBA564E97244311738E2"
2023-06-16 11:44:39.152 13955-18779 SQLiteLog               com.zhanghuang                       W  (28) double-quoted string literal: "-1"
2023-06-16 11:44:39.152 13955-18779 UMLog                   com.zhanghuang                       D  当前发送策略为：启动时发送。详见链接 https://developer.umeng.com/docs/66632/detail/66976?um_channel=sdk
2023-06-16 11:44:39.152 13955-18779 MobclickAgent           com.zhanghuang                       D  数据发送策略 : ReportAtLaunch
2023-06-16 11:44:39.152 13955-18779 UMLog                   com.zhanghuang                       D  当前发送策略为：启动时发送。详见链接 https://developer.umeng.com/docs/66632/detail/66976?um_channel=sdk
2023-06-16 11:44:39.161 13955-18779 UMLog                   com.zhanghuang                       D  当前发送策略为：启动时发送。详见链接 https://developer.umeng.com/docs/66632/detail/66976?um_channel=sdk
2023-06-16 11:44:39.161 13955-18936 crashsdk                com.zhanghuang                       I  version unique build id: 66c24874
2023-06-16 11:44:39.162 13955-18936 crashsdk                com.zhanghuang                       I  Is new version ('' -> '2.0.8/release/66c24874'), deleting old stats data!
2023-06-16 11:44:39.162 13955-13955 crashsdk                com.zhanghuang                       W  Set: Unknown key 38
2023-06-16 11:44:39.162 13955-13955 crashsdk                com.zhanghuang                       W  Set: Unknown key 39
2023-06-16 11:44:39.160 13955-13955 com.zhanghuang          com.zhanghuang                       W  type=1400 audit(0.0:49600): avc: denied { read } for name="version" dev="proc" ino=4026532016 scontext=u:r:untrusted_app_30:s0:c81,c258,c512,c768 tcontext=u:object_r:proc_version:s0 tclass=file permissive=0 app=com.zhanghuang
2023-06-16 11:44:39.163 13955-18937 crashsdk                com.zhanghuang                       D  Native log stat thread 18937 setup, waiting
2023-06-16 11:44:39.164 13955-18779 SQLiteLog               com.zhanghuang                       W  (28) double-quoted string literal: "D08EC55FC8D9BBA564E97244311738E2"
2023-06-16 11:44:39.164 13955-18779 SQLiteLog               com.zhanghuang                       W  (28) double-quoted string literal: ""
2023-06-16 11:44:39.164 13955-18779 SQLiteLog               com.zhanghuang                       W  (28) double-quoted string literal: "D08EC55FC8D9BBA564E97244311738E2"
2023-06-16 11:44:39.164 13955-18779 SQLiteLog               com.zhanghuang                       W  (28) double-quoted string literal: "-1"
2023-06-16 11:44:39.165 13955-18779 UMLog                   com.zhanghuang                       D  当前发送策略为：启动时发送。详见链接 https://developer.umeng.com/docs/66632/detail/66976?um_channel=sdk
2023-06-16 11:44:39.165 13955-18779 MobclickAgent           com.zhanghuang                       D  数据发送策略 : ReportAtLaunch
2023-06-16 11:44:39.165 13955-18779 UMLog                   com.zhanghuang                       D  当前发送策略为：启动时发送。详见链接 https://developer.umeng.com/docs/66632/detail/66976?um_channel=sdk
2023-06-16 11:44:39.165 13955-13955 crashsdk                com.zhanghuang                       I  Catcher mask: 5000, 20480
2023-06-16 11:44:39.165 13955-13955 crashsdk                com.zhanghuang                       I  Catcher thread 18595
2023-06-16 11:44:39.165 13955-13955 crashsdk                com.zhanghuang                       D  Register ANR handler ...
2023-06-16 11:44:39.165 13955-13955 crashsdk                com.zhanghuang                       I  begin hack android.os.Process
2023-06-16 11:44:39.165 13955-13955 crashsdk                com.zhanghuang                       I  end hack android.os.Process
2023-06-16 11:44:39.165 13955-13955 crashsdk                com.zhanghuang                       I  LibcMalloc detail: disabled.
2023-06-16 11:44:39.175 13955-18939 com.zhanghuang          com.zhanghuang                       E  Invalid ID 0x00000000.
2023-06-16 11:44:39.175 13955-18928 com.zhanghuang          com.zhanghuang                       E  Invalid ID 0x00000000.
2023-06-16 11:44:39.176 13955-18940 ballack                 com.zhanghuang                       E  initGlobalInfo called once.
2023-06-16 11:44:39.177 13955-13955 UMCrash                 com.zhanghuang                       I  begin register common callback.  key is umid.
2023-06-16 11:44:39.177 13955-13955 UMCrash                 com.zhanghuang                       I  inner config : net rate is -1
2023-06-16 11:44:39.177 13955-13955 UMCrash                 com.zhanghuang                       I  inner config : nativeH5Rate is -1
2023-06-16 11:44:39.177 13955-13955 UMCrash                 com.zhanghuang                       I  inner config : page rate is -1
2023-06-16 11:44:39.177 13955-13955 UMCrash                 com.zhanghuang                       I  inner config : power rate is -1
2023-06-16 11:44:39.177 13955-13955 UMLog                   com.zhanghuang                       I  APM SDK初始化成功
2023-06-16 11:44:39.178 13955-18939 Matrix.AnrTracer        com.zhanghuang                       I  anrTrace, final mAnrBeatTime:400, mAnrBeatRate:400
2023-06-16 11:44:39.179 13955-18941 LaunchConfigManager     com.zhanghuang                       D  random check in
2023-06-16 11:44:39.181 13955-18940 efs.send_log            com.zhanghuang                       W  tryFileLock start! 
2023-06-16 11:44:39.182 13955-13955 HandWritingStubImpl     com.zhanghuang                       I  isKeyboardTypeChanged: false
2023-06-16 11:44:39.184 13955-18940 efs.config              com.zhanghuang                       I  delete old config is false
2023-06-16 11:44:39.185 13955-18940 efs.config              com.zhanghuang                       I  current config to same.
2023-06-16 11:44:39.185 13955-18947 efs.send_log            com.zhanghuang                       W  tryFileLock sendlock sucess! processname: com.zhanghuang
2023-06-16 11:44:39.185 13955-18675 OpenGLRenderer          com.zhanghuang                       D  endAllActiveAnimators on 0xb4000077c0693b00 (RippleDrawable) with handle 0xb4000077c0506980
2023-06-16 11:44:39.196 13955-18941 LaunchTrace             com.zhanghuang                       I  begin sendLaunchCache
2023-06-16 11:44:39.201 13955-18945 ziparchive              com.zhanghuang                       W  Unable to open '/data/user/0/com.zhanghuang/app_e_qq_com_plugin_c4a3cb97806cecae65646808b7755026/gdt_plugin.dm': No such file or directory
2023-06-16 11:44:39.213 13955-13955 com.zhanghuang          com.zhanghuang                       W  Accessing hidden field Landroid/app/Application;->mLoadedApk:Landroid/app/LoadedApk; (unsupported, reflection, allowed)
2023-06-16 11:44:39.213 13955-13955 com.zhanghuang          com.zhanghuang                       W  Accessing hidden field Landroid/app/LoadedApk;->mActivityThread:Landroid/app/ActivityThread; (unsupported, reflection, allowed)
2023-06-16 11:44:39.213 13955-13955 com.zhanghuang          com.zhanghuang                       W  Accessing hidden field Landroid/app/ActivityThread;->mActivities:Landroid/util/ArrayMap; (unsupported, reflection, allowed)
2023-06-16 11:44:39.213 13955-13955 com.zhanghuang          com.zhanghuang                       W  Accessing hidden field Landroid/app/ActivityThread$ActivityClientRecord;->activity:Landroid/app/Activity; (unsupported, reflection, allowed)
2023-06-16 11:44:39.213 13955-13955 com.zhanghuang          com.zhanghuang                       W  Accessing hidden field Landroid/app/ActivityThread$ActivityClientRecord;->paused:Z (unsupported, reflection, allowed)
2023-06-16 11:44:39.213 13955-13955 com.zhanghuang          com.zhanghuang                       W  Accessing hidden field Landroid/app/ActivityThread$ActivityClientRecord;->stopped:Z (unsupported, reflection, allowed)
2023-06-16 11:44:39.214 13955-13955 crashsdk                com.zhanghuang                       I  Unexp log not enabled, skip update unexp info!
2023-06-16 11:44:39.215 13955-18928 efs.info.manager        com.zhanghuang                       W  network change: wifi
2023-06-16 11:44:39.218 13955-13955 HandWritingStubImpl     com.zhanghuang                       I  isKeyboardTypeChanged: false
2023-06-16 11:44:39.231 13955-13955 DecorView[]             com.zhanghuang                       D  onWindowFocusChanged hasWindowFocus true
2023-06-16 11:44:39.231 13955-13955 HandWritingStubImpl     com.zhanghuang                       I  isKeyboardTypeChanged: false
2023-06-16 11:44:39.231 13955-13955 HandWritingStubImpl     com.zhanghuang                       I  refreshLastKeyboardType: 1
2023-06-16 11:44:39.231 13955-13955 HandWritingStubImpl     com.zhanghuang                       I  getCurrentKeyboardType: 1
2023-06-16 11:44:39.232 13955-18780 TrafficStats            com.zhanghuang                       D  tagSocket(147) with statsTag=0xffffffff, statsUid=-1
2023-06-16 11:44:39.234 13955-13955 MiuiMultiWindowAdapter  com.zhanghuang                       D  MiuiMultiWindowAdapter::getFreeformVideoWhiteListInSystem::LIST_ABOUT_SUPPORT_LANDSCAPE_VIDEO = [com.hunantv.imgo.activity, com.tencent.qqlive, com.qiyi.video, com.hunantv.imgo.activity.inter, com.tencent.qqlivei18n, com.iqiyi.i18n, tv.danmaku.bili]
2023-06-16 11:44:39.240 13955-18679 ViewContentFactory      com.zhanghuang                       D  initViewContentFetcherClass
2023-06-16 11:44:39.240 13955-18679 ContentCatcher          com.zhanghuang                       I  ViewContentFetcher : ViewContentFetcher
2023-06-16 11:44:39.240 13955-18679 ViewContentFactory      com.zhanghuang                       D  createInterceptor took 0ms
2023-06-16 11:44:39.241 13955-13955 IS_CTS_MODE             com.zhanghuang                       D  false
2023-06-16 11:44:39.241 13955-13955 MULTI_WINDOW_ENABLED    com.zhanghuang                       D  false
2023-06-16 11:44:39.242 13955-13955 DecorView[]             com.zhanghuang                       D  getWindowModeFromSystem  windowmode is 1
2023-06-16 11:44:39.244 13955-18779 UMLog                   com.zhanghuang                       I  基础组件库完整性自检通过。
2023-06-16 11:44:39.246 13955-18946 com.zhanghuang          com.zhanghuang                       W  Accessing hidden method Landroid/app/ActivityThread;->currentActivityThread()Landroid/app/ActivityThread; (unsupported, reflection, allowed)
2023-06-16 11:44:39.246 13955-18946 com.zhanghuang          com.zhanghuang                       W  Accessing hidden method Landroid/app/ActivityThread;->getApplication()Landroid/app/Application; (unsupported, reflection, allowed)
2023-06-16 11:44:39.246 13955-18946 com.zhanghuang          com.zhanghuang                       W  Accessing hidden field Ldalvik/system/BaseDexClassLoader;->pathList:Ldalvik/system/DexPathList; (unsupported, reflection, allowed)
2023-06-16 11:44:39.246 13955-18946 com.zhanghuang          com.zhanghuang                       W  Accessing hidden field Ldalvik/system/DexPathList;->dexElements:[Ldalvik/system/DexPathList$Element; (unsupported, reflection, allowed)
2023-06-16 11:44:39.250 13955-18779 SQLiteLog               com.zhanghuang                       W  (28) double-quoted string literal: "CoRiVtHO8PPeJXI+AJ2NqRR9GOchxG0FbjjowEjUpO4nj3tNHcDAJnAEpMYJU9iknsgxjeaz5zkH
                                                                                                    LxGIVh/JGRLqK1wj9NOWnsAVNvP5BuN2yf2/OZvG3eO1V/Z1Kf5hs42+qMnU9hIp87Z+2Se2/Q==
                                                                                                    "
2023-06-16 11:44:39.250 13955-18779 SQLiteLog               com.zhanghuang                       W  (28) double-quoted string literal: "D08EC55FC8D9BBA564E97244311738E2"
2023-06-16 11:44:39.267 13955-18946 com.zhanghuang          com.zhanghuang                       W  Accessing hidden method Ljava/lang/Runtime;->nativeLoad(Ljava/lang/String;Ljava/lang/ClassLoader;)Ljava/lang/String; (unsupported, reflection, allowed)
2023-06-16 11:44:39.264 13955-13955 pool-12-thread-         com.zhanghuang                       W  type=1400 audit(0.0:49601): avc: granted { execute } for path="/data/data/com.zhanghuang/app_e_qq_com_plugin_c4a3cb97806cecae65646808b7755026/libyaqpro.bcd860b4.so" dev="dm-43" ino=1119634 scontext=u:r:untrusted_app_30:s0:c81,c258,c512,c768 tcontext=u:object_r:app_data_file:s0:c81,c258,c512,c768 tclass=file app=com.zhanghuang
2023-06-16 11:44:39.268 13955-13955 pool-12-thread-         com.zhanghuang                       W  type=1400 audit(0.0:49602): avc: granted { execute } for path="/data/data/com.zhanghuang/app_e_qq_com_plugin_c4a3cb97806cecae65646808b7755026/libyaqbasic.bcd860b4.so" dev="dm-43" ino=1119526 scontext=u:r:untrusted_app_30:s0:c81,c258,c512,c768 tcontext=u:object_r:app_data_file:s0:c81,c258,c512,c768 tclass=file app=com.zhanghuang
2023-06-16 11:44:39.268 13955-13955 pool-12-thread-         com.zhanghuang                       W  type=1400 audit(0.0:49603): avc: granted { execute } for path="/data/data/com.zhanghuang/app_e_qq_com_plugin_c4a3cb97806cecae65646808b7755026/libMMANDKSignature.bcd860b4.so" dev="dm-43" ino=1119640 scontext=u:r:untrusted_app_30:s0:c81,c258,c512,c768 tcontext=u:object_r:app_data_file:s0:c81,c258,c512,c768 tclass=file app=com.zhanghuang
2023-06-16 11:44:39.268 13955-13955 pool-12-thread-         com.zhanghuang                       W  type=1400 audit(0.0:49604): avc: granted { execute } for path="/data/data/com.zhanghuang/app_e_qq_com_plugin_c4a3cb97806cecae65646808b7755026/libturingau.bcd860b4.so" dev="dm-43" ino=1119447 scontext=u:r:untrusted_app_30:s0:c81,c258,c512,c768 tcontext=u:object_r:app_data_file:s0:c81,c258,c512,c768 tclass=file app=com.zhanghuang
2023-06-16 11:44:39.271 13955-18946 TuringFdNative          com.zhanghuang                       I  TuringFD v77 (8D2466BF3FB8AA9C, au, 150176e, rfr, compiled 2023_03_27_10_52_51) success 
2023-06-16 11:44:39.274 13955-18608 com.zhanghuang          com.zhanghuang                       I  This is sticky GC, maxfree is 8388608 minfree is 2097152
2023-06-16 11:44:39.283 13955-13955 MicroMsg.P....WXFactory com.zhanghuang                       D  createWXAPI, appId = wx5846c59e6f1304a9, checkSignature = true
2023-06-16 11:44:39.283 13955-13955 MicroMsg.P....WXFactory com.zhanghuang                       D  createWXAPI, appId = wx5846c59e6f1304a9, checkSignature = true, launchMode = 2
2023-06-16 11:44:39.285 13955-13955 MicroMsg.S...ApiImplV10 com.zhanghuang                       D  <init>, appId = wx5846c59e6f1304a9, checkSignature = true, launchMode = 2
2023-06-16 11:44:39.286 13955-13955 MicroMsg.S...sgImplComm com.zhanghuang                       D  check signature:308202eb30820254a00302010202044d36f7a4300d06092a864886f70d01010505003081b9310b300906035504061302383631123010060355040813094775616e67646f6e673111300f060355040713085368656e7a68656e31353033060355040a132c54656e63656e7420546563686e6f6c6f6779285368656e7a68656e2920436f6d70616e79204c696d69746564313a3038060355040b133154656e63656e74204775616e677a686f7520526573656172636820616e6420446576656c6f706d656e742043656e7465723110300e0603550403130754656e63656e74301e170d3131303131393134333933325a170d3431303131313134333933325a3081b9310b300906035504061302383631123010060355040813094775616e67646f6e673111300f060355040713085368656e7a68656e31353033060355040a132c54656e63656e7420546563686e6f6c6f6779285368656e7a68656e2920436f6d70616e79204c696d69746564313a3038060355040b133154656e63656e74204775616e677a686f7520526573656172636820616e6420446576656c6f706d656e742043656e7465723110300e0603550403130754656e63656e7430819f300d06092a864886f70d010101050003818d0030818902818100c05f34b231b083fb1323670bfbe7bdab40c0c0a6efc87ef2072a1ff0d60cc67c8edb0d0847f210bea6cbfaa241be70c86daf56be08b723c859e52428a064555d80db448cdcacc1aea2501eba06f8bad12a4fa49d85cacd7abeb68945a5cb5e061629b52e3254c373550ee4e40cb7c8ae6f7a8151ccd8df582d446f39ae0c5e930203010001300d06092a864886f70d0101050500038181009c8d9d7f2f908c42081b4c764c377109a8b2c70582422125ce545842d5f520aea69550b6bd8bfd94e987b75a3077eb04ad341f481aac266e89d3864456e69fba13df018acdc168b9a19dfd7ad9d9cc6f6ace57c746515f71234df3a053e33ba93ece5cd0fc15f3e389a3f365588a9fcb439e069d3629cd7732a13fff7b891499
2023-06-16 11:44:39.286 13955-13955 MicroMsg.S...sgImplComm com.zhanghuang                       D  pass
2023-06-16 11:44:39.286 13955-13955 MicroMsg.S...ApiImplV10 com.zhanghuang                       D  registerApp, appId = wx5846c59e6f1304a9
2023-06-16 11:44:39.286 13955-13955 MicroMsg.S...ApiImplV10 com.zhanghuang                       D  registerApp, appId = wx5846c59e6f1304a9
2023-06-16 11:44:39.286 13955-13955 MicroMsg.S...ApiImplV10 com.zhanghuang                       D  register app com.zhanghuang
2023-06-16 11:44:39.287 13955-13955 MicroMsg.SDK.MMessage   com.zhanghuang                       D  send mm message, intent=Intent { act=com.tencent.mm.plugin.openapi.Intent.ACTION_HANDLE_APP_REGISTER (has extras) }, perm=com.tencent.mm.permission.MM_MESSAGE
2023-06-16 11:44:39.289 13955-13955 crashsdk                com.zhanghuang                       I  Unexp log not enabled, skip update unexp info!
2023-06-16 11:44:39.289 13955-18946 TuringFdJava            com.zhanghuang                       I  TuringFD v77 (8D2466BF3FB8AA9C, au, 150176e, rfr;rs, wup;105498, compiled 2023_03_27_10_52_51) [url(https://tdid.m.qq.com?mc=2);c(0)]
2023-06-16 11:44:39.292 13955-18966 TrafficStats            com.zhanghuang                       D  tagSocket(233) with statsTag=0xafbd824b, statsUid=-1
2023-06-16 11:44:39.294 13955-13955 DecorView[]             com.zhanghuang                       D  getWindowModeFromSystem  windowmode is 1
2023-06-16 11:44:39.294 13955-13955 DecorView[]             com.zhanghuang                       D  updateDecorCaptionStatus windowMode is 1
2023-06-16 11:44:39.298 13955-13955 HandWritingStubImpl     com.zhanghuang                       I  isKeyboardTypeChanged: false
2023-06-16 11:44:39.299 13955-13955 HandWritingStubImpl     com.zhanghuang                       I  isKeyboardTypeChanged: false
2023-06-16 11:44:39.300 13955-18779 MobclickAgent           com.zhanghuang                       D  延续上一个会话: D08EC55FC8D9BBA564E97244311738E2
2023-06-16 11:44:39.304 13955-18779 SQLiteLog               com.zhanghuang                       W  (28) double-quoted string literal: "D08EC55FC8D9BBA564E97244311738E2"
2023-06-16 11:44:39.304 13955-18779 SQLiteLog               com.zhanghuang                       W  (28) double-quoted string literal: ""
2023-06-16 11:44:39.305 13955-18779 SQLiteLog               com.zhanghuang                       W  (28) double-quoted string literal: "D08EC55FC8D9BBA564E97244311738E2"
2023-06-16 11:44:39.305 13955-18779 SQLiteLog               com.zhanghuang                       W  (28) double-quoted string literal: "-1"
2023-06-16 11:44:39.306 13955-18779 UMLog                   com.zhanghuang                       D  当前发送策略为：启动时发送。详见链接 https://developer.umeng.com/docs/66632/detail/66976?um_channel=sdk
2023-06-16 11:44:39.316 13955-18779 SQLiteLog               com.zhanghuang                       W  (28) double-quoted string literal: "
2023-06-16 11:44:39.316 13955-18779 SQLiteLog               com.zhanghuang                       W  (28) double-quoted string literal: "D08EC55FC8D9BBA564E97244311738E2"
2023-06-16 11:44:39.321 13955-18779 SQLiteLog               com.zhanghuang                       W  (28) double-quoted string literal: "07rzky+FWsfGroVRqsmgzpN9iaVukFW4zivWCxnjoa1526t9MJCLzS43RN+Z4k0LXSzsIIoqAG7Q
                                                                                                    4eH4chCOnm6FmTBaSB7JLFzQ5PwrUIo=
                                                                                                    "
2023-06-16 11:44:39.321 13955-18779 SQLiteLog               com.zhanghuang                       W  (28) double-quoted string literal: "D08EC55FC8D9BBA564E97244311738E2"
2023-06-16 11:44:39.328 13955-18976 TrafficStats            com.zhanghuang                       D  tagSocket(237) with statsTag=0xffffffff, statsUid=-1
2023-06-16 11:44:39.329 13955-18977 TrafficStats            com.zhanghuang                       D  tagSocket(238) with statsTag=0xffffffff, statsUid=-1
2023-06-16 11:44:39.346 13955-18988 com.zhanghuang          com.zhanghuang                       W  Accessing hidden method Landroid/webkit/WebViewFactory;->getWebViewContextAndSetProvider()Landroid/content/Context; (unsupported, reflection, allowed)
2023-06-16 11:44:39.365 13955-18969 TrafficStats            com.zhanghuang                       D  tagSocket(241) with statsTag=0xafbd824b, statsUid=-1
2023-06-16 11:44:39.395 13955-18675 Parcel                  com.zhanghuang                       W  Expecting binder but got null!
2023-06-16 11:44:39.396 13955-13955 DecorView[]             com.zhanghuang                       D  onWindowFocusChanged hasWindowFocus false
2023-06-16 11:44:39.397 13955-18988 TrafficStats            com.zhanghuang                       D  tagSocket(288) with statsTag=0xffffffff, statsUid=-1
2023-06-16 11:44:39.399 13955-18983 TrafficStats            com.zhanghuang                       D  tagSocket(147) with statsTag=0xffffffff, statsUid=-1
2023-06-16 11:44:39.400 13955-13955 MiuiMultiWindowAdapter  com.zhanghuang                       D  MiuiMultiWindowAdapter::getFreeformVideoWhiteListInSystem::LIST_ABOUT_SUPPORT_LANDSCAPE_VIDEO = [com.hunantv.imgo.activity, com.tencent.qqlive, com.qiyi.video, com.hunantv.imgo.activity.inter, com.tencent.qqlivei18n, com.iqiyi.i18n, tv.danmaku.bili]
2023-06-16 11:44:39.406 13955-19000 IdProviderImpl          com.zhanghuang                       D  getOAID from com.zhanghuang
2023-06-16 11:44:39.407 13955-18679 ViewContentFactory      com.zhanghuang                       D  initViewContentFetcherClass
2023-06-16 11:44:39.407 13955-18679 ContentCatcher          com.zhanghuang                       I  ViewContentFetcher : ViewContentFetcher
2023-06-16 11:44:39.407 13955-18679 ViewContentFactory      com.zhanghuang                       D  createInterceptor took 0ms
2023-06-16 11:44:39.408 13955-13955 IS_CTS_MODE             com.zhanghuang                       D  false
2023-06-16 11:44:39.408 13955-13955 MULTI_WINDOW_ENABLED    com.zhanghuang                       D  false
2023-06-16 11:44:39.410 13955-13955 DecorView[]             com.zhanghuang                       D  getWindowModeFromSystem  windowmode is 1
2023-06-16 11:44:39.431 13955-13955 HandWritingStubImpl     com.zhanghuang                       I  isKeyboardTypeChanged: false
2023-06-16 11:44:39.434 13955-13955 HandWritingStubImpl     com.zhanghuang                       I  isKeyboardTypeChanged: false
2023-06-16 11:44:39.442 13955-18608 com.zhanghuang          com.zhanghuang                       I  This is non sticky GC, maxfree is 8388608 minfree is 2097152
2023-06-16 11:44:39.453 13955-13955 crashsdk                com.zhanghuang                       I  Unexp log not enabled, skip update unexp info!
2023-06-16 11:44:39.457 13955-13955 DecorView[]             com.zhanghuang                       D  getWindowModeFromSystem  windowmode is 1
2023-06-16 11:44:39.457 13955-13955 DecorView[]             com.zhanghuang                       D  updateDecorCaptionStatus windowMode is 1
2023-06-16 11:44:39.458 13955-18779 MobclickAgent           com.zhanghuang                       D  延续上一个会话: D08EC55FC8D9BBA564E97244311738E2
2023-06-16 11:44:39.460 13955-18779 SQLiteLog               com.zhanghuang                       W  (28) double-quoted string literal: "D08EC55FC8D9BBA564E97244311738E2"
2023-06-16 11:44:39.460 13955-18779 SQLiteLog               com.zhanghuang                       W  (28) double-quoted string literal: ""
2023-06-16 11:44:39.460 13955-18779 SQLiteLog               com.zhanghuang                       W  (28) double-quoted string literal: "D08EC55FC8D9BBA564E97244311738E2"
2023-06-16 11:44:39.460 13955-18779 SQLiteLog               com.zhanghuang                       W  (28) double-quoted string literal: "-1"
2023-06-16 11:44:39.460 13955-18779 UMLog                   com.zhanghuang                       D  当前发送策略为：启动时发送。详见链接 https://developer.umeng.com/docs/66632/detail/66976?um_channel=sdk
2023-06-16 11:44:39.488 13955-13955 GDT_LOAD_AD_THR         com.zhanghuang                       W  type=1400 audit(0.0:49605): avc: denied { read } for name="module" dev="sysfs" ino=49394 scontext=u:r:untrusted_app_30:s0:c81,c258,c512,c768 tcontext=u:object_r:sysfs:s0 tclass=dir permissive=0 app=com.zhanghuang
2023-06-16 11:44:39.495 13955-19007 TrafficStats            com.zhanghuang                       D  tagSocket(253) with statsTag=0xffffffff, statsUid=-1
2023-06-16 11:44:39.524 13955-18675 Parcel                  com.zhanghuang                       W  Expecting binder but got null!
2023-06-16 11:44:39.524 13955-18779 UMLog                   com.zhanghuang                       I  统计SDK版本号: 9.6.1
2023-06-16 11:44:39.524 13955-18779 UMLog                   com.zhanghuang                       I  ZID SDK版本号: 1.8.0
2023-06-16 11:44:39.526 13955-18779 UMLog                   com.zhanghuang                       I  APM SDK版本号: 1.9.2
2023-06-16 11:44:39.527 13955-18779 MobclickAgent           com.zhanghuang                       I  module init:aszioc
2023-06-16 11:44:39.533 13955-13955 Compatibil...geReporter com.zhanghuang                       D  Compat change id reported: 163400105; UID 10593; state: DISABLED
2023-06-16 11:44:39.546 13955-13955 AssistStructure         com.zhanghuang                       I  Flattened final assist data: 2576 bytes, containing 1 windows, 13 views
2023-06-16 11:44:39.552 13955-18779 com.zhanghuang          com.zhanghuang                       E  Invalid ID 0x00000000.
2023-06-16 11:44:39.572 13955-18983 D105498                 com.zhanghuang                       E  s:57,v:8
2023-06-16 11:44:39.588 13955-18967 TrafficStats            com.zhanghuang                       D  tagSocket(248) with statsTag=0xafbd824b, statsUid=-1
2023-06-16 11:44:39.590 13955-18965 TrafficStats            com.zhanghuang                       D  tagSocket(332) with statsTag=0xafbd824b, statsUid=-1
2023-06-16 11:44:39.592 13955-13955 DecorView[]             com.zhanghuang                       D  onWindowFocusChanged hasWindowFocus true
2023-06-16 11:44:39.592 13955-13955 HandWritingStubImpl     com.zhanghuang                       I  refreshLastKeyboardType: 1
2023-06-16 11:44:39.592 13955-13955 HandWritingStubImpl     com.zhanghuang                       I  getCurrentKeyboardType: 1
2023-06-16 11:44:39.592 13955-18983 Settings                com.zhanghuang                       W  Setting adb_enabled has moved from android.provider.Settings.Secure to android.provider.Settings.Global.
2023-06-16 11:44:39.594 13955-18983 Settings                com.zhanghuang                       W  Setting development_settings_enabled has moved from android.provider.Settings.Secure to android.provider.Settings.Global.
2023-06-16 11:44:39.594 13955-19025 TrafficStats            com.zhanghuang                       D  tagSocket(312) with statsTag=0xffffffff, statsUid=-1
2023-06-16 11:44:39.610 13955-13955 HandWritingStubImpl     com.zhanghuang                       I  isKeyboardTypeChanged: false
2023-06-16 11:44:39.611 13955-13955 HandWritingStubImpl     com.zhanghuang                       I  isKeyboardTypeChanged: false
2023-06-16 11:44:39.634 13955-18966 TrafficStats            com.zhanghuang                       D  tagSocket(340) with statsTag=0xafbd824b, statsUid=-1
2023-06-16 11:44:39.651 13955-18608 com.zhanghuang          com.zhanghuang                       I  This is sticky GC, maxfree is 8388608 minfree is 2097152
2023-06-16 11:44:39.662 13955-19055 IdProviderImpl          com.zhanghuang                       D  getOAID from com.zhanghuang
2023-06-16 11:44:39.665 13955-18983 PowerProfile            com.zhanghuang                       W  screen.on is deprecated! Use screen.on.display0 instead.
2023-06-16 11:44:39.665 13955-18983 PowerProfile            com.zhanghuang                       W  screen.full is deprecated! Use screen.full.display0 instead.
2023-06-16 11:44:39.665 13955-18983 ModemPowerProfile       com.zhanghuang                       W  getAverageBatteryDrainMaH called with unexpected key: 0x0, drain:0,RAT:DEFAULT
2023-06-16 11:44:39.665 13955-18983 ModemPowerProfile       com.zhanghuang                       W  getAverageBatteryDrainMaH called with unexpected key: 0x10000000, drain:IDLE,RAT:DEFAULT
2023-06-16 11:44:39.665 13955-18983 ModemPowerProfile       com.zhanghuang                       W  getAverageBatteryDrainMaH called with unexpected key: 0x20000000, drain:RX,RAT:DEFAULT
2023-06-16 11:44:39.665 13955-18983 ModemPowerProfile       com.zhanghuang                       W  getAverageBatteryDrainMaH called with unexpected key: 0x30000000, drain:TX,level:UNKNOWN(0x0)RAT:DEFAULT
2023-06-16 11:44:39.665 13955-18983 ModemPowerProfile       com.zhanghuang                       W  getAverageBatteryDrainMaH called with unexpected key: 0x31000000, drain:TX,level:UNKNOWN(0x1000000)RAT:DEFAULT
2023-06-16 11:44:39.665 13955-18983 ModemPowerProfile       com.zhanghuang                       W  getAverageBatteryDrainMaH called with unexpected key: 0x32000000, drain:TX,level:UNKNOWN(0x2000000)RAT:DEFAULT
2023-06-16 11:44:39.665 13955-18983 ModemPowerProfile       com.zhanghuang                       W  getAverageBatteryDrainMaH called with unexpected key: 0x33000000, drain:TX,level:UNKNOWN(0x3000000)RAT:DEFAULT
2023-06-16 11:44:39.665 13955-18983 ModemPowerProfile       com.zhanghuang                       W  getAverageBatteryDrainMaH called with unexpected key: 0x34000000, drain:TX,level:UNKNOWN(0x4000000)RAT:DEFAULT
2023-06-16 11:44:39.673 13955-19017 com.zhanghuang          com.zhanghuang                       W  Accessing hidden method Landroid/os/Build;->getString(Ljava/lang/String;)Ljava/lang/String; (unsupported, reflection, allowed)
2023-06-16 11:44:39.684 13955-19017 TrafficStats            com.zhanghuang                       D  tagSocket(147) with statsTag=0xffffffff, statsUid=-1
2023-06-16 11:44:39.692 13955-18779 UMLog                   com.zhanghuang                       D  当前发送策略为：启动时发送。详见链接 https://developer.umeng.com/docs/66632/detail/66976?um_channel=sdk
2023-06-16 11:44:39.692 13955-18780 TrafficStats            com.zhanghuang                       D  tagSocket(309) with statsTag=0xffffffff, statsUid=-1
2023-06-16 11:44:39.698 13955-18779 SQLiteLog               com.zhanghuang                       W  (28) double-quoted string literal: "D08EC55FC8D9BBA564E97244311738E2"
2023-06-16 11:44:39.698 13955-18779 SQLiteLog               com.zhanghuang                       W  (28) double-quoted string literal: ""
2023-06-16 11:44:39.698 13955-18779 SQLiteLog               com.zhanghuang                       W  (28) double-quoted string literal: "D08EC55FC8D9BBA564E97244311738E2"
2023-06-16 11:44:39.698 13955-18779 SQLiteLog               com.zhanghuang                       W  (28) double-quoted string literal: "-1"
2023-06-16 11:44:39.698 13955-18779 UMLog                   com.zhanghuang                       D  当前发送策略为：启动时发送。详见链接 https://developer.umeng.com/docs/66632/detail/66976?um_channel=sdk
2023-06-16 11:44:39.698 13955-18779 MobclickAgent           com.zhanghuang                       D  数据发送策略 : ReportAtLaunch
2023-06-16 11:44:39.698 13955-18779 UMLog                   com.zhanghuang                       D  当前发送策略为：启动时发送。详见链接 https://developer.umeng.com/docs/66632/detail/66976?um_channel=sdk
2023-06-16 11:44:39.724 13955-19060 TrafficStats            com.zhanghuang                       D  tagSocket(307) with statsTag=0xffffffff, statsUid=-1
2023-06-16 11:44:39.739 13955-18608 com.zhanghuang          com.zhanghuang                       I  This is non sticky GC, maxfree is 8388608 minfree is 2097152
2023-06-16 11:44:39.791 13955-18983 libc                    com.zhanghuang                       W  Access denied finding property "ro.runtime.firstboot"
2023-06-16 11:44:39.797 13955-19066 TrafficStats            com.zhanghuang                       D  tagSocket(234) with statsTag=0xffffffff, statsUid=-1
2023-06-16 11:44:39.807 13955-18983 TrafficStats            com.zhanghuang                       D  tagSocket(236) with statsTag=0xffffffff, statsUid=-1
2023-06-16 11:44:39.837 13955-18780 UMCrash                 com.zhanghuang                       I  common callback.  key is umid; value is 3d9a5e688a8260520651132368dd2ec9od
2023-06-16 11:44:39.838 13955-18780 LaunchTrace             com.zhanghuang                       I  begin sendLaunchCache
2023-06-16 11:44:39.838 13955-18780 MobclickAgent           com.zhanghuang                       D  本次启动数据: 发送成功!
2023-06-16 11:44:39.902 13955-13955 MainHeadUint            com.zhanghuang                       I  onADReceive, ECPM: -1, ECPMLevel: , adNetWorkName: , testExtraInfo:-1, request_id:fzcovgihr75pm01
2023-06-16 11:44:39.959 13955-13955 HandWritingStubImpl     com.zhanghuang                       I  isKeyboardTypeChanged: false
2023-06-16 11:44:42.623 13955-13955 DecorView[]             com.zhanghuang                       D  onWindowFocusChanged hasWindowFocus false
2023-06-16 11:44:43.296 13955-18779 SQLiteLog               com.zhanghuang                       W  (28) double-quoted string literal: "
2023-06-16 11:44:43.296 13955-18779 SQLiteLog               com.zhanghuang                       W  (28) double-quoted string literal: "D08EC55FC8D9BBA564E97244311738E2"
2023-06-16 11:44:44.216 13955-18940 efs.config              com.zhanghuang                       D  app=58eb2d094544cb15d2001334&cver=-1&os=android&sd=ZPuKLVlG5Jiaq4B9SEqdFw&sver=-1&tm=1686887084&um_sdk_ver=1.9.2&ver=2.0.8&wl_dd=z0x3hwsB-QQ67xQyr8vaW4_jUr31F2o1I8gJKV9MlLd-Jq8Y3LnXyOG12Du1uhaF&sign=be102f7c704f2954bfddf142ef952876
2023-06-16 11:44:44.216 13955-18940 efs.px.api              com.zhanghuang                       I  get config from server, url is https://errnewlog.umeng.com/apm_cc
2023-06-16 11:44:44.226 13955-18940 TrafficStats            com.zhanghuang                       D  tagSocket(78) with statsTag=0xffffffff, statsUid=-1
2023-06-16 11:44:44.413 13955-18608 com.zhanghuang          com.zhanghuang                       I  This is sticky GC, maxfree is 8388608 minfree is 2097152
2023-06-16 11:44:44.440 13955-18940 efs.config              com.zhanghuang                       I  config request succ, config is:
                                                                                                     {"msg":"成功","code":0,"cip":"127.0.0.1","config":{"common":{"updateInteval":480,"gate_way_https":true},"app_configs":[{"conditions":[{"val":"0.0.0.0","opc":">=","fld":"ver"}],"actions":[{"opt":"apm_mem_state","set":0},{"opt":"apm_oom_state","set":0},{"opt":"apm_native_h5perf_sampling_rate","set":5},{"opt":"apm_memperf_collect_interval","set":5},{"opt":"apm_netperf_sampling_rate","set":5},{"opt":"apm_patrace_switch_rate","set":5},{"opt":"record_accumulation_time","set":60,"lt":"memperf"},{"opt":"apm_memperf_sampling_rate","set":0},{"opt":"apm_crash_user_upload_type","set":1},{"opt":"apm_memperf_collect_max_period_sec","set":600},{"opt":"apm_net_state","set":0},{"opt":"apm_startperf_sampling_rate","set":5},{"opt":"apm_crash_user_max_count","set":20},{"opt":"apm_oom_sampling_rate","set":5},{"opt":"apm_native_h5_state","set":0}]}]},"stm":1686887084,"cver":1651209273}
2023-06-16 11:44:44.440 13955-18940 efs.config              com.zhanghuang                       I  from server. efs config is {"msg":"成功","code":0,"cip":"127.0.0.1","config":{"common":{"updateInteval":480,"gate_way_https":true},"app_configs":[{"conditions":[{"val":"0.0.0.0","opc":">=","fld":"ver"}],"actions":[{"opt":"apm_mem_state","set":0},{"opt":"apm_oom_state","set":0},{"opt":"apm_native_h5perf_sampling_rate","set":5},{"opt":"apm_memperf_collect_interval","set":5},{"opt":"apm_netperf_sampling_rate","set":5},{"opt":"apm_patrace_switch_rate","set":5},{"opt":"record_accumulation_time","set":60,"lt":"memperf"},{"opt":"apm_memperf_sampling_rate","set":0},{"opt":"apm_crash_user_upload_type","set":1},{"opt":"apm_memperf_collect_max_period_sec","set":600},{"opt":"apm_net_state","set":0},{"opt":"apm_startperf_sampling_rate","set":5},{"opt":"apm_crash_user_max_count","set":20},{"opt":"apm_oom_sampling_rate","set":5},{"opt":"apm_native_h5_state","set":0}]}]},"stm":1686887084,"cver":1651209273}
2023-06-16 11:44:44.443 13955-18940 efs.config              com.zhanghuang                       I  current config version (-1) is older than another (1651209273)
2023-06-16 11:44:44.444 13955-13955 efs.config              com.zhanghuang                       I  --->>> configCallback key is apm_startperf_sampling_rate ## value is 5
2023-06-16 11:44:44.449 13955-13955 efs.config              com.zhanghuang                       I  --->>> configCallback key is apm_patrace_switch_rate ## value is 5
2023-06-16 11:44:44.449 13955-13955 efs.config              com.zhanghuang                       I  --->>> configCallback key is apm_net_state ## value is 0
2023-06-16 11:44:44.449 13955-13955 efs.config              com.zhanghuang                       I  --->>> configCallback key is apm_native_h5_state ## value is 0
2023-06-16 11:44:44.449 13955-13955 efs.config              com.zhanghuang                       I  --->>> configCallback key is apm_crash_user_max_count ## value is 20
2023-06-16 11:44:44.450 13955-13955 efs.config              com.zhanghuang                       I  --->>> configCallback key is apm_crash_user_upload_type ## value is 1
2023-06-16 11:44:44.450 13955-13955 efs.config              com.zhanghuang                       I  callback netRate is 0
2023-06-16 11:44:44.451 13955-13955 efs.config              com.zhanghuang                       I  callback nativeH5Rate is 0
2023-06-16 11:44:44.453 13955-13955 efs.config              com.zhanghuang                       I  callback crashMaxUserCount is 20
2023-06-16 11:44:44.454 13955-13955 efs.config              com.zhanghuang                       I  callback uploadType is 1
2023-06-16 11:44:44.455 13955-13955 efs.config              com.zhanghuang                       I  --->>> configCallback key is apm_memperf_sampling_rate ## value is 0
2023-06-16 11:44:44.456 13955-13955 efs.config              com.zhanghuang                       I  --->>> configCallback key is apm_memperf_collect_interval ## value is 5
2023-06-16 11:44:44.456 13955-13955 efs.config              com.zhanghuang                       I  --->>> configCallback key is apm_memperf_collect_max_period_sec ## value is 600
2023-06-16 11:44:44.506 13955-18779 IdProviderImpl          com.zhanghuang                       D  getOAID from com.zhanghuang
2023-06-16 11:44:44.546 13955-19146 TrafficStats            com.zhanghuang                       D  tagSocket(193) with statsTag=0xffffffff, statsUid=-1
2023-06-16 11:44:44.575 13955-18780 TrafficStats            com.zhanghuang                       D  tagSocket(211) with statsTag=0xffffffff, statsUid=-1
2023-06-16 11:44:45.025 13955-18608 com.zhanghuang          com.zhanghuang                       I  This is non sticky GC, maxfree is 8388608 minfree is 2097152
2023-06-16 11:44:45.127 13955-18674 com.zhanghuang          com.zhanghuang                       I  This is non sticky GC, maxfree is 8388608 minfree is 2097152
2023-06-16 11:44:45.127 13955-18674 com.zhanghuang          com.zhanghuang                       I  Explicit concurrent copying GC freed 33614(1692KB) AllocSpace objects, 2(104KB) LOS objects, 24% free, 8095KB/10MB, paused 207us,86us total 71.756ms
2023-06-16 11:44:45.854 13955-19151 BpBinder                com.zhanghuang                       W  PerfMonitor binderTransact :  time=785ms interface=com.tencent.soter.soterserver.ISoterService code=1
2023-06-16 11:44:45.982 13955-18608 com.zhanghuang          com.zhanghuang                       I  This is sticky GC, maxfree is 8388608 minfree is 2097152
2023-06-16 11:44:46.021 13955-19154 Settings                com.zhanghuang                       W  Setting adb_enabled has moved from android.provider.Settings.Secure to android.provider.Settings.Global.
2023-06-16 11:44:46.021 13955-19154 Settings                com.zhanghuang                       W  Setting development_settings_enabled has moved from android.provider.Settings.Secure to android.provider.Settings.Global.
2023-06-16 11:44:46.024 13955-13955 TuringRiskThrea         com.zhanghuang                       W  type=1400 audit(0.0:49752): avc: denied { read } for name="tcp" dev="proc" ino=4026532037 scontext=u:r:untrusted_app_30:s0:c81,c258,c512,c768 tcontext=u:object_r:proc_net_tcp_udp:s0 tclass=file permissive=0 app=com.zhanghuang
2023-06-16 11:44:46.024 13955-13955 TuringRiskThrea         com.zhanghuang                       W  type=1400 audit(0.0:49753): avc: denied { read } for name="tcp6" dev="proc" ino=4026532098 scontext=u:r:untrusted_app_30:s0:c81,c258,c512,c768 tcontext=u:object_r:proc_net_tcp_udp:s0 tclass=file permissive=0 app=com.zhanghuang
2023-06-16 11:44:46.072 13955-19154 com.zhanghuang          com.zhanghuang                       W  Accessing hidden field Landroid/app/ApplicationPackageManager;->mPM:Landroid/content/pm/IPackageManager; (unsupported, reflection, allowed)
2023-06-16 11:44:46.076 13955-13955 TuringRiskThrea         com.zhanghuang                       W  type=1400 audit(0.0:49754): avc: denied { read } for name="bootstrap" dev="dm-9" ino=19168643 scontext=u:r:untrusted_app_30:s0:c81,c258,c512,c768 tcontext=u:object_r:system_bootstrap_lib_file:s0 tclass=dir permissive=0 app=com.zhanghuang
2023-06-16 11:44:46.076 13955-13955 TuringRiskThrea         com.zhanghuang                       W  type=1400 audit(0.0:49755): avc: denied { read } for name="bootstrap" dev="dm-9" ino=16587490 scontext=u:r:untrusted_app_30:s0:c81,c258,c512,c768 tcontext=u:object_r:system_bootstrap_lib_file:s0 tclass=dir permissive=0 app=com.zhanghuang
2023-06-16 11:44:46.080 13955-13955 TuringRiskThrea         com.zhanghuang                       W  type=1400 audit(0.0:49756): avc: denied { read } for name="version" dev="proc" ino=4026532016 scontext=u:r:untrusted_app_30:s0:c81,c258,c512,c768 tcontext=u:object_r:proc_version:s0 tclass=file permissive=0 app=com.zhanghuang
2023-06-16 11:44:46.084 13955-13955 TuringRiskThrea         com.zhanghuang                       W  type=1400 audit(0.0:49757): avc: denied { read } for name="u:object_r:firstboot_prop:s0" dev="tmpfs" ino=212 scontext=u:r:untrusted_app_30:s0:c81,c258,c512,c768 tcontext=u:object_r:firstboot_prop:s0 tclass=file permissive=0 app=com.zhanghuang
2023-06-16 11:44:46.086 13955-19154 libc                    com.zhanghuang                       W  Access denied finding property "ro.runtime.firstboot"
2023-06-16 11:44:46.104 13955-19154 com.zhanghuang          com.zhanghuang                       W  Accessing hidden method Landroid/view/Display;->getOwnerUid()I (max-target-o, JNI, denied)
2023-06-16 11:44:46.124 13955-19154 TrafficStats            com.zhanghuang                       D  tagSocket(218) with statsTag=0xffffffff, statsUid=-1
2023-06-16 11:44:46.133 13955-18608 com.zhanghuang          com.zhanghuang                       I  This is non sticky GC, maxfree is 8388608 minfree is 2097152
2023-06-16 11:44:48.399 13955-18608 com.zhanghuang          com.zhanghuang                       I  This is non sticky GC, maxfree is 8388608 minfree is 2097152
2023-06-16 11:44:54.232 13955-18936 crashsdk                com.zhanghuang                       I  crashsdk uploading logs
