2023-06-22 20:05:39.972  6859-6859  com.zhanghuang          com.zhanghuang                       I    at void com.android.internal.os.RuntimeInit$MethodAndArgsCaller.run() (RuntimeInit.java:493)
2023-06-22 20:05:39.972  6859-6859  com.zhanghuang          com.zhanghuang                       I    at void com.android.internal.os.ZygoteInit.main(java.lang.String[]) (ZygoteInit.java:860)
2023-06-22 20:05:39.972  6859-6859  com.zhanghuang          com.zhanghuang                       I  
2023-06-22 20:05:39.972  6859-6859  com.zhanghuang          com.zhanghuang                       I  Rejecting re-init on previously-failed class java.lang.Class<net.sqlcipher.database.SQLiteDatabase>: java.lang.NoClassDefFoundError: Failed resolution of: Landroidx/sqlite/db/SupportSQLiteDatabase;
2023-06-22 20:05:39.972  6859-6859  com.zhanghuang          com.zhanghuang                       I    at void com.zhanghuang.db.DaoManager.<init>() (DaoManager.java:20)
2023-06-22 20:05:39.972  6859-6859  com.zhanghuang          com.zhanghuang                       I    at com.zhanghuang.db.DaoManager com.zhanghuang.db.DaoManager.getInstance() (DaoManager.java:27)
2023-06-22 20:05:39.972  6859-6859  com.zhanghuang          com.zhanghuang                       I    at void com.zhanghuang.MainApplication.onCreate() (MainApplication.java:65)
2023-06-22 20:05:39.972  6859-6859  com.zhanghuang          com.zhanghuang                       I    at void android.app.Instrumentation.callApplicationOnCreate(android.app.Application) (Instrumentation.java:1154)
2023-06-22 20:05:39.972  6859-6859  com.zhanghuang          com.zhanghuang                       I    at void android.app.ActivityThread.handleBindApplication(android.app.ActivityThread$AppBindData) (ActivityThread.java:6021)
2023-06-22 20:05:39.972  6859-6859  com.zhanghuang          com.zhanghuang                       I    at void android.app.ActivityThread.access$1100(android.app.ActivityThread, android.app.ActivityThread$AppBindData) (ActivityThread.java:207)
2023-06-22 20:05:39.972  6859-6859  com.zhanghuang          com.zhanghuang                       I    at void android.app.ActivityThread$H.handleMessage(android.os.Message) (ActivityThread.java:1663)
2023-06-22 20:05:39.972  6859-6859  com.zhanghuang          com.zhanghuang                       I    at void android.os.Handler.dispatchMessage(android.os.Message) (Handler.java:106)
2023-06-22 20:05:39.972  6859-6859  com.zhanghuang          com.zhanghuang                       I    at void android.os.Looper.loop() (Looper.java:193)
2023-06-22 20:05:39.972  6859-6859  com.zhanghuang          com.zhanghuang                       I    at void android.app.ActivityThread.main(java.lang.String[]) (ActivityThread.java:6825)
2023-06-22 20:05:39.972  6859-6859  com.zhanghuang          com.zhanghuang                       I    at java.lang.Object java.lang.reflect.Method.invoke(java.lang.Object, java.lang.Object[]) (Method.java:-2)
2023-06-22 20:05:39.972  6859-6859  com.zhanghuang          com.zhanghuang                       I    at void com.android.internal.os.RuntimeInit$MethodAndArgsCaller.run() (RuntimeInit.java:493)
2023-06-22 20:05:39.972  6859-6859  com.zhanghuang          com.zhanghuang                       I    at void com.android.internal.os.ZygoteInit.main(java.lang.String[]) (ZygoteInit.java:860)
2023-06-22 20:05:39.972  6859-6859  com.zhanghuang          com.zhanghuang                       I  Caused by: java.lang.ClassNotFoundException: Didn't find class "androidx.sqlite.db.SupportSQLiteDatabase" on path: DexPathList[[zip file "/system/framework/org.apache.http.legacy.boot.jar", zip file "/data/app/com.zhanghuang-_QidOwWHqPQTIuwapinJAA==/base.apk"],nativeLibraryDirectories=[/data/app/com.zhanghuang-_QidOwWHqPQTIuwapinJAA==/lib/x86_64, /data/app/com.zhanghuang-_QidOwWHqPQTIuwapinJAA==/base.apk!/lib/x86_64, /system/lib64, /system/vendor/lib64]]
2023-06-22 20:05:39.972  6859-6859  com.zhanghuang          com.zhanghuang                       I    at java.lang.Class dalvik.system.BaseDexClassLoader.findClass(java.lang.String) (BaseDexClassLoader.java:134)
2023-06-22 20:05:39.972  6859-6859  com.zhanghuang          com.zhanghuang                       I    at java.lang.Class java.lang.ClassLoader.loadClass(java.lang.String, boolean) (ClassLoader.java:379)
2023-06-22 20:05:39.972  6859-6859  com.zhanghuang          com.zhanghuang                       I    at java.lang.Class java.lang.ClassLoader.loadClass(java.lang.String) (ClassLoader.java:312)
2023-06-22 20:05:39.972  6859-6859  com.zhanghuang          com.zhanghuang                       I    at void com.zhanghuang.db.DaoManager.<init>() (DaoManager.java:20)
2023-06-22 20:05:39.972  6859-6859  com.zhanghuang          com.zhanghuang                       I    at com.zhanghuang.db.DaoManager com.zhanghuang.db.DaoManager.getInstance() (DaoManager.java:27)
2023-06-22 20:05:39.972  6859-6859  com.zhanghuang          com.zhanghuang                       I    at void com.zhanghuang.MainApplication.onCreate() (MainApplication.java:65)
2023-06-22 20:05:39.972  6859-6859  com.zhanghuang          com.zhanghuang                       I    at void android.app.Instrumentation.callApplicationOnCreate(android.app.Application) (Instrumentation.java:1154)
2023-06-22 20:05:39.972  6859-6859  com.zhanghuang          com.zhanghuang                       I    at void android.app.ActivityThread.handleBindApplication(android.app.ActivityThread$AppBindData) (ActivityThread.java:6021)
2023-06-22 20:05:39.972  6859-6859  com.zhanghuang          com.zhanghuang                       I    at void android.app.ActivityThread.access$1100(android.app.ActivityThread, android.app.ActivityThread$AppBindData) (ActivityThread.java:207)
2023-06-22 20:05:39.972  6859-6859  com.zhanghuang          com.zhanghuang                       I    at void android.app.ActivityThread$H.handleMessage(android.os.Message) (ActivityThread.java:1663)
2023-06-22 20:05:39.972  6859-6859  com.zhanghuang          com.zhanghuang                       I    at void android.os.Handler.dispatchMessage(android.os.Message) (Handler.java:106)
2023-06-22 20:05:39.972  6859-6859  com.zhanghuang          com.zhanghuang                       I    at void android.os.Looper.loop() (Looper.java:193)
2023-06-22 20:05:39.972  6859-6859  com.zhanghuang          com.zhanghuang                       I    at void android.app.ActivityThread.main(java.lang.String[]) (ActivityThread.java:6825)
2023-06-22 20:05:39.972  6859-6859  com.zhanghuang          com.zhanghuang                       I    at java.lang.Object java.lang.reflect.Method.invoke(java.lang.Object, java.lang.Object[]) (Method.java:-2)
2023-06-22 20:05:39.972  6859-6859  com.zhanghuang          com.zhanghuang                       I    at void com.android.internal.os.RuntimeInit$MethodAndArgsCaller.run() (RuntimeInit.java:493)
2023-06-22 20:05:39.972  6859-6859  com.zhanghuang          com.zhanghuang                       I    at void com.android.internal.os.ZygoteInit.main(java.lang.String[]) (ZygoteInit.java:860)
2023-06-22 20:05:39.972  6859-6859  com.zhanghuang          com.zhanghuang                       I  
2023-06-22 20:05:39.972  6859-6859  com.zhanghuang          com.zhanghuang                       I  Rejecting re-init on previously-failed class java.lang.Class<net.sqlcipher.database.SQLiteDatabase>: java.lang.NoClassDefFoundError: Failed resolution of: Landroidx/sqlite/db/SupportSQLiteDatabase;
2023-06-22 20:05:39.972  6859-6859  com.zhanghuang          com.zhanghuang                       I    at void com.zhanghuang.db.DaoManager.<init>() (DaoManager.java:20)
2023-06-22 20:05:39.972  6859-6859  com.zhanghuang          com.zhanghuang                       I    at com.zhanghuang.db.DaoManager com.zhanghuang.db.DaoManager.getInstance() (DaoManager.java:27)
2023-06-22 20:05:39.972  6859-6859  com.zhanghuang          com.zhanghuang                       I    at void com.zhanghuang.MainApplication.onCreate() (MainApplication.java:65)
2023-06-22 20:05:39.972  6859-6859  com.zhanghuang          com.zhanghuang                       I    at void android.app.Instrumentation.callApplicationOnCreate(android.app.Application) (Instrumentation.java:1154)
2023-06-22 20:05:39.972  6859-6859  com.zhanghuang          com.zhanghuang                       I    at void android.app.ActivityThread.handleBindApplication(android.app.ActivityThread$AppBindData) (ActivityThread.java:6021)
2023-06-22 20:05:39.972  6859-6859  com.zhanghuang          com.zhanghuang                       I    at void android.app.ActivityThread.access$1100(android.app.ActivityThread, android.app.ActivityThread$AppBindData) (ActivityThread.java:207)
2023-06-22 20:05:39.972  6859-6859  com.zhanghuang          com.zhanghuang                       I    at void android.app.ActivityThread$H.handleMessage(android.os.Message) (ActivityThread.java:1663)
2023-06-22 20:05:39.972  6859-6859  com.zhanghuang          com.zhanghuang                       I    at void android.os.Handler.dispatchMessage(android.os.Message) (Handler.java:106)
2023-06-22 20:05:39.972  6859-6859  com.zhanghuang          com.zhanghuang                       I    at void android.os.Looper.loop() (Looper.java:193)
2023-06-22 20:05:39.972  6859-6859  com.zhanghuang          com.zhanghuang                       I    at void android.app.ActivityThread.main(java.lang.String[]) (ActivityThread.java:6825)
2023-06-22 20:05:39.972  6859-6859  com.zhanghuang          com.zhanghuang                       I    at java.lang.Object java.lang.reflect.Method.invoke(java.lang.Object, java.lang.Object[]) (Method.java:-2)
2023-06-22 20:05:39.972  6859-6859  com.zhanghuang          com.zhanghuang                       I    at void com.android.internal.os.RuntimeInit$MethodAndArgsCaller.run() (RuntimeInit.java:493)
2023-06-22 20:05:39.972  6859-6859  com.zhanghuang          com.zhanghuang                       I    at void com.android.internal.os.ZygoteInit.main(java.lang.String[]) (ZygoteInit.java:860)
2023-06-22 20:05:39.972  6859-6859  com.zhanghuang          com.zhanghuang                       I  Caused by: java.lang.ClassNotFoundException: Didn't find class "androidx.sqlite.db.SupportSQLiteDatabase" on path: DexPathList[[zip file "/system/framework/org.apache.http.legacy.boot.jar", zip file "/data/app/com.zhanghuang-_QidOwWHqPQTIuwapinJAA==/base.apk"],nativeLibraryDirectories=[/data/app/com.zhanghuang-_QidOwWHqPQTIuwapinJAA==/lib/x86_64, /data/app/com.zhanghuang-_QidOwWHqPQTIuwapinJAA==/base.apk!/lib/x86_64, /system/lib64, /system/vendor/lib64]]
2023-06-22 20:05:39.972  6859-6859  com.zhanghuang          com.zhanghuang                       I    at java.lang.Class dalvik.system.BaseDexClassLoader.findClass(java.lang.String) (BaseDexClassLoader.java:134)
2023-06-22 20:05:39.972  6859-6859  com.zhanghuang          com.zhanghuang                       I    at java.lang.Class java.lang.ClassLoader.loadClass(java.lang.String, boolean) (ClassLoader.java:379)
2023-06-22 20:05:39.972  6859-6859  com.zhanghuang          com.zhanghuang                       I    at java.lang.Class java.lang.ClassLoader.loadClass(java.lang.String) (ClassLoader.java:312)
2023-06-22 20:05:39.972  6859-6859  com.zhanghuang          com.zhanghuang                       I    at void com.zhanghuang.db.DaoManager.<init>() (DaoManager.java:20)
2023-06-22 20:05:39.972  6859-6859  com.zhanghuang          com.zhanghuang                       I    at com.zhanghuang.db.DaoManager com.zhanghuang.db.DaoManager.getInstance() (DaoManager.java:27)
2023-06-22 20:05:39.972  6859-6859  com.zhanghuang          com.zhanghuang                       I    at void com.zhanghuang.MainApplication.onCreate() (MainApplication.java:65)
2023-06-22 20:05:39.972  6859-6859  com.zhanghuang          com.zhanghuang                       I    at void android.app.Instrumentation.callApplicationOnCreate(android.app.Application) (Instrumentation.java:1154)
2023-06-22 20:05:39.972  6859-6859  com.zhanghuang          com.zhanghuang                       I    at void android.app.ActivityThread.handleBindApplication(android.app.ActivityThread$AppBindData) (ActivityThread.java:6021)
2023-06-22 20:05:39.972  6859-6859  com.zhanghuang          com.zhanghuang                       I    at void android.app.ActivityThread.access$1100(android.app.ActivityThread, android.app.ActivityThread$AppBindData) (ActivityThread.java:207)
2023-06-22 20:05:39.972  6859-6859  com.zhanghuang          com.zhanghuang                       I    at void android.app.ActivityThread$H.handleMessage(android.os.Message) (ActivityThread.java:1663)
2023-06-22 20:05:39.972  6859-6859  com.zhanghuang          com.zhanghuang                       I    at void android.os.Handler.dispatchMessage(android.os.Message) (Handler.java:106)
2023-06-22 20:05:39.972  6859-6859  com.zhanghuang          com.zhanghuang                       I    at void android.os.Looper.loop() (Looper.java:193)
2023-06-22 20:05:39.972  6859-6859  com.zhanghuang          com.zhanghuang                       I    at void android.app.ActivityThread.main(java.lang.String[]) (ActivityThread.java:6825)
2023-06-22 20:05:39.972  6859-6859  com.zhanghuang          com.zhanghuang                       I    at java.lang.Object java.lang.reflect.Method.invoke(java.lang.Object, java.lang.Object[]) (Method.java:-2)
2023-06-22 20:05:39.972  6859-6859  com.zhanghuang          com.zhanghuang                       I    at void com.android.internal.os.RuntimeInit$MethodAndArgsCaller.run() (RuntimeInit.java:493)
2023-06-22 20:05:39.972  6859-6859  com.zhanghuang          com.zhanghuang                       I    at void com.android.internal.os.ZygoteInit.main(java.lang.String[]) (ZygoteInit.java:860)
2023-06-22 20:05:39.972  6859-6859  com.zhanghuang          com.zhanghuang                       I  
2023-06-22 20:05:39.972  6859-6859  com.zhanghuang          com.zhanghuang                       I  Rejecting re-init on previously-failed class java.lang.Class<net.sqlcipher.database.SQLiteDatabase>: java.lang.NoClassDefFoundError: Failed resolution of: Landroidx/sqlite/db/SupportSQLiteDatabase;
2023-06-22 20:05:39.972  6859-6859  com.zhanghuang          com.zhanghuang                       I    at void com.zhanghuang.db.DaoManager.<init>() (DaoManager.java:20)
2023-06-22 20:05:39.972  6859-6859  com.zhanghuang          com.zhanghuang                       I    at com.zhanghuang.db.DaoManager com.zhanghuang.db.DaoManager.getInstance() (DaoManager.java:27)
2023-06-22 20:05:39.972  6859-6859  com.zhanghuang          com.zhanghuang                       I    at void com.zhanghuang.MainApplication.onCreate() (MainApplication.java:65)
2023-06-22 20:05:39.972  6859-6859  com.zhanghuang          com.zhanghuang                       I    at void android.app.Instrumentation.callApplicationOnCreate(android.app.Application) (Instrumentation.java:1154)
2023-06-22 20:05:39.972  6859-6859  com.zhanghuang          com.zhanghuang                       I    at void android.app.ActivityThread.handleBindApplication(android.app.ActivityThread$AppBindData) (ActivityThread.java:6021)
2023-06-22 20:05:39.972  6859-6859  com.zhanghuang          com.zhanghuang                       I    at void android.app.ActivityThread.access$1100(android.app.ActivityThread, android.app.ActivityThread$AppBindData) (ActivityThread.java:207)
2023-06-22 20:05:39.972  6859-6859  com.zhanghuang          com.zhanghuang                       I    at void android.app.ActivityThread$H.handleMessage(android.os.Message) (ActivityThread.java:1663)
2023-06-22 20:05:39.972  6859-6859  com.zhanghuang          com.zhanghuang                       I    at void android.os.Handler.dispatchMessage(android.os.Message) (Handler.java:106)
2023-06-22 20:05:39.972  6859-6859  com.zhanghuang          com.zhanghuang                       I    at void android.os.Looper.loop() (Looper.java:193)
2023-06-22 20:05:39.972  6859-6859  com.zhanghuang          com.zhanghuang                       I    at void android.app.ActivityThread.main(java.lang.String[]) (ActivityThread.java:6825)
2023-06-22 20:05:39.972  6859-6859  com.zhanghuang          com.zhanghuang                       I    at java.lang.Object java.lang.reflect.Method.invoke(java.lang.Object, java.lang.Object[]) (Method.java:-2)
2023-06-22 20:05:39.972  6859-6859  com.zhanghuang          com.zhanghuang                       I    at void com.android.internal.os.RuntimeInit$MethodAndArgsCaller.run() (RuntimeInit.java:493)
2023-06-22 20:05:39.972  6859-6859  com.zhanghuang          com.zhanghuang                       I    at void com.android.internal.os.ZygoteInit.main(java.lang.String[]) (ZygoteInit.java:860)
2023-06-22 20:05:39.972  6859-6859  com.zhanghuang          com.zhanghuang                       I  Caused by: java.lang.ClassNotFoundException: Didn't find class "androidx.sqlite.db.SupportSQLiteDatabase" on path: DexPathList[[zip file "/system/framework/org.apache.http.legacy.boot.jar", zip file "/data/app/com.zhanghuang-_QidOwWHqPQTIuwapinJAA==/base.apk"],nativeLibraryDirectories=[/data/app/com.zhanghuang-_QidOwWHqPQTIuwapinJAA==/lib/x86_64, /data/app/com.zhanghuang-_QidOwWHqPQTIuwapinJAA==/base.apk!/lib/x86_64, /system/lib64, /system/vendor/lib64]]
2023-06-22 20:05:39.972  6859-6859  com.zhanghuang          com.zhanghuang                       I    at java.lang.Class dalvik.system.BaseDexClassLoader.findClass(java.lang.String) (BaseDexClassLoader.java:134)
2023-06-22 20:05:39.972  6859-6859  com.zhanghuang          com.zhanghuang                       I    at java.lang.Class java.lang.ClassLoader.loadClass(java.lang.String, boolean) (ClassLoader.java:379)
2023-06-22 20:05:39.972  6859-6859  com.zhanghuang          com.zhanghuang                       I    at java.lang.Class java.lang.ClassLoader.loadClass(java.lang.String) (ClassLoader.java:312)
2023-06-22 20:05:39.972  6859-6859  com.zhanghuang          com.zhanghuang                       I    at void com.zhanghuang.db.DaoManager.<init>() (DaoManager.java:20)
2023-06-22 20:05:39.972  6859-6859  com.zhanghuang          com.zhanghuang                       I    at com.zhanghuang.db.DaoManager com.zhanghuang.db.DaoManager.getInstance() (DaoManager.java:27)
2023-06-22 20:05:39.972  6859-6859  com.zhanghuang          com.zhanghuang                       I    at void com.zhanghuang.MainApplication.onCreate() (MainApplication.java:65)
2023-06-22 20:05:39.972  6859-6859  com.zhanghuang          com.zhanghuang                       I    at void android.app.Instrumentation.callApplicationOnCreate(android.app.Application) (Instrumentation.java:1154)
2023-06-22 20:05:39.972  6859-6859  com.zhanghuang          com.zhanghuang                       I    at void android.app.ActivityThread.handleBindApplication(android.app.ActivityThread$AppBindData) (ActivityThread.java:6021)
2023-06-22 20:05:39.972  6859-6859  com.zhanghuang          com.zhanghuang                       I    at void android.app.ActivityThread.access$1100(android.app.ActivityThread, android.app.ActivityThread$AppBindData) (ActivityThread.java:207)
2023-06-22 20:05:39.972  6859-6859  com.zhanghuang          com.zhanghuang                       I    at void android.app.ActivityThread$H.handleMessage(android.os.Message) (ActivityThread.java:1663)
2023-06-22 20:05:39.972  6859-6859  com.zhanghuang          com.zhanghuang                       I    at void android.os.Handler.dispatchMessage(android.os.Message) (Handler.java:106)
2023-06-22 20:05:39.972  6859-6859  com.zhanghuang          com.zhanghuang                       I    at void android.os.Looper.loop() (Looper.java:193)
2023-06-22 20:05:39.972  6859-6859  com.zhanghuang          com.zhanghuang                       I    at void android.app.ActivityThread.main(java.lang.String[]) (ActivityThread.java:6825)
2023-06-22 20:05:39.972  6859-6859  com.zhanghuang          com.zhanghuang                       I    at java.lang.Object java.lang.reflect.Method.invoke(java.lang.Object, java.lang.Object[]) (Method.java:-2)
2023-06-22 20:05:39.972  6859-6859  com.zhanghuang          com.zhanghuang                       I    at void com.android.internal.os.RuntimeInit$MethodAndArgsCaller.run() (RuntimeInit.java:493)
2023-06-22 20:05:39.972  6859-6859  com.zhanghuang          com.zhanghuang                       I    at void com.android.internal.os.ZygoteInit.main(java.lang.String[]) (ZygoteInit.java:860)
2023-06-22 20:05:39.972  6859-6859  com.zhanghuang          com.zhanghuang                       I  
2023-06-22 20:05:39.972  6859-6859  com.zhanghuang          com.zhanghuang                       I  Rejecting re-init on previously-failed class java.lang.Class<net.sqlcipher.database.SQLiteDatabase>: java.lang.NoClassDefFoundError: Failed resolution of: Landroidx/sqlite/db/SupportSQLiteDatabase;
2023-06-22 20:05:39.972  6859-6859  com.zhanghuang          com.zhanghuang                       I    at void com.zhanghuang.db.DaoManager.<init>() (DaoManager.java:20)
2023-06-22 20:05:39.972  6859-6859  com.zhanghuang          com.zhanghuang                       I    at com.zhanghuang.db.DaoManager com.zhanghuang.db.DaoManager.getInstance() (DaoManager.java:27)
2023-06-22 20:05:39.972  6859-6859  com.zhanghuang          com.zhanghuang                       I    at void com.zhanghuang.MainApplication.onCreate() (MainApplication.java:65)
2023-06-22 20:05:39.972  6859-6859  com.zhanghuang          com.zhanghuang                       I    at void android.app.Instrumentation.callApplicationOnCreate(android.app.Application) (Instrumentation.java:1154)
2023-06-22 20:05:39.972  6859-6859  com.zhanghuang          com.zhanghuang                       I    at void android.app.ActivityThread.handleBindApplication(android.app.ActivityThread$AppBindData) (ActivityThread.java:6021)
2023-06-22 20:05:39.972  6859-6859  com.zhanghuang          com.zhanghuang                       I    at void android.app.ActivityThread.access$1100(android.app.ActivityThread, android.app.ActivityThread$AppBindData) (ActivityThread.java:207)
2023-06-22 20:05:39.972  6859-6859  com.zhanghuang          com.zhanghuang                       I    at void android.app.ActivityThread$H.handleMessage(android.os.Message) (ActivityThread.java:1663)
2023-06-22 20:05:39.972  6859-6859  com.zhanghuang          com.zhanghuang                       I    at void android.os.Handler.dispatchMessage(android.os.Message) (Handler.java:106)
2023-06-22 20:05:39.972  6859-6859  com.zhanghuang          com.zhanghuang                       I    at void android.os.Looper.loop() (Looper.java:193)
2023-06-22 20:05:39.972  6859-6859  com.zhanghuang          com.zhanghuang                       I    at void android.app.ActivityThread.main(java.lang.String[]) (ActivityThread.java:6825)
2023-06-22 20:05:39.972  6859-6859  com.zhanghuang          com.zhanghuang                       I    at java.lang.Object java.lang.reflect.Method.invoke(java.lang.Object, java.lang.Object[]) (Method.java:-2)
2023-06-22 20:05:39.972  6859-6859  com.zhanghuang          com.zhanghuang                       I    at void com.android.internal.os.RuntimeInit$MethodAndArgsCaller.run() (RuntimeInit.java:493)
2023-06-22 20:05:39.972  6859-6859  com.zhanghuang          com.zhanghuang                       I    at void com.android.internal.os.ZygoteInit.main(java.lang.String[]) (ZygoteInit.java:860)
2023-06-22 20:05:39.972  6859-6859  com.zhanghuang          com.zhanghuang                       I  Caused by: java.lang.ClassNotFoundException: Didn't find class "androidx.sqlite.db.SupportSQLiteDatabase" on path: DexPathList[[zip file "/system/framework/org.apache.http.legacy.boot.jar", zip file "/data/app/com.zhanghuang-_QidOwWHqPQTIuwapinJAA==/base.apk"],nativeLibraryDirectories=[/data/app/com.zhanghuang-_QidOwWHqPQTIuwapinJAA==/lib/x86_64, /data/app/com.zhanghuang-_QidOwWHqPQTIuwapinJAA==/base.apk!/lib/x86_64, /system/lib64, /system/vendor/lib64]]
2023-06-22 20:05:39.972  6859-6859  com.zhanghuang          com.zhanghuang                       I    at java.lang.Class dalvik.system.BaseDexClassLoader.findClass(java.lang.String) (BaseDexClassLoader.java:134)
2023-06-22 20:05:39.972  6859-6859  com.zhanghuang          com.zhanghuang                       I    at java.lang.Class java.lang.ClassLoader.loadClass(java.lang.String, boolean) (ClassLoader.java:379)
2023-06-22 20:05:39.972  6859-6859  com.zhanghuang          com.zhanghuang                       I    at java.lang.Class java.lang.ClassLoader.loadClass(java.lang.String) (ClassLoader.java:312)
2023-06-22 20:05:39.972  6859-6859  com.zhanghuang          com.zhanghuang                       I    at void com.zhanghuang.db.DaoManager.<init>() (DaoManager.java:20)
2023-06-22 20:05:39.972  6859-6859  com.zhanghuang          com.zhanghuang                       I    at com.zhanghuang.db.DaoManager com.zhanghuang.db.DaoManager.getInstance() (DaoManager.java:27)
2023-06-22 20:05:39.972  6859-6859  com.zhanghuang          com.zhanghuang                       I    at void com.zhanghuang.MainApplication.onCreate() (MainApplication.java:65)
2023-06-22 20:05:39.972  6859-6859  com.zhanghuang          com.zhanghuang                       I    at void android.app.Instrumentation.callApplicationOnCreate(android.app.Application) (Instrumentation.java:1154)
2023-06-22 20:05:39.972  6859-6859  com.zhanghuang          com.zhanghuang                       I    at void android.app.ActivityThread.handleBindApplication(android.app.ActivityThread$AppBindData) (ActivityThread.java:6021)
2023-06-22 20:05:39.972  6859-6859  com.zhanghuang          com.zhanghuang                       I    at void android.app.ActivityThread.access$1100(android.app.ActivityThread, android.app.ActivityThread$AppBindData) (ActivityThread.java:207)
2023-06-22 20:05:39.972  6859-6859  com.zhanghuang          com.zhanghuang                       I    at void android.app.ActivityThread$H.handleMessage(android.os.Message) (ActivityThread.java:1663)
2023-06-22 20:05:39.972  6859-6859  com.zhanghuang          com.zhanghuang                       I    at void android.os.Handler.dispatchMessage(android.os.Message) (Handler.java:106)
2023-06-22 20:05:39.972  6859-6859  com.zhanghuang          com.zhanghuang                       I    at void android.os.Looper.loop() (Looper.java:193)
2023-06-22 20:05:39.972  6859-6859  com.zhanghuang          com.zhanghuang                       I    at void android.app.ActivityThread.main(java.lang.String[]) (ActivityThread.java:6825)
2023-06-22 20:05:39.972  6859-6859  com.zhanghuang          com.zhanghuang                       I    at java.lang.Object java.lang.reflect.Method.invoke(java.lang.Object, java.lang.Object[]) (Method.java:-2)
2023-06-22 20:05:39.972  6859-6859  com.zhanghuang          com.zhanghuang                       I    at void com.android.internal.os.RuntimeInit$MethodAndArgsCaller.run() (RuntimeInit.java:493)
2023-06-22 20:05:39.972  6859-6859  com.zhanghuang          com.zhanghuang                       I    at void com.android.internal.os.ZygoteInit.main(java.lang.String[]) (ZygoteInit.java:860)
2023-06-22 20:05:39.972  6859-6859  com.zhanghuang          com.zhanghuang                       I  
2023-06-22 20:05:39.997  6859-6859  com.zhanghuang          com.zhanghuang                       W  Accessing hidden method Landroid/content/ContextWrapper;->getDisplay()Landroid/view/Display; (light greylist, linking)
2023-06-22 20:05:40.008  6859-6859  UMConfigure             com.zhanghuang                       I  common version is 9.6.1
2023-06-22 20:05:40.008  6859-6859  UMConfigure             com.zhanghuang                       I  common type is 0
2023-06-22 20:05:40.015  6859-6859  UMConfigure             com.zhanghuang                       I  current appkey is 58eb2d094544cb15d2001334, last appkey is 58eb2d094544cb15d2001334
2023-06-22 20:05:40.016  6859-6859  UMConfigure             com.zhanghuang                       I  channel is Umeng
2023-06-22 20:05:40.033  6859-6859  UMLog                   com.zhanghuang                       D  SDK  http://developer.umeng.com/docs/66650/cate/66650
2023-06-22 20:05:40.034  6859-6859  UMLog                   com.zhanghuang                       I  SDK
2023-06-22 20:05:40.048  6859-6859  priviteSocial           com.zhanghuang                       E  !
2023-06-22 20:05:40.048  6859-6892  UMLog_Social            com.zhanghuang                       E  SDK7.3.2
2023-06-22 20:05:40.050  6859-6859  UMLog                   com.zhanghuang                       I  Share AppKey
2023-06-22 20:05:40.051  6859-6897  UMCrash                 com.zhanghuang                       I  get common. apm ctr flag is 0
2023-06-22 20:05:40.053  6859-6859  UMCrash                 com.zhanghuang                       I  int apm. flag is 0
2023-06-22 20:05:40.053  6859-6859  UMCrash                 com.zhanghuang                       I  int apm. hitWlState is 0
2023-06-22 20:05:40.057  6859-6859  UMCrash                 com.zhanghuang                       I  enable : java is true, native is true, anr is true
2023-06-22 20:05:40.057  6859-6859  UMCrash                 com.zhanghuang                       I  crash rate domain is https://errnewlog.umeng.com
2023-06-22 20:05:40.059  6859-6859  com.zhanghuang          com.zhanghuang                       W  Accessing hidden field Landroid/content/pm/ApplicationInfo;->primaryCpuAbi:Ljava/lang/String; (light greylist, reflection)
2023-06-22 20:05:40.103  6859-6905  crashsdk                com.zhanghuang                       I  version unique build id: e820b8c4
2023-06-22 20:05:40.103  6859-6859  System.err              com.zhanghuang                       W  java.lang.UnsatisfiedLinkError: dalvik.system.PathClassLoader[DexPathList[[zip file "/system/framework/org.apache.http.legacy.boot.jar", zip file "/data/app/com.zhanghuang-_QidOwWHqPQTIuwapinJAA==/base.apk"],nativeLibraryDirectories=[/data/app/com.zhanghuang-_QidOwWHqPQTIuwapinJAA==/lib/x86_64, /data/app/com.zhanghuang-_QidOwWHqPQTIuwapinJAA==/base.apk!/lib/x86_64, /system/lib64, /system/vendor/lib64]]] couldn't find "libcrashsdk.so"
2023-06-22 20:05:40.103  6859-6859  System.err              com.zhanghuang                       W  	at java.lang.Runtime.loadLibrary0(Runtime.java:1028)
2023-06-22 20:05:40.103  6859-6859  System.err              com.zhanghuang                       W  	at java.lang.System.loadLibrary(System.java:1675)
2023-06-22 20:05:40.103  6859-6859  System.err              com.zhanghuang                       W  	at com.uc.crashsdk.e.e(ProGuard:4233)
2023-06-22 20:05:40.103  6859-6859  System.err              com.zhanghuang                       W  	at com.uc.crashsdk.export.CrashApi.createInstanceEx(ProGuard:87)
2023-06-22 20:05:40.103  6859-6859  System.err              com.zhanghuang                       W  	at com.umeng.umcrash.UMCrash.init(UMCrash.java:789)
2023-06-22 20:05:40.103  6859-6859  System.err              com.zhanghuang                       W  	at java.lang.reflect.Method.invoke(Native Method)
2023-06-22 20:05:40.103  6859-6859  System.err              com.zhanghuang                       W  	at com.umeng.commonsdk.UMConfigure.init(UMConfigure.java:763)
2023-06-22 20:05:40.103  6859-6859  System.err              com.zhanghuang                       W  	at com.zhanghuang.UmInitConfig.UMinit(UmInitConfig.java:19)
2023-06-22 20:05:40.103  6859-6859  System.err              com.zhanghuang                       W  	at com.zhanghuang.MainApplication.onCreate(MainApplication.java:86)
2023-06-22 20:05:40.103  6859-6859  System.err              com.zhanghuang                       W  	at android.app.Instrumentation.callApplicationOnCreate(Instrumentation.java:1154)
2023-06-22 20:05:40.103  6859-6859  System.err              com.zhanghuang                       W  	at android.app.ActivityThread.handleBindApplication(ActivityThread.java:6021)
2023-06-22 20:05:40.103  6859-6859  System.err              com.zhanghuang                       W  	at android.app.ActivityThread.access$1100(ActivityThread.java:207)
2023-06-22 20:05:40.103  6859-6859  System.err              com.zhanghuang                       W  	at android.app.ActivityThread$H.handleMessage(ActivityThread.java:1663)
2023-06-22 20:05:40.103  6859-6859  System.err              com.zhanghuang                       W  	at android.os.Handler.dispatchMessage(Handler.java:106)
2023-06-22 20:05:40.103  6859-6859  System.err              com.zhanghuang                       W  	at android.os.Looper.loop(Looper.java:193)
2023-06-22 20:05:40.103  6859-6859  System.err              com.zhanghuang                       W  	at android.app.ActivityThread.main(ActivityThread.java:6825)
2023-06-22 20:05:40.103  6859-6859  System.err              com.zhanghuang                       W  	at java.lang.reflect.Method.invoke(Native Method)
2023-06-22 20:05:40.103  6859-6859  System.err              com.zhanghuang                       W  	at com.android.internal.os.RuntimeInit$MethodAndArgsCaller.run(RuntimeInit.java:493)
2023-06-22 20:05:40.103  6859-6859  System.err              com.zhanghuang                       W  	at com.android.internal.os.ZygoteInit.main(ZygoteInit.java:860)
2023-06-22 20:05:40.103  6859-6859  crashsdk                com.zhanghuang                       E  load libcrashsdk.so failed!
2023-06-22 20:05:40.109  6859-6907  com.zhanghuang          com.zhanghuang                       E  Invalid ID 0x00000000.
2023-06-22 20:05:40.110  6859-6907  com.zhanghuang          com.zhanghuang                       E  Invalid ID 0x00000000.
2023-06-22 20:05:40.112  6859-6908  ballack                 com.zhanghuang                       E  initGlobalInfo called once.
2023-06-22 20:05:40.115  6859-6907  WpkPaConfig             com.zhanghuang                       D  un repeat check in 24 hour!
2023-06-22 20:05:40.115  6859-6859  UMCrash                 com.zhanghuang                       I  inner config : net rate is 0
2023-06-22 20:05:40.115  6859-6859  UMCrash                 com.zhanghuang                       I  inner config : net close.
2023-06-22 20:05:40.116  6859-6859  UMCrash                 com.zhanghuang                       I  inner config : nativeH5Rate is 0
2023-06-22 20:05:40.116  6859-6859  UMCrash                 com.zhanghuang                       I  inner config : h5 close.
2023-06-22 20:05:40.116  6859-6859  UMCrash                 com.zhanghuang                       I  inner config : page rate is -1
2023-06-22 20:05:40.116  6859-6859  UMCrash                 com.zhanghuang                       I  inner config : power rate is -1
2023-06-22 20:05:40.116  6859-6859  UMLog                   com.zhanghuang                       I  APM SDK
2023-06-22 20:05:40.116  6859-6907  Matrix.AnrTracer        com.zhanghuang                       I  anrTrace, final mAnrBeatTime:400, mAnrBeatRate:400
2023-06-22 20:05:40.123  6859-6908  efs.send_log            com.zhanghuang                       W  tryFileLock start! 
2023-06-22 20:05:40.124  6859-6909  LaunchConfigManager     com.zhanghuang                       D  un repeat check in 24 hour!
2023-06-22 20:05:40.126  6859-6915  efs.send_log            com.zhanghuang                       W  tryFileLock sendlock sucess! processname: com.zhanghuang
2023-06-22 20:05:40.128  6859-6908  efs.config              com.zhanghuang                       I  delete old config is false
2023-06-22 20:05:40.128  6859-6909  LaunchTrace             com.zhanghuang                       I  begin sendLaunchCache
2023-06-22 20:05:40.131  6859-6912  System.err              com.zhanghuang                       W  android.content.pm.PackageManager$NameNotFoundException: com.heytap.openid
2023-06-22 20:05:40.133  6859-6912  System.err              com.zhanghuang                       W  	at android.app.ApplicationPackageManager.getPackageInfoAsUser(ApplicationPackageManager.java:181)
2023-06-22 20:05:40.133  6859-6912  System.err              com.zhanghuang                       W  	at android.app.ApplicationPackageManager.getPackageInfo(ApplicationPackageManager.java:152)
2023-06-22 20:05:40.133  6859-6912  System.err              com.zhanghuang                       W  	at org.repackage.a.a.a.a.c.a(OpenIDHelper.java:1)
2023-06-22 20:05:40.135  6859-6912  System.err              com.zhanghuang                       W  	at org.repackage.com.heytap.openid.sdk.OpenIDSDK.a(OpenIDSDK.java:2)
2023-06-22 20:05:40.135  6859-6912  System.err              com.zhanghuang                       W  	at com.umeng.analytics.pro.bb.a(OppoDeviceIdSupplier.java:26)
2023-06-22 20:05:40.135  6859-6912  System.err              com.zhanghuang                       W  	at com.umeng.analytics.pro.au.a(OpenDeviceId.java:31)
2023-06-22 20:05:40.135  6859-6912  System.err              com.zhanghuang                       W  	at com.umeng.commonsdk.internal.c$2.run(UMInternalDataProtocol.java:297)
2023-06-22 20:05:40.135  6859-6912  System.err              com.zhanghuang                       W  	at java.lang.Thread.run(Thread.java:764)
2023-06-22 20:05:40.135  6859-6912  UMLog                   com.zhanghuang                       I  OAID
2023-06-22 20:05:40.136  6859-6913  UMLog                   com.zhanghuang                       I  OAID
2023-06-22 20:05:40.136  6859-6908  efs.config              com.zhanghuang                       I  current config version (-1) is older than another (1651209273)
2023-06-22 20:05:40.137  6859-6908  efs.config              com.zhanghuang                       I  load config from storage and notify observer
2023-06-22 20:05:40.158  6859-6859  TAG                     com.zhanghuang                       I  NSplash
2023-06-22 20:05:40.166  6859-6923  System.err              com.zhanghuang                       W  java.lang.UnsatisfiedLinkError: dalvik.system.PathClassLoader[DexPathList[[zip file "/system/framework/org.apache.http.legacy.boot.jar", zip file "/data/app/com.zhanghuang-_QidOwWHqPQTIuwapinJAA==/base.apk"],nativeLibraryDirectories=[/data/app/com.zhanghuang-_QidOwWHqPQTIuwapinJAA==/lib/x86_64, /data/app/com.zhanghuang-_QidOwWHqPQTIuwapinJAA==/base.apk!/lib/x86_64, /system/lib64, /system/vendor/lib64]]] couldn't find "libumeng-spy.so"
2023-06-22 20:05:40.168  6859-6923  System.err              com.zhanghuang                       W  	at java.lang.Runtime.loadLibrary0(Runtime.java:1028)
2023-06-22 20:05:40.168  6859-6923  System.err              com.zhanghuang                       W  	at java.lang.System.loadLibrary(System.java:1675)
2023-06-22 20:05:40.168  6859-6923  System.err              com.zhanghuang                       W  	at com.umeng.umzid.Spy.<clinit>(Unknown Source:3)
2023-06-22 20:05:40.168  6859-6923  System.err              com.zhanghuang                       W  	at com.umeng.umzid.Spy.getID(Unknown Source:0)
2023-06-22 20:05:40.168  6859-6923  System.err              com.zhanghuang                       W  	at com.umeng.umzid.ZIDManager.b(:4)
2023-06-22 20:05:40.168  6859-6923  System.err              com.zhanghuang                       W  	at com.umeng.umzid.ZIDManager$b.run(:1)
2023-06-22 20:05:40.168  6859-6923  System.err              com.zhanghuang                       W  	at java.util.concurrent.Executors$RunnableAdapter.call(Executors.java:458)
2023-06-22 20:05:40.168  6859-6923  System.err              com.zhanghuang                       W  	at java.util.concurrent.FutureTask.run(FutureTask.java:266)
2023-06-22 20:05:40.168  6859-6923  System.err              com.zhanghuang                       W  	at java.util.concurrent.ScheduledThreadPoolExecutor$ScheduledFutureTask.run(ScheduledThreadPoolExecutor.java:301)
2023-06-22 20:05:40.169  6859-6923  System.err              com.zhanghuang                       W  	at java.util.concurrent.ThreadPoolExecutor.runWorker(ThreadPoolExecutor.java:1167)
2023-06-22 20:05:40.169  6859-6923  System.err              com.zhanghuang                       W  	at java.util.concurrent.ThreadPoolExecutor$Worker.run(ThreadPoolExecutor.java:641)
2023-06-22 20:05:40.169  6859-6923  System.err              com.zhanghuang                       W  	at java.lang.Thread.run(Thread.java:764)
2023-06-22 20:05:40.176  6859-6923  com.zhanghuang          com.zhanghuang                       W  Accessing hidden method Landroid/os/Build;->getString(Ljava/lang/String;)Ljava/lang/String; (light greylist, reflection)
2023-06-22 20:05:40.178  6859-6920  com.zhanghuang          com.zhanghuang                       I  The ClassLoaderContext is a special shared library.
2023-06-22 20:05:40.185  6859-6923  NetworkSecurityConfig   com.zhanghuang                       D  Using Network Security Config from resource network_security_config debugBuild: true
2023-06-22 20:05:40.201  6859-6859  com.zhanghuang          com.zhanghuang                       W  Accessing hidden method Landroid/view/View;->computeFitSystemWindows(Landroid/graphics/Rect;Landroid/graphics/Rect;)Z (light greylist, reflection)
2023-06-22 20:05:40.201  6859-6859  com.zhanghuang          com.zhanghuang                       W  Accessing hidden method Landroid/view/ViewGroup;->makeOptionalFitsSystemWindows()V (light greylist, reflection)
2023-06-22 20:05:40.207  6859-6922  com.zhanghuang          com.zhanghuang                       W  Accessing hidden method Landroid/app/ActivityThread;->currentActivityThread()Landroid/app/ActivityThread; (light greylist, reflection)
2023-06-22 20:05:40.207  6859-6922  com.zhanghuang          com.zhanghuang                       W  Accessing hidden method Landroid/app/ActivityThread;->getApplication()Landroid/app/Application; (light greylist, reflection)
2023-06-22 20:05:40.207  6859-6922  com.zhanghuang          com.zhanghuang                       W  Accessing hidden field Ldalvik/system/BaseDexClassLoader;->pathList:Ldalvik/system/DexPathList; (light greylist, reflection)
2023-06-22 20:05:40.207  6859-6922  com.zhanghuang          com.zhanghuang                       W  Accessing hidden field Ldalvik/system/DexPathList;->dexElements:[Ldalvik/system/DexPathList$Element; (light greylist, reflection)
2023-06-22 20:05:40.218  6859-6893  UMLog                   com.zhanghuang                       I  
2023-06-22 20:05:40.223  6859-6922  com.zhanghuang          com.zhanghuang                       W  Accessing hidden method Ljava/lang/Runtime;->nativeLoad(Ljava/lang/String;Ljava/lang/ClassLoader;)Ljava/lang/String; (light greylist, reflection)
2023-06-22 20:05:40.230  6859-6922  nativebridge            com.zhanghuang                       W  call NativeBridgeIsSupported but don't call PreInitializeNativeBridge, libpath=/data/data/com.zhanghuang/app_e_qq_com_plugin_c4a3cb97806cecae65646808b7755026/libyaqpro.bcd860b4.so
2023-06-22 20:05:40.232  6859-6922  nativebridge            com.zhanghuang                       W  Failed to bind-mount /system/lib64/arm64/cpuinfo as /proc/cpuinfo: Operation not permitted
2023-06-22 20:05:40.235  6859-6922  libnb                   com.zhanghuang                       V  enter native_bridge2_initialize /data/user/0/com.zhanghuang/code_cache arm64
2023-06-22 20:05:40.242  6859-6922  houdini                 com.zhanghuang                       D  [6922] Initialize library(version: 9.0.7a_z.38597 RELEASE)... successfully.
2023-06-22 20:05:40.242  6859-6922  nativebridge            com.zhanghuang                       W  No JNIEnv* to set up app environment.
2023-06-22 20:05:40.242  6859-6922  nativebridge            com.zhanghuang                       I  LdInitNativeBridgeDelay native-bridge delay initialize successful!
2023-06-22 20:05:40.242  6859-6922  libnb                   com.zhanghuang                       V  enter native_bridge2_isCompatibleWith 4
2023-06-22 20:05:40.242  6859-6922  libnb                   com.zhanghuang                       V  enter native_bridge2_isCompatibleWith 3
2023-06-22 20:05:40.242  6859-6922  libnb                   com.zhanghuang                       V  enter native_bridge3_loadLibraryExt /data/data/com.zhanghuang/app_e_qq_com_plugin_c4a3cb97806cecae65646808b7755026/libyaqpro.bcd860b4.so, 2, 0x0
2023-06-22 20:05:40.244  6859-6922  ziparchive              com.zhanghuang                       E  Zip: lseek on fd -2 failed: Bad file descriptor
2023-06-22 20:05:40.285  6859-6859  TAG                     com.zhanghuang                       I   isLogin:  true
2023-06-22 20:05:40.291  6859-6859  System.err              com.zhanghuang                       W  java.lang.Exception: Toast callstack! strTip=APP
2023-06-22 20:05:40.291  6859-6859  System.err              com.zhanghuang                       W  	at android.widget.Toast.show(Toast.java:143)
2023-06-22 20:05:40.291  6859-6859  System.err              com.zhanghuang                       W  	at com.zhanghuang.NSplashActivity.showPermissionExplanationDialog(NSplashActivity.java:250)
2023-06-22 20:05:40.291  6859-6859  System.err              com.zhanghuang                       W  	at com.zhanghuang.NSplashActivity.checkAndRequestPermission(NSplashActivity.java:235)
2023-06-22 20:05:40.291  6859-6859  System.err              com.zhanghuang                       W  	at com.zhanghuang.NSplashActivity.onCreate(NSplashActivity.java:140)
2023-06-22 20:05:40.291  6859-6859  System.err              com.zhanghuang                       W  	at android.app.Activity.performCreate(Activity.java:7144)
2023-06-22 20:05:40.291  6859-6859  System.err              com.zhanghuang                       W  	at android.app.Activity.performCreate(Activity.java:7135)
2023-06-22 20:05:40.291  6859-6859  System.err              com.zhanghuang                       W  	at android.app.Instrumentation.callActivityOnCreate(Instrumentation.java:1271)
2023-06-22 20:05:40.291  6859-6859  System.err              com.zhanghuang                       W  	at android.app.ActivityThread.performLaunchActivity(ActivityThread.java:2938)
2023-06-22 20:05:40.291  6859-6859  System.err              com.zhanghuang                       W  	at android.app.ActivityThread.handleLaunchActivity(ActivityThread.java:3093)
2023-06-22 20:05:40.291  6859-6859  System.err              com.zhanghuang                       W  	at android.app.servertransaction.LaunchActivityItem.execute(LaunchActivityItem.java:78)
2023-06-22 20:05:40.291  6859-6859  System.err              com.zhanghuang                       W  	at android.app.servertransaction.TransactionExecutor.executeCallbacks(TransactionExecutor.java:108)
2023-06-22 20:05:40.291  6859-6859  System.err              com.zhanghuang                       W  	at android.app.servertransaction.TransactionExecutor.execute(TransactionExecutor.java:68)
2023-06-22 20:05:40.291  6859-6859  System.err              com.zhanghuang                       W  	at android.app.ActivityThread$H.handleMessage(ActivityThread.java:1823)
2023-06-22 20:05:40.291  6859-6859  System.err              com.zhanghuang                       W  	at android.os.Handler.dispatchMessage(Handler.java:106)
2023-06-22 20:05:40.291  6859-6859  System.err              com.zhanghuang                       W  	at android.os.Looper.loop(Looper.java:193)
2023-06-22 20:05:40.291  6859-6859  System.err              com.zhanghuang                       W  	at android.app.ActivityThread.main(ActivityThread.java:6825)
2023-06-22 20:05:40.291  6859-6859  System.err              com.zhanghuang                       W  	at java.lang.reflect.Method.invoke(Native Method)
2023-06-22 20:05:40.291  6859-6859  System.err              com.zhanghuang                       W  	at com.android.internal.os.RuntimeInit$MethodAndArgsCaller.run(RuntimeInit.java:493)
2023-06-22 20:05:40.291  6859-6859  System.err              com.zhanghuang                       W  	at com.android.internal.os.ZygoteInit.main(ZygoteInit.java:860)
2023-06-22 20:05:40.315  6859-6859  crashsdk                com.zhanghuang                       I  Unexp log not enabled, skip update unexp info!
2023-06-22 20:05:40.319  6859-6859  OpenGLRenderer          com.zhanghuang                       D  Skia GL Pipeline
2023-06-22 20:05:40.350  6859-6859  com.zhanghuang          com.zhanghuang                       W  Accessing hidden field Landroid/app/Application;->mLoadedApk:Landroid/app/LoadedApk; (light greylist, reflection)
2023-06-22 20:05:40.350  6859-6922  libnb                   com.zhanghuang                       V  native_bridge3_loadLibraryExt: 0x7fff57e90ac0
2023-06-22 20:05:40.350  6859-6859  com.zhanghuang          com.zhanghuang                       W  Accessing hidden field Landroid/app/LoadedApk;->mActivityThread:Landroid/app/ActivityThread; (light greylist, reflection)
2023-06-22 20:05:40.351  6859-6859  com.zhanghuang          com.zhanghuang                       W  Accessing hidden field Landroid/app/ActivityThread;->mActivities:Landroid/util/ArrayMap; (light greylist, reflection)
2023-06-22 20:05:40.351  6859-6859  com.zhanghuang          com.zhanghuang                       W  Accessing hidden field Landroid/app/ActivityThread$ActivityClientRecord;->activity:Landroid/app/Activity; (light greylist, reflection)
2023-06-22 20:05:40.351  6859-6922  libnb                   com.zhanghuang                       V  enter native_bridge2_getTrampoline JNI_OnLoad, trampoline_addr 0x7fff72aee000
2023-06-22 20:05:40.351  6859-6859  com.zhanghuang          com.zhanghuang                       W  Accessing hidden field Landroid/app/ActivityThread$ActivityClientRecord;->paused:Z (light greylist, reflection)
2023-06-22 20:05:40.351  6859-6859  com.zhanghuang          com.zhanghuang                       W  Accessing hidden field Landroid/app/ActivityThread$ActivityClientRecord;->stopped:Z (light greylist, reflection)
2023-06-22 20:05:40.351  6859-6859  crashsdk                com.zhanghuang                       I  Unexp log not enabled, skip update unexp info!
2023-06-22 20:05:40.351  6859-6859  efs.config              com.zhanghuang                       I  --->>> configCallback key is apm_patrace_switch_rate ## value is 5
