2023-06-24 16:07:31.677 17730-17730 System.err              com.zhanghuang                       W  	at com.umeng.analytics.pro.p.uncaughtException(CrashHandler.java:37)
2023-06-24 16:07:31.677 17730-17730 System.err              com.zhanghuang                       W  	at com.uc.crashsdk.e.a(ProGuard:4008)
2023-06-24 16:07:31.677 17730-17730 System.err              com.zhanghuang                       W  	at com.uc.crashsdk.e.uncaughtException(ProGuard:3822)
2023-06-24 16:07:31.677 17730-17730 System.err              com.zhanghuang                       W  	at com.qq.e.comm.plugin.util.w$b.uncaughtException(A:3)
2023-06-24 16:07:31.677 17730-17730 System.err              com.zhanghuang                       W  	at java.lang.ThreadGroup.uncaughtException(ThreadGroup.java:1068)
2023-06-24 16:07:31.677 17730-17730 System.err              com.zhanghuang                       W  	at java.lang.ThreadGroup.uncaughtException(ThreadGroup.java:1063)
2023-06-24 16:07:31.677 17730-17730 System.err              com.zhanghuang                       W  	at java.lang.Thread.dispatchUncaughtException(Thread.java:1955)
2023-06-24 16:07:31.677 17730-17730 Process                 com.zhanghuang                       I  Sending signal. PID: 17730 SIG: 9
---------------------------- PROCESS ENDED (17730) for package com.zhanghuang ----------------------------
---------------------------- PROCESS STARTED (18394) for package com.zhanghuang ----------------------------
2023-06-24 16:07:31.839 18394-18394 com.zhanghuang          com.zhanghuang                       I  The ClassLoaderContext is a special shared library.
2023-06-24 16:07:32.157 18394-18394 com.zhanghuang          com.zhanghuang                       W  Accessing hidden method Landroid/content/ContextWrapper;->getDisplay()Landroid/view/Display; (light greylist, linking)
2023-06-24 16:07:32.169 18394-18394 UMConfigure             com.zhanghuang                       I  common version is 9.6.1
2023-06-24 16:07:32.169 18394-18394 UMConfigure             com.zhanghuang                       I  common type is 0
2023-06-24 16:07:32.177 18394-18394 UMConfigure             com.zhanghuang                       I  current appkey is 58eb2d094544cb15d2001334, last appkey is 58eb2d094544cb15d2001334
2023-06-24 16:07:32.177 18394-18394 UMConfigure             com.zhanghuang                       I  channel is Umeng
2023-06-24 16:07:32.192 18394-18394 UMLog                   com.zhanghuang                       D  统计SDK常见问题索引贴 详见链接 http://developer.umeng.com/docs/66650/cate/66650
2023-06-24 16:07:32.192 18394-18394 UMLog                   com.zhanghuang                       I  统计SDK初始化成功
2023-06-24 16:07:32.209 18394-18394 priviteSocial           com.zhanghuang                       E  欢迎使用友盟社会化分享业务!
2023-06-24 16:07:32.209 18394-18427 UMLog_Social            com.zhanghuang                       E  您使用的SDK版本为：7.3.2
2023-06-24 16:07:32.212 18394-18394 UMLog                   com.zhanghuang                       I  Share AppKey设置成功
2023-06-24 16:07:32.213 18394-18432 UMCrash                 com.zhanghuang                       I  get common. apm ctr flag is 0
2023-06-24 16:07:32.215 18394-18394 UMCrash                 com.zhanghuang                       I  int apm. flag is 0
2023-06-24 16:07:32.215 18394-18394 UMCrash                 com.zhanghuang                       I  int apm. hitWlState is 0
2023-06-24 16:07:32.219 18394-18394 UMCrash                 com.zhanghuang                       I  enable : java is true, native is true, anr is true
2023-06-24 16:07:32.219 18394-18394 UMCrash                 com.zhanghuang                       I  crash rate domain is https://errnewlog.umeng.com
2023-06-24 16:07:32.221 18394-18394 com.zhanghuang          com.zhanghuang                       W  Accessing hidden field Landroid/content/pm/ApplicationInfo;->primaryCpuAbi:Ljava/lang/String; (light greylist, reflection)
2023-06-24 16:07:32.255 18394-18440 crashsdk                com.zhanghuang                       I  version unique build id: 42c03024
2023-06-24 16:07:32.256 18394-18394 System.err              com.zhanghuang                       W  java.lang.UnsatisfiedLinkError: dalvik.system.PathClassLoader[DexPathList[[zip file "/system/framework/org.apache.http.legacy.boot.jar", zip file "/data/app/com.zhanghuang-n6o11VcDW1vHj6ma1vxCXw==/base.apk"],nativeLibraryDirectories=[/data/app/com.zhanghuang-n6o11VcDW1vHj6ma1vxCXw==/lib/x86_64, /data/app/com.zhanghuang-n6o11VcDW1vHj6ma1vxCXw==/base.apk!/lib/x86_64, /system/lib64, /system/vendor/lib64]]] couldn't find "libcrashsdk.so"
2023-06-24 16:07:32.256 18394-18394 System.err              com.zhanghuang                       W  	at java.lang.Runtime.loadLibrary0(Runtime.java:1028)
2023-06-24 16:07:32.256 18394-18394 System.err              com.zhanghuang                       W  	at java.lang.System.loadLibrary(System.java:1675)
2023-06-24 16:07:32.256 18394-18394 System.err              com.zhanghuang                       W  	at com.uc.crashsdk.e.e(ProGuard:4233)
2023-06-24 16:07:32.256 18394-18394 System.err              com.zhanghuang                       W  	at com.uc.crashsdk.export.CrashApi.createInstanceEx(ProGuard:87)
2023-06-24 16:07:32.256 18394-18394 System.err              com.zhanghuang                       W  	at com.umeng.umcrash.UMCrash.init(UMCrash.java:789)
2023-06-24 16:07:32.256 18394-18394 System.err              com.zhanghuang                       W  	at java.lang.reflect.Method.invoke(Native Method)
2023-06-24 16:07:32.256 18394-18394 System.err              com.zhanghuang                       W  	at com.umeng.commonsdk.UMConfigure.init(UMConfigure.java:763)
2023-06-24 16:07:32.256 18394-18394 System.err              com.zhanghuang                       W  	at com.zhanghuang.UmInitConfig.UMinit(UmInitConfig.java:19)
2023-06-24 16:07:32.256 18394-18394 System.err              com.zhanghuang                       W  	at com.zhanghuang.MainApplication.onCreate(MainApplication.java:93)
2023-06-24 16:07:32.256 18394-18394 System.err              com.zhanghuang                       W  	at android.app.Instrumentation.callApplicationOnCreate(Instrumentation.java:1154)
2023-06-24 16:07:32.256 18394-18394 System.err              com.zhanghuang                       W  	at android.app.ActivityThread.handleBindApplication(ActivityThread.java:6021)
2023-06-24 16:07:32.256 18394-18394 System.err              com.zhanghuang                       W  	at android.app.ActivityThread.access$1100(ActivityThread.java:207)
2023-06-24 16:07:32.256 18394-18394 System.err              com.zhanghuang                       W  	at android.app.ActivityThread$H.handleMessage(ActivityThread.java:1663)
2023-06-24 16:07:32.256 18394-18394 System.err              com.zhanghuang                       W  	at android.os.Handler.dispatchMessage(Handler.java:106)
2023-06-24 16:07:32.256 18394-18394 System.err              com.zhanghuang                       W  	at android.os.Looper.loop(Looper.java:193)
2023-06-24 16:07:32.256 18394-18394 System.err              com.zhanghuang                       W  	at android.app.ActivityThread.main(ActivityThread.java:6825)
2023-06-24 16:07:32.256 18394-18394 System.err              com.zhanghuang                       W  	at java.lang.reflect.Method.invoke(Native Method)
2023-06-24 16:07:32.256 18394-18394 System.err              com.zhanghuang                       W  	at com.android.internal.os.RuntimeInit$MethodAndArgsCaller.run(RuntimeInit.java:493)
2023-06-24 16:07:32.256 18394-18394 System.err              com.zhanghuang                       W  	at com.android.internal.os.ZygoteInit.main(ZygoteInit.java:860)
2023-06-24 16:07:32.256 18394-18394 crashsdk                com.zhanghuang                       E  load libcrashsdk.so failed!
2023-06-24 16:07:32.261 18394-18442 com.zhanghuang          com.zhanghuang                       E  Invalid ID 0x00000000.
2023-06-24 16:07:32.262 18394-18442 com.zhanghuang          com.zhanghuang                       E  Invalid ID 0x00000000.
2023-06-24 16:07:32.263 18394-18443 ballack                 com.zhanghuang                       E  initGlobalInfo called once.
2023-06-24 16:07:32.266 18394-18394 UMCrash                 com.zhanghuang                       I  inner config : net rate is 0
2023-06-24 16:07:32.266 18394-18394 UMCrash                 com.zhanghuang                       I  inner config : net close.
2023-06-24 16:07:32.266 18394-18394 UMCrash                 com.zhanghuang                       I  inner config : nativeH5Rate is 0
2023-06-24 16:07:32.266 18394-18394 UMCrash                 com.zhanghuang                       I  inner config : h5 close.
2023-06-24 16:07:32.266 18394-18394 UMCrash                 com.zhanghuang                       I  inner config : page rate is -1
2023-06-24 16:07:32.266 18394-18394 UMCrash                 com.zhanghuang                       I  inner config : power rate is -1
2023-06-24 16:07:32.266 18394-18394 UMLog                   com.zhanghuang                       I  APM SDK初始化成功
2023-06-24 16:07:32.266 18394-18432 WpkPaConfig             com.zhanghuang                       D   check in allready
2023-06-24 16:07:32.267 18394-18432 Matrix.AnrTracer        com.zhanghuang                       I  anrTrace, final mAnrBeatTime:400, mAnrBeatRate:400
2023-06-24 16:07:32.285 18394-18448 System.err              com.zhanghuang                       W  android.content.pm.PackageManager$NameNotFoundException: com.heytap.openid
2023-06-24 16:07:32.286 18394-18444 LaunchConfigManager     com.zhanghuang                       D  un repeat check in 24 hour!
2023-06-24 16:07:32.288 18394-18443 efs.send_log            com.zhanghuang                       W  tryFileLock start! 
2023-06-24 16:07:32.288 18394-18444 LaunchTrace             com.zhanghuang                       I  begin sendLaunchCache
2023-06-24 16:07:32.290 18394-18448 System.err              com.zhanghuang                       W  	at android.app.ApplicationPackageManager.getPackageInfoAsUser(ApplicationPackageManager.java:181)
2023-06-24 16:07:32.290 18394-18448 System.err              com.zhanghuang                       W  	at android.app.ApplicationPackageManager.getPackageInfo(ApplicationPackageManager.java:152)
2023-06-24 16:07:32.290 18394-18448 System.err              com.zhanghuang                       W  	at org.repackage.a.a.a.a.c.a(OpenIDHelper.java:1)
2023-06-24 16:07:32.290 18394-18448 System.err              com.zhanghuang                       W  	at org.repackage.com.heytap.openid.sdk.OpenIDSDK.a(OpenIDSDK.java:2)
2023-06-24 16:07:32.290 18394-18448 System.err              com.zhanghuang                       W  	at com.umeng.analytics.pro.bb.a(OppoDeviceIdSupplier.java:26)
2023-06-24 16:07:32.290 18394-18448 System.err              com.zhanghuang                       W  	at com.umeng.analytics.pro.au.a(OpenDeviceId.java:31)
2023-06-24 16:07:32.290 18394-18448 System.err              com.zhanghuang                       W  	at com.umeng.commonsdk.internal.c$2.run(UMInternalDataProtocol.java:297)
2023-06-24 16:07:32.290 18394-18448 System.err              com.zhanghuang                       W  	at java.lang.Thread.run(Thread.java:764)
2023-06-24 16:07:32.290 18394-18448 UMLog                   com.zhanghuang                       I  当前设备不支持获取OAID
2023-06-24 16:07:32.290 18394-18447 UMLog                   com.zhanghuang                       I  当前设备不支持获取OAID
2023-06-24 16:07:32.298 18394-18443 efs.config              com.zhanghuang                       I  delete old config is false
2023-06-24 16:07:32.303 18394-18455 efs.send_log            com.zhanghuang                       W  tryFileLock sendlock sucess! processname: com.zhanghuang
2023-06-24 16:07:32.311 18394-18458 System.err              com.zhanghuang                       W  java.lang.UnsatisfiedLinkError: dalvik.system.PathClassLoader[DexPathList[[zip file "/system/framework/org.apache.http.legacy.boot.jar", zip file "/data/app/com.zhanghuang-n6o11VcDW1vHj6ma1vxCXw==/base.apk"],nativeLibraryDirectories=[/data/app/com.zhanghuang-n6o11VcDW1vHj6ma1vxCXw==/lib/x86_64, /data/app/com.zhanghuang-n6o11VcDW1vHj6ma1vxCXw==/base.apk!/lib/x86_64, /system/lib64, /system/vendor/lib64]]] couldn't find "libumeng-spy.so"
2023-06-24 16:07:32.311 18394-18458 System.err              com.zhanghuang                       W  	at java.lang.Runtime.loadLibrary0(Runtime.java:1028)
2023-06-24 16:07:32.311 18394-18458 System.err              com.zhanghuang                       W  	at java.lang.System.loadLibrary(System.java:1675)
2023-06-24 16:07:32.311 18394-18458 System.err              com.zhanghuang                       W  	at com.umeng.umzid.Spy.<clinit>(Unknown Source:3)
2023-06-24 16:07:32.311 18394-18458 System.err              com.zhanghuang                       W  	at com.umeng.umzid.Spy.getID(Unknown Source:0)
2023-06-24 16:07:32.311 18394-18458 System.err              com.zhanghuang                       W  	at com.umeng.umzid.ZIDManager.b(:4)
2023-06-24 16:07:32.311 18394-18458 System.err              com.zhanghuang                       W  	at com.umeng.umzid.ZIDManager$b.run(:1)
2023-06-24 16:07:32.311 18394-18458 System.err              com.zhanghuang                       W  	at java.util.concurrent.Executors$RunnableAdapter.call(Executors.java:458)
2023-06-24 16:07:32.311 18394-18458 System.err              com.zhanghuang                       W  	at java.util.concurrent.FutureTask.run(FutureTask.java:266)
2023-06-24 16:07:32.311 18394-18458 System.err              com.zhanghuang                       W  	at java.util.concurrent.ScheduledThreadPoolExecutor$ScheduledFutureTask.run(ScheduledThreadPoolExecutor.java:301)
2023-06-24 16:07:32.311 18394-18458 System.err              com.zhanghuang                       W  	at java.util.concurrent.ThreadPoolExecutor.runWorker(ThreadPoolExecutor.java:1167)
2023-06-24 16:07:32.311 18394-18458 System.err              com.zhanghuang                       W  	at java.util.concurrent.ThreadPoolExecutor$Worker.run(ThreadPoolExecutor.java:641)
2023-06-24 16:07:32.311 18394-18458 System.err              com.zhanghuang                       W  	at java.lang.Thread.run(Thread.java:764)
2023-06-24 16:07:32.314 18394-18458 com.zhanghuang          com.zhanghuang                       W  Accessing hidden method Landroid/os/Build;->getString(Ljava/lang/String;)Ljava/lang/String; (light greylist, reflection)
2023-06-24 16:07:32.326 18394-18443 efs.config              com.zhanghuang                       I  current config version (-1) is older than another (1651209273)
2023-06-24 16:07:32.327 18394-18443 efs.config              com.zhanghuang                       I  load config from storage and notify observer
2023-06-24 16:07:32.361 18394-18458 NetworkSecurityConfig   com.zhanghuang                       D  Using Network Security Config from resource network_security_config debugBuild: true
2023-06-24 16:07:32.376 18394-18428 UMLog                   com.zhanghuang                       I  基础组件库完整性自检通过。
2023-06-24 16:07:32.389 18394-18456 com.zhanghuang          com.zhanghuang                       I  The ClassLoaderContext is a special shared library.
2023-06-24 16:07:32.407 18394-18394 com.zhanghuang          com.zhanghuang                       W  Accessing hidden method Landroid/view/View;->computeFitSystemWindows(Landroid/graphics/Rect;Landroid/graphics/Rect;)Z (light greylist, reflection)
2023-06-24 16:07:32.407 18394-18394 com.zhanghuang          com.zhanghuang                       W  Accessing hidden method Landroid/view/ViewGroup;->makeOptionalFitsSystemWindows()V (light greylist, reflection)
2023-06-24 16:07:32.417 18394-18457 com.zhanghuang          com.zhanghuang                       W  Accessing hidden method Landroid/app/ActivityThread;->currentActivityThread()Landroid/app/ActivityThread; (light greylist, reflection)
2023-06-24 16:07:32.417 18394-18457 com.zhanghuang          com.zhanghuang                       W  Accessing hidden method Landroid/app/ActivityThread;->getApplication()Landroid/app/Application; (light greylist, reflection)
2023-06-24 16:07:32.417 18394-18457 com.zhanghuang          com.zhanghuang                       W  Accessing hidden field Ldalvik/system/BaseDexClassLoader;->pathList:Ldalvik/system/DexPathList; (light greylist, reflection)
2023-06-24 16:07:32.417 18394-18457 com.zhanghuang          com.zhanghuang                       W  Accessing hidden field Ldalvik/system/DexPathList;->dexElements:[Ldalvik/system/DexPathList$Element; (light greylist, reflection)
2023-06-24 16:07:32.426 18394-18457 com.zhanghuang          com.zhanghuang                       W  Accessing hidden method Ljava/lang/Runtime;->nativeLoad(Ljava/lang/String;Ljava/lang/ClassLoader;)Ljava/lang/String; (light greylist, reflection)
2023-06-24 16:07:32.466 18394-18457 nativebridge            com.zhanghuang                       W  call NativeBridgeIsSupported but don't call PreInitializeNativeBridge, libpath=/data/data/com.zhanghuang/app_e_qq_com_plugin_c4a3cb97806cecae65646808b7755026/libyaqpro.bcd860b4.so
2023-06-24 16:07:32.466 18394-18457 nativebridge            com.zhanghuang                       W  Failed to bind-mount /system/lib64/arm64/cpuinfo as /proc/cpuinfo: Operation not permitted
2023-06-24 16:07:32.486 18394-18457 libnb                   com.zhanghuang                       V  enter native_bridge2_initialize /data/user/0/com.zhanghuang/code_cache arm64
2023-06-24 16:07:32.491 18394-18394 MicroMsg.P....WXFactory com.zhanghuang                       D  createWXAPI, appId = wx5846c59e6f1304a9, checkSignature = true
2023-06-24 16:07:32.491 18394-18394 MicroMsg.P....WXFactory com.zhanghuang                       D  createWXAPI, appId = wx5846c59e6f1304a9, checkSignature = true, launchMode = 2
2023-06-24 16:07:32.495 18394-18394 MicroMsg.S...ApiImplV10 com.zhanghuang                       D  <init>, appId = wx5846c59e6f1304a9, checkSignature = true, launchMode = 2
2023-06-24 16:07:32.497 18394-18394 MicroMsg.S...sgImplComm com.zhanghuang                       D  check signature:308202eb30820254a00302010202044d36f7a4300d06092a864886f70d01010505003081b9310b300906035504061302383631123010060355040813094775616e67646f6e673111300f060355040713085368656e7a68656e31353033060355040a132c54656e63656e7420546563686e6f6c6f6779285368656e7a68656e2920436f6d70616e79204c696d69746564313a3038060355040b133154656e63656e74204775616e677a686f7520526573656172636820616e6420446576656c6f706d656e742043656e7465723110300e0603550403130754656e63656e74301e170d3131303131393134333933325a170d3431303131313134333933325a3081b9310b300906035504061302383631123010060355040813094775616e67646f6e673111300f060355040713085368656e7a68656e31353033060355040a132c54656e63656e7420546563686e6f6c6f6779285368656e7a68656e2920436f6d70616e79204c696d69746564313a3038060355040b133154656e63656e74204775616e677a686f7520526573656172636820616e6420446576656c6f706d656e742043656e7465723110300e0603550403130754656e63656e7430819f300d06092a864886f70d010101050003818d0030818902818100c05f34b231b083fb1323670bfbe7bdab40c0c0a6efc87ef2072a1ff0d60cc67c8edb0d0847f210bea6cbfaa241be70c86daf56be08b723c859e52428a064555d80db448cdcacc1aea2501eba06f8bad12a4fa49d85cacd7abeb68945a5cb5e061629b52e3254c373550ee4e40cb7c8ae6f7a8151ccd8df582d446f39ae0c5e930203010001300d06092a864886f70d0101050500038181009c8d9d7f2f908c42081b4c764c377109a8b2c70582422125ce545842d5f520aea69550b6bd8bfd94e987b75a3077eb04ad341f481aac266e89d3864456e69fba13df018acdc168b9a19dfd7ad9d9cc6f6ace57c746515f71234df3a053e33ba93ece5cd0fc15f3e389a3f365588a9fcb439e069d3629cd7732a13fff7b891499
2023-06-24 16:07:32.498 18394-18394 MicroMsg.S...sgImplComm com.zhanghuang                       D  pass
2023-06-24 16:07:32.498 18394-18394 MicroMsg.S...ApiImplV10 com.zhanghuang                       D  registerApp, appId = wx5846c59e6f1304a9
2023-06-24 16:07:32.498 18394-18394 MicroMsg.S...ApiImplV10 com.zhanghuang                       D  registerApp, appId = wx5846c59e6f1304a9
2023-06-24 16:07:32.498 18394-18394 MicroMsg.S...ApiImplV10 com.zhanghuang                       D  register app com.zhanghuang
2023-06-24 16:07:32.500 18394-18394 MicroMsg.SDK.MMessage   com.zhanghuang                       D  send mm message, intent=Intent { act=com.tencent.mm.plugin.openapi.Intent.ACTION_HANDLE_APP_REGISTER (has extras) }, perm=com.tencent.mm.permission.MM_MESSAGE
2023-06-24 16:07:32.521 18394-18394 crashsdk                com.zhanghuang                       I  Unexp log not enabled, skip update unexp info!
2023-06-24 16:07:32.527 18394-18457 houdini                 com.zhanghuang                       D  [18457] Initialize library(version: 9.0.7a_z.38597 RELEASE)... successfully.
2023-06-24 16:07:32.527 18394-18457 nativebridge            com.zhanghuang                       W  No JNIEnv* to set up app environment.
2023-06-24 16:07:32.527 18394-18457 nativebridge            com.zhanghuang                       I  LdInitNativeBridgeDelay native-bridge delay initialize successful!
2023-06-24 16:07:32.527 18394-18457 libnb                   com.zhanghuang                       V  enter native_bridge2_isCompatibleWith 4
2023-06-24 16:07:32.527 18394-18457 libnb                   com.zhanghuang                       V  enter native_bridge2_isCompatibleWith 3
2023-06-24 16:07:32.527 18394-18457 libnb                   com.zhanghuang                       V  enter native_bridge3_loadLibraryExt /data/data/com.zhanghuang/app_e_qq_com_plugin_c4a3cb97806cecae65646808b7755026/libyaqpro.bcd860b4.so, 2, 0x0
2023-06-24 16:07:32.537 18394-18457 ziparchive              com.zhanghuang                       E  Zip: lseek on fd -2 failed: Bad file descriptor
2023-06-24 16:07:32.673 18394-18457 libnb                   com.zhanghuang                       V  native_bridge3_loadLibraryExt: 0x7fff55248ac0
2023-06-24 16:07:32.673 18394-18457 libnb                   com.zhanghuang                       V  enter native_bridge2_getTrampoline JNI_OnLoad, trampoline_addr 0x7fff6e481000
2023-06-24 16:07:32.688 18394-18457 libnb                   com.zhanghuang                       V  enter native_bridge2_isCompatibleWith 4
2023-06-24 16:07:32.688 18394-18457 libnb                   com.zhanghuang                       V  enter native_bridge2_isCompatibleWith 3
2023-06-24 16:07:32.688 18394-18457 libnb                   com.zhanghuang                       V  enter native_bridge3_loadLibraryExt /data/data/com.zhanghuang/app_e_qq_com_plugin_c4a3cb97806cecae65646808b7755026/libyaqbasic.bcd860b4.so, 2, 0x0
2023-06-24 16:07:32.694 18394-18457 libnb                   com.zhanghuang                       V  native_bridge3_loadLibraryExt: 0x7fff5524b060
2023-06-24 16:07:32.694 18394-18457 libnb                   com.zhanghuang                       V  enter native_bridge2_getTrampoline JNI_OnLoad, trampoline_addr 0x7fff6e481020
2023-06-24 16:07:32.727 18394-18457 libnb                   com.zhanghuang                       V  enter native_bridge2_isCompatibleWith 4
2023-06-24 16:07:32.727 18394-18457 libnb                   com.zhanghuang                       V  enter native_bridge2_isCompatibleWith 3
2023-06-24 16:07:32.727 18394-18457 libnb                   com.zhanghuang                       V  enter native_bridge3_loadLibraryExt /data/data/com.zhanghuang/app_e_qq_com_plugin_c4a3cb97806cecae65646808b7755026/libMMANDKSignature.bcd860b4.so, 2, 0x0
2023-06-24 16:07:32.727 18394-18457 libnb                   com.zhanghuang                       V  native_bridge3_loadLibraryExt: 0x7fff5524b5c0
2023-06-24 16:07:32.727 18394-18457 libnb                   com.zhanghuang                       V  enter native_bridge2_getTrampoline JNI_OnLoad, trampoline_addr 0x0
2023-06-24 16:07:32.733 18394-18457 libnb                   com.zhanghuang                       V  enter native_bridge2_isCompatibleWith 4
2023-06-24 16:07:32.734 18394-18457 libnb                   com.zhanghuang                       V  enter native_bridge2_isCompatibleWith 3
2023-06-24 16:07:32.734 18394-18457 libnb                   com.zhanghuang                       V  enter native_bridge3_loadLibraryExt /data/data/com.zhanghuang/app_e_qq_com_plugin_c4a3cb97806cecae65646808b7755026/libturingau.bcd860b4.so, 2, 0x0
2023-06-24 16:07:32.755 18394-18457 libnb                   com.zhanghuang                       V  native_bridge3_loadLibraryExt: 0x7fff5524bb20
2023-06-24 16:07:32.755 18394-18457 libnb                   com.zhanghuang                       V  enter native_bridge2_getTrampoline JNI_OnLoad, trampoline_addr 0x7fff6e4811e0
2023-06-24 16:07:32.757 18394-18399 com.zhanghuang          com.zhanghuang                       I  Compiler allocated 4MB to compile void android.widget.TextView.<init>(android.content.Context, android.util.AttributeSet, int, int)
2023-06-24 16:07:32.758 18394-18457 TuringFdNative          com.zhanghuang                       I  TuringFD v77 (8D2466BF3FB8AA9C, au, 150176e, rfr, compiled 2023_03_27_10_52_51) success 
2023-06-24 16:07:32.784 18394-18394 UMLog                   com.zhanghuang                       E  ┌───────────────────问题─────────────────────────────────────────────────────────────────────────────
2023-06-24 16:07:32.784 18394-18394 UMLog                   com.zhanghuang                       E  │     对于页面MainActivity，请确保先依序成对调用onPageStart，onPageEnd接口，再调用onPageStart接口对其它页面进行统计。
2023-06-24 16:07:32.784 18394-18394 UMLog                   com.zhanghuang                       E  ├───────────────────解决方案─────────────────────────────────────────────────────────────────────────────
2023-06-24 16:07:32.784 18394-18394 UMLog                   com.zhanghuang                       E  │     对于任意一个页面，必须依序成对调用onPageStart以及onPageEnd，不能有遗漏。详见链接 https://developer.umeng.com/docs/66632/detail/66975?um_channel=sdk
2023-06-24 16:07:32.784 18394-18394 UMLog                   com.zhanghuang                       E  └────────────────────────────────────────────────────────────────────────────────────────────────────────────────
2023-06-24 16:07:32.793 18394-18394 UMLog                   com.zhanghuang                       E  ┌───────────────────问题─────────────────────────────────────────────────────────────────────────────
2023-06-24 16:07:32.793 18394-18394 UMLog                   com.zhanghuang                       E  │     对于页面推荐，请确保先依序成对调用onPageStart，onPageEnd接口，再调用onPageStart接口对其它页面进行统计。
2023-06-24 16:07:32.793 18394-18394 UMLog                   com.zhanghuang                       E  ├───────────────────解决方案─────────────────────────────────────────────────────────────────────────────
2023-06-24 16:07:32.793 18394-18394 UMLog                   com.zhanghuang                       E  │     对于任意一个页面，必须依序成对调用onPageStart以及onPageEnd，不能有遗漏。详见链接 https://developer.umeng.com/docs/66632/detail/66975?um_channel=sdk
2023-06-24 16:07:32.793 18394-18394 UMLog                   com.zhanghuang                       E  └────────────────────────────────────────────────────────────────────────────────────────────────────────────────
2023-06-24 16:07:32.793 18394-18394 UMLog                   com.zhanghuang                       E  ┌───────────────────问题─────────────────────────────────────────────────────────────────────────────
2023-06-24 16:07:32.793 18394-18394 UMLog                   com.zhanghuang                       E  │     对于页面专栏，请确保先依序成对调用onPageStart，onPageEnd接口，再调用onPageStart接口对其它页面进行统计。
2023-06-24 16:07:32.793 18394-18394 UMLog                   com.zhanghuang                       E  ├───────────────────解决方案─────────────────────────────────────────────────────────────────────────────
2023-06-24 16:07:32.794 18394-18394 UMLog                   com.zhanghuang                       E  │     对于任意一个页面，必须依序成对调用onPageStart以及onPageEnd，不能有遗漏。详见链接 https://developer.umeng.com/docs/66632/detail/66975?um_channel=sdk
2023-06-24 16:07:32.794 18394-18394 UMLog                   com.zhanghuang                       E  └────────────────────────────────────────────────────────────────────────────────────────────────────────────────
2023-06-24 16:07:32.795 18394-18428 MobclickAgent           com.zhanghuang                       D  延续上一个会话: BF17E35FBE5945241829D2DD6156C904
2023-06-24 16:07:32.800 18394-18428 UMLog                   com.zhanghuang                       D  当前发送策略为：启动时发送。详见链接 https://developer.umeng.com/docs/66632/detail/66976?um_channel=sdk
2023-06-24 16:07:32.804 18394-18394 UMLog                   com.zhanghuang                       E  ┌───────────────────问题─────────────────────────────────────────────────────────────────────────────
2023-06-24 16:07:32.804 18394-18394 UMLog                   com.zhanghuang                       E  │     对于页面更多，请确保先依序成对调用onPageStart，onPageEnd接口，再调用onPageStart接口对其它页面进行统计。
2023-06-24 16:07:32.804 18394-18394 UMLog                   com.zhanghuang                       E  ├───────────────────解决方案─────────────────────────────────────────────────────────────────────────────
2023-06-24 16:07:32.804 18394-18394 UMLog                   com.zhanghuang                       E  │     对于任意一个页面，必须依序成对调用onPageStart以及onPageEnd，不能有遗漏。详见链接 https://developer.umeng.com/docs/66632/detail/66975?um_channel=sdk
2023-06-24 16:07:32.804 18394-18394 UMLog                   com.zhanghuang                       E  └────────────────────────────────────────────────────────────────────────────────────────────────────────────────
2023-06-24 16:07:32.806 18394-18394 OpenGLRenderer          com.zhanghuang                       D  Skia GL Pipeline
2023-06-24 16:07:32.820 18394-18394 com.zhanghuang          com.zhanghuang                       W  Accessing hidden field Landroid/app/Application;->mLoadedApk:Landroid/app/LoadedApk; (light greylist, reflection)
2023-06-24 16:07:32.821 18394-18394 com.zhanghuang          com.zhanghuang                       W  Accessing hidden field Landroid/app/LoadedApk;->mActivityThread:Landroid/app/ActivityThread; (light greylist, reflection)
2023-06-24 16:07:32.821 18394-18394 com.zhanghuang          com.zhanghuang                       W  Accessing hidden field Landroid/app/ActivityThread;->mActivities:Landroid/util/ArrayMap; (light greylist, reflection)
2023-06-24 16:07:32.821 18394-18394 com.zhanghuang          com.zhanghuang                       W  Accessing hidden field Landroid/app/ActivityThread$ActivityClientRecord;->activity:Landroid/app/Activity; (light greylist, reflection)
2023-06-24 16:07:32.821 18394-18394 com.zhanghuang          com.zhanghuang                       W  Accessing hidden field Landroid/app/ActivityThread$ActivityClientRecord;->paused:Z (light greylist, reflection)
2023-06-24 16:07:32.821 18394-18394 com.zhanghuang          com.zhanghuang                       W  Accessing hidden field Landroid/app/ActivityThread$ActivityClientRecord;->stopped:Z (light greylist, reflection)
2023-06-24 16:07:32.821 18394-18394 crashsdk                com.zhanghuang                       I  Unexp log not enabled, skip update unexp info!
2023-06-24 16:07:32.821 18394-18394 efs.config              com.zhanghuang                       I  --->>> configCallback key is apm_startperf_sampling_rate ## value is 5
2023-06-24 16:07:32.821 18394-18394 efs.config              com.zhanghuang                       I  --->>> configCallback key is apm_memperf_sampling_rate ## value is 0
2023-06-24 16:07:32.821 18394-18394 efs.config              com.zhanghuang                       I  --->>> configCallback key is apm_memperf_collect_interval ## value is 5
2023-06-24 16:07:32.822 18394-18394 efs.config              com.zhanghuang                       I  --->>> configCallback key is apm_memperf_collect_max_period_sec ## value is 600
2023-06-24 16:07:32.822 18394-18394 efs.config              com.zhanghuang                       I  --->>> configCallback key is apm_net_state ## value is 0
2023-06-24 16:07:32.822 18394-18394 efs.config              com.zhanghuang                       I  --->>> configCallback key is apm_native_h5_state ## value is 0
2023-06-24 16:07:32.822 18394-18394 efs.config              com.zhanghuang                       I  --->>> configCallback key is apm_crash_user_max_count ## value is 20
2023-06-24 16:07:32.822 18394-18394 efs.config              com.zhanghuang                       I  --->>> configCallback key is apm_crash_user_upload_type ## value is 1
2023-06-24 16:07:32.822 18394-18394 efs.config              com.zhanghuang                       I  callback netRate is 0
2023-06-24 16:07:32.822 18394-18394 efs.config              com.zhanghuang                       I  callback nativeH5Rate is 0
2023-06-24 16:07:32.822 18394-18394 efs.config              com.zhanghuang                       I  callback crashMaxUserCount is 20
2023-06-24 16:07:32.823 18394-18442 efs.info.manager        com.zhanghuang                       W  network change: wifi
2023-06-24 16:07:32.823 18394-18394 efs.config              com.zhanghuang                       I  callback uploadType is 1
2023-06-24 16:07:32.823 18394-18394 efs.config              com.zhanghuang                       I  --->>> configCallback key is apm_patrace_switch_rate ## value is 5
2023-06-24 16:07:32.824 18394-18394 TAG                     com.zhanghuang                       I  isLogin:  true
2023-06-24 16:07:32.831 18394-18457 TuringFdJava            com.zhanghuang                       I  TuringFD v77 (8D2466BF3FB8AA9C, au, 150176e, rfr;rs, wup;105498, compiled 2023_03_27_10_52_51) [url(https://tdid.m.qq.com?mc=2);c(0)]
2023-06-24 16:07:32.833 18394-18394 System.err              com.zhanghuang                       W  java.lang.Exception: Toast callstack! strTip=缺少存储权限，APP无法正常升级或工作
2023-06-24 16:07:32.834 18394-18394 System.err              com.zhanghuang                       W  	at android.widget.Toast.show(Toast.java:143)
2023-06-24 16:07:32.834 18394-18394 System.err              com.zhanghuang                       W  	at com.zhanghuang.MainActivity.checkUpdate(MainActivity.java:121)
2023-06-24 16:07:32.834 18394-18394 System.err              com.zhanghuang                       W  	at com.zhanghuang.MainActivity.lambda$initData$1$MainActivity(MainActivity.java:104)
2023-06-24 16:07:32.835 18394-18394 System.err              com.zhanghuang                       W  	at com.zhanghuang.-$$Lambda$MainActivity$bcthmW7peV9FNIks0N0MpuXTjBc.response(Unknown Source:2)
2023-06-24 16:07:32.835 18394-18394 System.err              com.zhanghuang                       W  	at com.zhanghuang.net.RequestData.lambda$httpGet$0$RequestData(RequestData.java:75)
2023-06-24 16:07:32.835 18394-18394 System.err              com.zhanghuang                       W  	at com.zhanghuang.net.-$$Lambda$RequestData$1SDYCLz48YaOSsCO9VOe_LbZUh8.response(Unknown Source:6)
2023-06-24 16:07:32.835 18394-18394 System.err              com.zhanghuang                       W  	at com.zhanghuang.net.AppRequest.deliverResponse(AppRequest.java:55)
2023-06-24 16:07:32.835 18394-18394 System.err              com.zhanghuang                       W  	at com.zhanghuang.net.AppRequest.deliverResponse(AppRequest.java:22)
2023-06-24 16:07:32.835 18394-18394 System.err              com.zhanghuang                       W  	at com.android.volley.ExecutorDelivery$ResponseDeliveryRunnable.run(ExecutorDelivery.java:99)
2023-06-24 16:07:32.835 18394-18394 System.err              com.zhanghuang                       W  	at android.os.Handler.handleCallback(Handler.java:873)
2023-06-24 16:07:32.835 18394-18394 System.err              com.zhanghuang                       W  	at android.os.Handler.dispatchMessage(Handler.java:99)
2023-06-24 16:07:32.835 18394-18394 System.err              com.zhanghuang                       W  	at android.os.Looper.loop(Looper.java:193)
2023-06-24 16:07:32.835 18394-18394 System.err              com.zhanghuang                       W  	at android.app.ActivityThread.main(ActivityThread.java:6825)
2023-06-24 16:07:32.835 18394-18394 System.err              com.zhanghuang                       W  	at java.lang.reflect.Method.invoke(Native Method)
2023-06-24 16:07:32.835 18394-18394 System.err              com.zhanghuang                       W  	at com.android.internal.os.RuntimeInit$MethodAndArgsCaller.run(RuntimeInit.java:493)
2023-06-24 16:07:32.835 18394-18394 System.err              com.zhanghuang                       W  	at com.android.internal.os.ZygoteInit.main(ZygoteInit.java:860)
2023-06-24 16:07:32.889 18394-18482 com.zhanghuang          com.zhanghuang                       W  Accessing hidden method Landroid/webkit/WebViewFactory;->getWebViewContextAndSetProvider()Landroid/content/Context; (light greylist, reflection)
2023-06-24 16:07:32.940 18394-18475 HostConnection          com.zhanghuang                       I  HostConnection::HostConnection: pid=18394, tid=18475, this=0x7fff6be2e420
2023-06-24 16:07:32.941 18394-18475 <no-tag>                com.zhanghuang                       I  fastpipe: Connect success
2023-06-24 16:07:32.942 18394-18475 HostConnection          com.zhanghuang                       D  HostRPC::connect sucess: app=com.zhanghuang, pid=18394, tid=18475, this=0x7fff52c98840
2023-06-24 16:07:32.942 18394-18475 HostConnection          com.zhanghuang                       D  queryAndSetGLESMaxVersion select gles-version: 3.1 hostGLVersion:46 process:com.zhanghuang
2023-06-24 16:07:32.943 18394-18475 <no-tag>                com.zhanghuang                       I  fastpipe: Connect success
2023-06-24 16:07:32.945 18394-18475 HostConnection          com.zhanghuang                       D  recv ProcessPuidReply name=com.zhanghuang puid=34 g_u64CapsFlag=1d
2023-06-24 16:07:32.952 18394-18475 ConfigStore             com.zhanghuang                       I  android::hardware::configstore::V1_0::ISurfaceFlingerConfigs::hasWideColorDisplay retrieved: 0
2023-06-24 16:07:32.954 18394-18475 ConfigStore             com.zhanghuang                       I  android::hardware::configstore::V1_0::ISurfaceFlingerConfigs::hasHDRDisplay retrieved: 0
2023-06-24 16:07:32.954 18394-18475 OpenGLRenderer          com.zhanghuang                       I  Initialized EGL, version 1.4
2023-06-24 16:07:32.954 18394-18475 OpenGLRenderer          com.zhanghuang                       D  Swap behavior 1
2023-06-24 16:07:32.954 18394-18475 EGL_adreno              com.zhanghuang                       I  eglCreateContext request GLES major-version=2
2023-06-24 16:07:32.937 18394-18394 RenderThread            com.zhanghuang                       I  type=1400 audit(0.0:2096): avc: denied { read write } for name="fastpipe" dev="tmpfs" ino=4859 scontext=u:r:untrusted_app:s0:c51,c256,c512,c768 tcontext=u:object_r:device:s0 tclass=chr_file permissive=1
2023-06-24 16:07:32.959 18394-18475 EGL_adreno              com.zhanghuang                       D  eglCreateContext: 0x7fff576810e0: maj 3 min 1 rcv 4
2023-06-24 16:07:32.937 18394-18394 RenderThread            com.zhanghuang                       W  type=1300 audit(0.0:2096): arch=c000003e syscall=257 success=yes exit=122 a0=ffffff9c a1=7ffff3987caa a2=2 a3=0 items=0 ppid=1400 auid=4294967295 uid=10051 gid=10051 euid=10051 suid=10051 fsuid=10051 egid=10051 sgid=10051 fsgid=10051 tty=(none) ses=4294967295 exe="/system/bin/app_process64" subj=u:r:untrusted_app:s0:c51,c256,c512,c768 key=(null)
2023-06-24 16:07:32.987 18394-18475 EGL_adreno              com.zhanghuang                       D  eglMakeCurrent: 0x7fff576810e0: ver 3 1 (tinfo 0x7fff57660bc0)
2023-06-24 16:07:32.989 18394-18475 HostConnection          com.zhanghuang                       D  ExtendedRCEncoderContext GL_VERSION return OpenGL ES 3.1
2023-06-24 16:07:32.993 18394-18475 eglCodecCommon          com.zhanghuang                       E  glUtilsParamSize: unknow param 0x00008c29
2023-06-24 16:07:32.993 18394-18475 GLESv2_enc              com.zhanghuang                       W  no support GL_NUM_PROGRAM_BINARY_FORMATS
2023-06-24 16:07:33.005 18394-18475 vndksupport             com.zhanghuang                       D  Loading /vendor/lib64/hw/android.hardware.graphics.mapper@2.0-impl.so from current namespace instead of sphal namespace.
2023-06-24 16:07:33.019 18394-18475 vndksupport             com.zhanghuang                       D  Loading /vendor/lib64/hw/gralloc.default.so from current namespace instead of sphal namespace.
2023-06-24 16:07:33.039 18394-18475 EGL_adreno              com.zhanghuang                       E  tid 18475: eglSurfaceAttrib(1338): error 0x3009 (EGL_BAD_MATCH)
2023-06-24 16:07:33.039 18394-18475 OpenGLRenderer          com.zhanghuang                       W  Failed to set EGL_SWAP_BEHAVIOR on surface 0x7fff52c56800, error=EGL_BAD_MATCH
2023-06-24 16:07:33.100 18394-18501 libnb                   com.zhanghuang                       V  enter native_bridge2_isCompatibleWith 4
2023-06-24 16:07:33.100 18394-18501 libnb                   com.zhanghuang                       V  enter native_bridge2_isCompatibleWith 3
2023-06-24 16:07:33.100 18394-18501 libnb                   com.zhanghuang                       V  enter native_bridge3_loadLibraryExt /data/user/0/com.zhanghuang/app_adnet/dynamic/libquickjs.so, 2, 0x0
2023-06-24 16:07:33.116 18394-18501 libnb                   com.zhanghuang                       V  native_bridge3_loadLibraryExt: 0x7fff5524c5e0
2023-06-24 16:07:33.116 18394-18501 libnb                   com.zhanghuang                       V  enter native_bridge2_getTrampoline JNI_OnLoad, trampoline_addr 0x0
2023-06-24 16:07:33.125 18394-18475 EGL_adreno              com.zhanghuang                       D  eglMakeCurrent: 0x7fff576810e0: ver 3 1 (tinfo 0x7fff57660bc0)
2023-06-24 16:07:33.192 18394-18475 EGL_adreno              com.zhanghuang                       E  tid 18475: eglSurfaceAttrib(1338): error 0x3009 (EGL_BAD_MATCH)
2023-06-24 16:07:33.193 18394-18475 OpenGLRenderer          com.zhanghuang                       W  Failed to set EGL_SWAP_BEHAVIOR on surface 0x7fff52c56d00, error=EGL_BAD_MATCH
2023-06-24 16:07:33.232 18394-18475 EGL_adreno              com.zhanghuang                       D  eglMakeCurrent: 0x7fff576810e0: ver 3 1 (tinfo 0x7fff57660bc0)
2023-06-24 16:07:33.238 18394-18475 chatty                  com.zhanghuang                       I  uid=10051(com.zhanghuang) RenderThread identical 1 line
2023-06-24 16:07:33.258 18394-18475 EGL_adreno              com.zhanghuang                       D  eglMakeCurrent: 0x7fff576810e0: ver 3 1 (tinfo 0x7fff57660bc0)
2023-06-24 16:07:33.262 18394-18475 EGL_adreno              com.zhanghuang                       D  eglMakeCurrent: 0x7fff576810e0: ver 3 1 (tinfo 0x7fff57660bc0)
2023-06-24 16:07:33.475 18394-18394 MainHeadUint            com.zhanghuang                       I  onADReceive, ECPM: -1, ECPMLevel: , adNetWorkName: , testExtraInfo:-1, request_id:ixm2cr62wac5c01
2023-06-24 16:07:36.337 18394-18394 RenderThread            com.zhanghuang                       I  type=1400 audit(0.0:2101): avc: denied { ioctl } for path="/dev/fastpipe" dev="tmpfs" ino=4859 ioctlcmd=6867 scontext=u:r:untrusted_app:s0:c51,c256,c512,c768 tcontext=u:object_r:device:s0 tclass=chr_file permissive=1
2023-06-24 16:07:36.348 18394-18466 Volley                  com.zhanghuang                       D  [324] BasicNetwork.logSlowRequests: HTTP response for request=<[ ] https://app.zhanzhuang.com.cn/statistics 0xafbd824b NORMAL 9> [lifetime=3110], [size=62], [rc=200], [retryCount=0]
2023-06-24 16:07:36.358 18394-18394 Volley                  com.zhanghuang                       D  [2] Request.finish: 3120 ms: [ ] https://app.zhanzhuang.com.cn/statistics 0xafbd824b NORMAL 9
2023-06-24 16:07:37.289 18394-18428 UMLog                   com.zhanghuang                       I  当前设备不支持获取OAID
2023-06-24 16:07:37.307 18394-18428 UMLog                   com.zhanghuang                       I  统计SDK版本号: 9.6.1
2023-06-24 16:07:37.307 18394-18428 UMLog                   com.zhanghuang                       I  ZID SDK版本号: 1.8.0
2023-06-24 16:07:37.309 18394-18428 UMLog                   com.zhanghuang                       I  APM SDK版本号: 1.9.2
2023-06-24 16:07:37.309 18394-18428 MobclickAgent           com.zhanghuang                       I  module init:aszioc
2023-06-24 16:07:37.316 18394-18428 com.zhanghuang          com.zhanghuang                       E  Invalid ID 0x00000000.
2023-06-24 16:07:37.351 18394-18443 efs.config              com.zhanghuang                       D  app=58eb2d094544cb15d2001334&cver=1651209273&os=android&sd=2-ust4ckZL5XJU2kBxKr8Q&sver=1651209273&tm=1687594057&um_sdk_ver=1.9.2&ver=2.0.8&wl_dd=2FpPPPSNmPui5vxS4v1UP7scA-oVWgkB9bn7AE0Dm-e06aHLYiTxguV3_wzDgr4a&sign=aa3c635a2b1cd69f307612047808799b
2023-06-24 16:07:37.351 18394-18443 efs.px.api              com.zhanghuang                       I  get config from server, url is https://errnewlog.umeng.com/apm_cc
2023-06-24 16:07:37.448 18394-18443 efs.config              com.zhanghuang                       I  config request succ, config is:
                                                                                                     {"msg":"成功","code":0,"cip":"127.0.0.1","config":{"common":{"updateInteval":480,"gate_way_https":true},"app_configs":[{"conditions":[{"val":"0.0.0.0","opc":">=","fld":"ver"}],"actions":[{"opt":"apm_mem_state","set":0},{"opt":"apm_oom_state","set":0},{"opt":"apm_native_h5perf_sampling_rate","set":5},{"opt":"apm_memperf_collect_interval","set":5},{"opt":"apm_netperf_sampling_rate","set":5},{"opt":"apm_patrace_switch_rate","set":5},{"opt":"record_accumulation_time","set":60,"lt":"memperf"},{"opt":"apm_memperf_sampling_rate","set":0},{"opt":"apm_crash_user_upload_type","set":1},{"opt":"apm_memperf_collect_max_period_sec","set":600},{"opt":"apm_net_state","set":0},{"opt":"apm_startperf_sampling_rate","set":5},{"opt":"apm_crash_user_max_count","set":20},{"opt":"apm_oom_sampling_rate","set":5},{"opt":"apm_native_h5_state","set":0}]}]},"stm":1687594055,"cver":1651209273}
2023-06-24 16:07:37.448 18394-18443 efs.config              com.zhanghuang                       I  from server. efs config is {"msg":"成功","code":0,"cip":"127.0.0.1","config":{"common":{"updateInteval":480,"gate_way_https":true},"app_configs":[{"conditions":[{"val":"0.0.0.0","opc":">=","fld":"ver"}],"actions":[{"opt":"apm_mem_state","set":0},{"opt":"apm_oom_state","set":0},{"opt":"apm_native_h5perf_sampling_rate","set":5},{"opt":"apm_memperf_collect_interval","set":5},{"opt":"apm_netperf_sampling_rate","set":5},{"opt":"apm_patrace_switch_rate","set":5},{"opt":"record_accumulation_time","set":60,"lt":"memperf"},{"opt":"apm_memperf_sampling_rate","set":0},{"opt":"apm_crash_user_upload_type","set":1},{"opt":"apm_memperf_collect_max_period_sec","set":600},{"opt":"apm_net_state","set":0},{"opt":"apm_startperf_sampling_rate","set":5},{"opt":"apm_crash_user_max_count","set":20},{"opt":"apm_oom_sampling_rate","set":5},{"opt":"apm_native_h5_state","set":0}]}]},"stm":1687594055,"cver":1651209273}
