2023-06-23 14:53:28.287 26901-26901 DEBUG                   com.zhanghuang                       E  {"source":0,"action_name":"page_view","action_page_state":false,"action_parameter":[{"name":"com.zhanghuang.AddRecordActivityNew-1687503143879-onCreated"},{"name":"com.zhanghuang.AddRecordActivityNew-1687503143896-onStarted"},{"name":"com.zhanghuang.AddRecordActivityNew-1687503143897-onResumed"},{"name":"com.zhanghuang.DonateActivity-1687503144077-onStopped"},{"name":"com.zhanghuang.DonateActivity-1687503144078-onDestroyed"},{"name":"com.zhanghuang.AddRecordActivityNew-1687503145165-onPaused"},{"name":"com.zhanghuang.MainActivity-1687503145169-onStarted"},{"name":"com.zhanghuang.MainActivity-1687503145170-onResumed"},{"name":"com.zhanghuang.AddRecordActivityNew-1687503145370-onStopped"},{"name":"com.zhanghuang.AddRecordActivityNew-1687503145371-onDestroyed"},{"name":"com.zhanghuang.MainActivity-1687503167088-onPaused"},{"name":"com.zhanghuang.DonateActivity-1687503167097-onCreated"},{"name":"com.zhanghuang.DonateActivity-1687503167115-onStarted"},{"name":"com.zhanghuang.DonateActivity-1687503167115-onResumed"},{"name":"com.zhanghuang.MainActivity-1687503167296-onStopped"},{"name":"com.zhanghuang.DonateActivity-1687503175187-onPaused"},{"name":"com.qq.e.ads.PortraitADActivity-1687503175194-onCreated"},{"name":"com.qq.e.ads.PortraitADActivity-1687503175505-onStarted"},{"name":"com.qq.e.ads.PortraitADActivity-1687503175506-onResumed"},{"name":"com.zhanghuang.DonateActivity-1687503175818-onStopped"}]}
2023-06-23 14:53:28.287 26901-26901 DEBUG                   com.zhanghuang                       E  --- --- --- --- --- --- --- --- --- --- --- --- --- --- --- ---
2023-06-23 14:53:28.287 26901-26901 DEBUG                   com.zhanghuang                       E  um_session_id
2023-06-23 14:53:28.288 26901-26901 DEBUG                   com.zhanghuang                       E  4F4A02775A4A030DEFE34B7F789E36CD
2023-06-23 14:53:28.288 26901-26901 DEBUG                   com.zhanghuang                       E  --- --- --- --- --- --- --- --- --- --- --- --- --- --- --- ---
2023-06-23 14:53:28.288 26901-26901 DEBUG                   com.zhanghuang                       E  Full: 52186 bytes, write: 52186 bytes, limit: 1048576 bytes, reject: 0 bytes.
2023-06-23 14:53:28.288 26901-26901 DEBUG                   com.zhanghuang                       E  log end: 20230623145328
2023-06-23 14:53:28.290 26901-26901 DEBUG                   com.zhanghuang                       E  generate java report finished
2023-06-23 14:53:28.290 26901-26949 crashsdk                com.zhanghuang                       I  crashsdk uploading logs
2023-06-23 14:53:28.292 26901-26949 crashsdk                com.zhanghuang                       D  Uploading to https://errnewlog.umeng.com/upload
2023-06-23 14:53:28.378 26901-26949 crashsdk                com.zhanghuang                       I  Response code: 200
2023-06-23 14:53:28.378 26901-26949 crashsdk                com.zhanghuang                       I  Log upload response: ????????????????succeed??
2023-06-23 14:53:28.378 26901-26949 crashsdk                com.zhanghuang                       E  Uploaded log: 58eb2d094544cb15d2001334_2.0.8_42c03024_HD1900_9_168750320823736011_20230623145328_fg_java.log.gz
2023-06-23 14:53:28.381 26901-26901 crashsdk                com.zhanghuang                       I  Call java default handler: true
2023-06-23 14:53:28.401 26901-26901 System.err              com.zhanghuang                       W  java.lang.Exception: call killProcess callstack! pid=26901
2023-06-23 14:53:28.402 26901-26901 System.err              com.zhanghuang                       W  	at android.os.Process.killProcess(Process.java:915)
2023-06-23 14:53:28.402 26901-26901 System.err              com.zhanghuang                       W  	at com.android.internal.os.RuntimeInit$KillApplicationHandler.uncaughtException(RuntimeInit.java:157)
2023-06-23 14:53:28.402 26901-26901 System.err              com.zhanghuang                       W  	at com.umeng.analytics.pro.p.uncaughtException(CrashHandler.java:37)
2023-06-23 14:53:28.402 26901-26901 System.err              com.zhanghuang                       W  	at com.uc.crashsdk.e.a(ProGuard:4008)
2023-06-23 14:53:28.402 26901-26901 System.err              com.zhanghuang                       W  	at com.uc.crashsdk.e.uncaughtException(ProGuard:3822)
2023-06-23 14:53:28.402 26901-26901 System.err              com.zhanghuang                       W  	at com.qq.e.comm.plugin.util.w$b.uncaughtException(A:3)
2023-06-23 14:53:28.402 26901-26901 System.err              com.zhanghuang                       W  	at org.chromium.base.JavaExceptionReporter.uncaughtException(chromium-SystemWebView.apk-default-447211456:6)
2023-06-23 14:53:28.402 26901-26901 System.err              com.zhanghuang                       W  	at java.lang.ThreadGroup.uncaughtException(ThreadGroup.java:1068)
2023-06-23 14:53:28.402 26901-26901 System.err              com.zhanghuang                       W  	at java.lang.ThreadGroup.uncaughtException(ThreadGroup.java:1063)
2023-06-23 14:53:28.402 26901-26901 System.err              com.zhanghuang                       W  	at java.lang.Thread.dispatchUncaughtException(Thread.java:1955)
2023-06-23 14:53:28.402 26901-26901 Process                 com.zhanghuang                       I  Sending signal. PID: 26901 SIG: 9
---------------------------- PROCESS ENDED (26901) for package com.zhanghuang ----------------------------
---------------------------- PROCESS STARTED (29646) for package com.zhanghuang ----------------------------
2023-06-23 14:53:28.569 29646-29646 com.zhanghuang          com.zhanghuang                       I  The ClassLoaderContext is a special shared library.
2023-06-23 14:53:28.900 29646-29646 com.zhanghuang          com.zhanghuang                       W  Accessing hidden method Landroid/content/ContextWrapper;->getDisplay()Landroid/view/Display; (light greylist, linking)
2023-06-23 14:53:28.912 29646-29646 UMConfigure             com.zhanghuang                       I  common version is 9.6.1
2023-06-23 14:53:28.912 29646-29646 UMConfigure             com.zhanghuang                       I  common type is 0
2023-06-23 14:53:28.920 29646-29646 UMConfigure             com.zhanghuang                       I  current appkey is 58eb2d094544cb15d2001334, last appkey is 58eb2d094544cb15d2001334
2023-06-23 14:53:28.920 29646-29646 UMConfigure             com.zhanghuang                       I  channel is Umeng
2023-06-23 14:53:28.928 29646-29646 UMLog                   com.zhanghuang                       D  统计SDK常见问题索引贴 详见链接 http://developer.umeng.com/docs/66650/cate/66650
2023-06-23 14:53:28.929 29646-29646 UMLog                   com.zhanghuang                       I  统计SDK初始化成功
2023-06-23 14:53:28.943 29646-29646 priviteSocial           com.zhanghuang                       E  欢迎使用友盟社会化分享业务!
2023-06-23 14:53:28.944 29646-29679 UMLog_Social            com.zhanghuang                       E  您使用的SDK版本为：7.3.2
2023-06-23 14:53:28.946 29646-29646 UMLog                   com.zhanghuang                       I  Share AppKey设置成功
2023-06-23 14:53:28.949 29646-29683 UMCrash                 com.zhanghuang                       I  get common. apm ctr flag is 0
2023-06-23 14:53:28.952 29646-29646 UMCrash                 com.zhanghuang                       I  int apm. flag is 0
2023-06-23 14:53:28.952 29646-29646 UMCrash                 com.zhanghuang                       I  int apm. hitWlState is 0
2023-06-23 14:53:28.957 29646-29646 UMCrash                 com.zhanghuang                       I  enable : java is true, native is true, anr is true
2023-06-23 14:53:28.957 29646-29646 UMCrash                 com.zhanghuang                       I  crash rate domain is https://errnewlog.umeng.com
2023-06-23 14:53:28.959 29646-29646 com.zhanghuang          com.zhanghuang                       W  Accessing hidden field Landroid/content/pm/ApplicationInfo;->primaryCpuAbi:Ljava/lang/String; (light greylist, reflection)
2023-06-23 14:53:28.990 29646-29692 crashsdk                com.zhanghuang                       I  version unique build id: 42c03024
2023-06-23 14:53:28.990 29646-29646 System.err              com.zhanghuang                       W  java.lang.UnsatisfiedLinkError: dalvik.system.PathClassLoader[DexPathList[[zip file "/system/framework/org.apache.http.legacy.boot.jar", zip file "/data/app/com.zhanghuang-2ofjpL8Q2BSdbWkyIc7nEw==/base.apk"],nativeLibraryDirectories=[/data/app/com.zhanghuang-2ofjpL8Q2BSdbWkyIc7nEw==/lib/x86_64, /data/app/com.zhanghuang-2ofjpL8Q2BSdbWkyIc7nEw==/base.apk!/lib/x86_64, /system/lib64, /system/vendor/lib64]]] couldn't find "libcrashsdk.so"
2023-06-23 14:53:28.990 29646-29646 System.err              com.zhanghuang                       W  	at java.lang.Runtime.loadLibrary0(Runtime.java:1028)
2023-06-23 14:53:28.990 29646-29646 System.err              com.zhanghuang                       W  	at java.lang.System.loadLibrary(System.java:1675)
2023-06-23 14:53:28.990 29646-29646 System.err              com.zhanghuang                       W  	at com.uc.crashsdk.e.e(ProGuard:4233)
2023-06-23 14:53:28.990 29646-29646 System.err              com.zhanghuang                       W  	at com.uc.crashsdk.export.CrashApi.createInstanceEx(ProGuard:87)
2023-06-23 14:53:28.990 29646-29646 System.err              com.zhanghuang                       W  	at com.umeng.umcrash.UMCrash.init(UMCrash.java:789)
2023-06-23 14:53:28.990 29646-29646 System.err              com.zhanghuang                       W  	at java.lang.reflect.Method.invoke(Native Method)
2023-06-23 14:53:28.990 29646-29646 System.err              com.zhanghuang                       W  	at com.umeng.commonsdk.UMConfigure.init(UMConfigure.java:763)
2023-06-23 14:53:28.990 29646-29646 System.err              com.zhanghuang                       W  	at com.zhanghuang.UmInitConfig.UMinit(UmInitConfig.java:19)
2023-06-23 14:53:28.990 29646-29646 System.err              com.zhanghuang                       W  	at com.zhanghuang.MainApplication.onCreate(MainApplication.java:86)
2023-06-23 14:53:28.990 29646-29646 System.err              com.zhanghuang                       W  	at android.app.Instrumentation.callApplicationOnCreate(Instrumentation.java:1154)
2023-06-23 14:53:28.990 29646-29646 System.err              com.zhanghuang                       W  	at android.app.ActivityThread.handleBindApplication(ActivityThread.java:6021)
2023-06-23 14:53:28.990 29646-29646 System.err              com.zhanghuang                       W  	at android.app.ActivityThread.access$1100(ActivityThread.java:207)
2023-06-23 14:53:28.990 29646-29646 System.err              com.zhanghuang                       W  	at android.app.ActivityThread$H.handleMessage(ActivityThread.java:1663)
2023-06-23 14:53:28.990 29646-29646 System.err              com.zhanghuang                       W  	at android.os.Handler.dispatchMessage(Handler.java:106)
2023-06-23 14:53:28.990 29646-29646 System.err              com.zhanghuang                       W  	at android.os.Looper.loop(Looper.java:193)
2023-06-23 14:53:28.991 29646-29646 System.err              com.zhanghuang                       W  	at android.app.ActivityThread.main(ActivityThread.java:6825)
2023-06-23 14:53:28.991 29646-29646 System.err              com.zhanghuang                       W  	at java.lang.reflect.Method.invoke(Native Method)
2023-06-23 14:53:28.991 29646-29646 System.err              com.zhanghuang                       W  	at com.android.internal.os.RuntimeInit$MethodAndArgsCaller.run(RuntimeInit.java:493)
2023-06-23 14:53:28.991 29646-29646 System.err              com.zhanghuang                       W  	at com.android.internal.os.ZygoteInit.main(ZygoteInit.java:860)
2023-06-23 14:53:28.991 29646-29646 crashsdk                com.zhanghuang                       E  load libcrashsdk.so failed!
2023-06-23 14:53:29.000 29646-29683 com.zhanghuang          com.zhanghuang                       E  Invalid ID 0x00000000.
2023-06-23 14:53:29.000 29646-29694 com.zhanghuang          com.zhanghuang                       E  Invalid ID 0x00000000.
2023-06-23 14:53:29.001 29646-29695 ballack                 com.zhanghuang                       E  initGlobalInfo called once.
2023-06-23 14:53:29.004 29646-29646 UMCrash                 com.zhanghuang                       I  inner config : net rate is 0
2023-06-23 14:53:29.004 29646-29646 UMCrash                 com.zhanghuang                       I  inner config : net close.
2023-06-23 14:53:29.004 29646-29646 UMCrash                 com.zhanghuang                       I  inner config : nativeH5Rate is 0
2023-06-23 14:53:29.004 29646-29646 UMCrash                 com.zhanghuang                       I  inner config : h5 close.
2023-06-23 14:53:29.004 29646-29646 UMCrash                 com.zhanghuang                       I  inner config : page rate is -1
2023-06-23 14:53:29.004 29646-29646 UMCrash                 com.zhanghuang                       I  inner config : power rate is -1
2023-06-23 14:53:29.004 29646-29646 UMLog                   com.zhanghuang                       I  APM SDK初始化成功
2023-06-23 14:53:29.005 29646-29683 WpkPaConfig             com.zhanghuang                       D  un repeat check in 24 hour!
2023-06-23 14:53:29.006 29646-29683 Matrix.AnrTracer        com.zhanghuang                       I  anrTrace, final mAnrBeatTime:400, mAnrBeatRate:400
2023-06-23 14:53:29.014 29646-29695 efs.send_log            com.zhanghuang                       W  tryFileLock start! 
2023-06-23 14:53:29.016 29646-29696 LaunchConfigManager     com.zhanghuang                       D  un repeat check in 24 hour!
2023-06-23 14:53:29.017 29646-29696 LaunchTrace             com.zhanghuang                       I  begin sendLaunchCache
2023-06-23 14:53:29.017 29646-29695 efs.config              com.zhanghuang                       I  delete old config is false
2023-06-23 14:53:29.018 29646-29706 efs.send_log            com.zhanghuang                       W  tryFileLock sendlock sucess! processname: com.zhanghuang
2023-06-23 14:53:29.020 29646-29700 System.err              com.zhanghuang                       W  android.content.pm.PackageManager$NameNotFoundException: com.heytap.openid
2023-06-23 14:53:29.022 29646-29700 System.err              com.zhanghuang                       W  	at android.app.ApplicationPackageManager.getPackageInfoAsUser(ApplicationPackageManager.java:181)
2023-06-23 14:53:29.022 29646-29700 System.err              com.zhanghuang                       W  	at android.app.ApplicationPackageManager.getPackageInfo(ApplicationPackageManager.java:152)
2023-06-23 14:53:29.022 29646-29700 System.err              com.zhanghuang                       W  	at org.repackage.a.a.a.a.c.a(OpenIDHelper.java:1)
2023-06-23 14:53:29.022 29646-29700 System.err              com.zhanghuang                       W  	at org.repackage.com.heytap.openid.sdk.OpenIDSDK.a(OpenIDSDK.java:2)
2023-06-23 14:53:29.022 29646-29700 System.err              com.zhanghuang                       W  	at com.umeng.analytics.pro.bb.a(OppoDeviceIdSupplier.java:26)
2023-06-23 14:53:29.022 29646-29700 System.err              com.zhanghuang                       W  	at com.umeng.analytics.pro.au.a(OpenDeviceId.java:31)
2023-06-23 14:53:29.022 29646-29700 System.err              com.zhanghuang                       W  	at com.umeng.commonsdk.internal.c$2.run(UMInternalDataProtocol.java:297)
2023-06-23 14:53:29.022 29646-29700 System.err              com.zhanghuang                       W  	at java.lang.Thread.run(Thread.java:764)
2023-06-23 14:53:29.023 29646-29700 UMLog                   com.zhanghuang                       I  当前设备不支持获取OAID
2023-06-23 14:53:29.023 29646-29695 efs.config              com.zhanghuang                       I  current config version (-1) is older than another (1651209273)
2023-06-23 14:53:29.023 29646-29699 UMLog                   com.zhanghuang                       I  当前设备不支持获取OAID
2023-06-23 14:53:29.023 29646-29695 efs.config              com.zhanghuang                       I  load config from storage and notify observer
2023-06-23 14:53:29.033 29646-29709 System.err              com.zhanghuang                       W  java.lang.UnsatisfiedLinkError: dalvik.system.PathClassLoader[DexPathList[[zip file "/system/framework/org.apache.http.legacy.boot.jar", zip file "/data/app/com.zhanghuang-2ofjpL8Q2BSdbWkyIc7nEw==/base.apk"],nativeLibraryDirectories=[/data/app/com.zhanghuang-2ofjpL8Q2BSdbWkyIc7nEw==/lib/x86_64, /data/app/com.zhanghuang-2ofjpL8Q2BSdbWkyIc7nEw==/base.apk!/lib/x86_64, /system/lib64, /system/vendor/lib64]]] couldn't find "libumeng-spy.so"
2023-06-23 14:53:29.033 29646-29709 System.err              com.zhanghuang                       W  	at java.lang.Runtime.loadLibrary0(Runtime.java:1028)
2023-06-23 14:53:29.033 29646-29709 System.err              com.zhanghuang                       W  	at java.lang.System.loadLibrary(System.java:1675)
2023-06-23 14:53:29.033 29646-29709 System.err              com.zhanghuang                       W  	at com.umeng.umzid.Spy.<clinit>(Unknown Source:3)
2023-06-23 14:53:29.034 29646-29709 System.err              com.zhanghuang                       W  	at com.umeng.umzid.Spy.getID(Unknown Source:0)
2023-06-23 14:53:29.034 29646-29709 System.err              com.zhanghuang                       W  	at com.umeng.umzid.ZIDManager.b(:4)
2023-06-23 14:53:29.034 29646-29709 System.err              com.zhanghuang                       W  	at com.umeng.umzid.ZIDManager$b.run(:1)
2023-06-23 14:53:29.034 29646-29709 System.err              com.zhanghuang                       W  	at java.util.concurrent.Executors$RunnableAdapter.call(Executors.java:458)
2023-06-23 14:53:29.034 29646-29709 System.err              com.zhanghuang                       W  	at java.util.concurrent.FutureTask.run(FutureTask.java:266)
2023-06-23 14:53:29.034 29646-29709 System.err              com.zhanghuang                       W  	at java.util.concurrent.ScheduledThreadPoolExecutor$ScheduledFutureTask.run(ScheduledThreadPoolExecutor.java:301)
2023-06-23 14:53:29.034 29646-29709 System.err              com.zhanghuang                       W  	at java.util.concurrent.ThreadPoolExecutor.runWorker(ThreadPoolExecutor.java:1167)
2023-06-23 14:53:29.034 29646-29709 System.err              com.zhanghuang                       W  	at java.util.concurrent.ThreadPoolExecutor$Worker.run(ThreadPoolExecutor.java:641)
2023-06-23 14:53:29.034 29646-29709 System.err              com.zhanghuang                       W  	at java.lang.Thread.run(Thread.java:764)
2023-06-23 14:53:29.064 29646-29709 com.zhanghuang          com.zhanghuang                       W  Accessing hidden method Landroid/os/Build;->getString(Ljava/lang/String;)Ljava/lang/String; (light greylist, reflection)
2023-06-23 14:53:29.075 29646-29709 NetworkSecurityConfig   com.zhanghuang                       D  Using Network Security Config from resource network_security_config debugBuild: true
2023-06-23 14:53:29.088 29646-29710 com.zhanghuang          com.zhanghuang                       I  The ClassLoaderContext is a special shared library.
2023-06-23 14:53:29.097 29646-29680 UMLog                   com.zhanghuang                       I  基础组件库完整性自检通过。
2023-06-23 14:53:29.103 29646-29646 com.zhanghuang          com.zhanghuang                       W  Accessing hidden method Landroid/view/View;->computeFitSystemWindows(Landroid/graphics/Rect;Landroid/graphics/Rect;)Z (light greylist, reflection)
2023-06-23 14:53:29.104 29646-29646 com.zhanghuang          com.zhanghuang                       W  Accessing hidden method Landroid/view/ViewGroup;->makeOptionalFitsSystemWindows()V (light greylist, reflection)
2023-06-23 14:53:29.112 29646-29711 com.zhanghuang          com.zhanghuang                       W  Accessing hidden method Landroid/app/ActivityThread;->currentActivityThread()Landroid/app/ActivityThread; (light greylist, reflection)
2023-06-23 14:53:29.112 29646-29711 com.zhanghuang          com.zhanghuang                       W  Accessing hidden method Landroid/app/ActivityThread;->getApplication()Landroid/app/Application; (light greylist, reflection)
2023-06-23 14:53:29.112 29646-29711 com.zhanghuang          com.zhanghuang                       W  Accessing hidden field Ldalvik/system/BaseDexClassLoader;->pathList:Ldalvik/system/DexPathList; (light greylist, reflection)
2023-06-23 14:53:29.112 29646-29711 com.zhanghuang          com.zhanghuang                       W  Accessing hidden field Ldalvik/system/DexPathList;->dexElements:[Ldalvik/system/DexPathList$Element; (light greylist, reflection)
2023-06-23 14:53:29.123 29646-29711 com.zhanghuang          com.zhanghuang                       W  Accessing hidden method Ljava/lang/Runtime;->nativeLoad(Ljava/lang/String;Ljava/lang/ClassLoader;)Ljava/lang/String; (light greylist, reflection)
2023-06-23 14:53:29.134 29646-29711 nativebridge            com.zhanghuang                       W  call NativeBridgeIsSupported but don't call PreInitializeNativeBridge, libpath=/data/data/com.zhanghuang/app_e_qq_com_plugin_c4a3cb97806cecae65646808b7755026/libyaqpro.bcd860b4.so
2023-06-23 14:53:29.134 29646-29711 nativebridge            com.zhanghuang                       W  Failed to bind-mount /system/lib64/arm64/cpuinfo as /proc/cpuinfo: Operation not permitted
2023-06-23 14:53:29.140 29646-29711 libnb                   com.zhanghuang                       V  enter native_bridge2_initialize /data/user/0/com.zhanghuang/code_cache arm64
2023-06-23 14:53:29.145 29646-29711 houdini                 com.zhanghuang                       D  [29711] Initialize library(version: 9.0.7a_z.38597 RELEASE)... successfully.
2023-06-23 14:53:29.145 29646-29711 nativebridge            com.zhanghuang                       W  No JNIEnv* to set up app environment.
2023-06-23 14:53:29.145 29646-29711 nativebridge            com.zhanghuang                       I  LdInitNativeBridgeDelay native-bridge delay initialize successful!
2023-06-23 14:53:29.145 29646-29711 libnb                   com.zhanghuang                       V  enter native_bridge2_isCompatibleWith 4
2023-06-23 14:53:29.145 29646-29711 libnb                   com.zhanghuang                       V  enter native_bridge2_isCompatibleWith 3
2023-06-23 14:53:29.145 29646-29711 libnb                   com.zhanghuang                       V  enter native_bridge3_loadLibraryExt /data/data/com.zhanghuang/app_e_qq_com_plugin_c4a3cb97806cecae65646808b7755026/libyaqpro.bcd860b4.so, 2, 0x0
2023-06-23 14:53:29.147 29646-29711 ziparchive              com.zhanghuang                       E  Zip: lseek on fd -2 failed: Bad file descriptor
2023-06-23 14:53:29.151 29646-29646 UMLog                   com.zhanghuang                       I  请在Application.onCreate函数中使用UMConfigure.preInit函数初始化友盟sdk
2023-06-23 14:53:29.153 29646-29646 crashsdk                com.zhanghuang                       I  Unexp log not enabled, skip update unexp info!
2023-06-23 14:53:29.159 29646-29646 OpenGLRenderer          com.zhanghuang                       D  Skia GL Pipeline
2023-06-23 14:53:29.181 29646-29646 com.zhanghuang          com.zhanghuang                       W  Accessing hidden field Landroid/app/Application;->mLoadedApk:Landroid/app/LoadedApk; (light greylist, reflection)
2023-06-23 14:53:29.181 29646-29646 com.zhanghuang          com.zhanghuang                       W  Accessing hidden field Landroid/app/LoadedApk;->mActivityThread:Landroid/app/ActivityThread; (light greylist, reflection)
2023-06-23 14:53:29.181 29646-29646 com.zhanghuang          com.zhanghuang                       W  Accessing hidden field Landroid/app/ActivityThread;->mActivities:Landroid/util/ArrayMap; (light greylist, reflection)
2023-06-23 14:53:29.181 29646-29646 com.zhanghuang          com.zhanghuang                       W  Accessing hidden field Landroid/app/ActivityThread$ActivityClientRecord;->activity:Landroid/app/Activity; (light greylist, reflection)
2023-06-23 14:53:29.181 29646-29646 com.zhanghuang          com.zhanghuang                       W  Accessing hidden field Landroid/app/ActivityThread$ActivityClientRecord;->paused:Z (light greylist, reflection)
2023-06-23 14:53:29.181 29646-29646 com.zhanghuang          com.zhanghuang                       W  Accessing hidden field Landroid/app/ActivityThread$ActivityClientRecord;->stopped:Z (light greylist, reflection)
2023-06-23 14:53:29.181 29646-29646 crashsdk                com.zhanghuang                       I  Unexp log not enabled, skip update unexp info!
2023-06-23 14:53:29.181 29646-29646 efs.config              com.zhanghuang                       I  --->>> configCallback key is apm_patrace_switch_rate ## value is 5
2023-06-23 14:53:29.182 29646-29646 efs.config              com.zhanghuang                       I  --->>> configCallback key is apm_net_state ## value is 0
2023-06-23 14:53:29.182 29646-29646 efs.config              com.zhanghuang                       I  --->>> configCallback key is apm_native_h5_state ## value is 0
2023-06-23 14:53:29.182 29646-29646 efs.config              com.zhanghuang                       I  --->>> configCallback key is apm_crash_user_max_count ## value is 20
2023-06-23 14:53:29.182 29646-29646 efs.config              com.zhanghuang                       I  --->>> configCallback key is apm_crash_user_upload_type ## value is 1
2023-06-23 14:53:29.182 29646-29646 efs.config              com.zhanghuang                       I  callback netRate is 0
2023-06-23 14:53:29.182 29646-29646 efs.config              com.zhanghuang                       I  callback nativeH5Rate is 0
2023-06-23 14:53:29.182 29646-29646 efs.config              com.zhanghuang                       I  callback crashMaxUserCount is 20
2023-06-23 14:53:29.190 29646-29646 efs.config              com.zhanghuang                       I  callback uploadType is 1
2023-06-23 14:53:29.191 29646-29646 efs.config              com.zhanghuang                       I  --->>> configCallback key is apm_memperf_sampling_rate ## value is 0
2023-06-23 14:53:29.192 29646-29646 efs.config              com.zhanghuang                       I  --->>> configCallback key is apm_memperf_collect_interval ## value is 5
2023-06-23 14:53:29.192 29646-29646 efs.config              com.zhanghuang                       I  --->>> configCallback key is apm_memperf_collect_max_period_sec ## value is 600
2023-06-23 14:53:29.192 29646-29646 efs.config              com.zhanghuang                       I  --->>> configCallback key is apm_startperf_sampling_rate ## value is 5
2023-06-23 14:53:29.193 29646-29694 efs.info.manager        com.zhanghuang                       W  network change: wifi
2023-06-23 14:53:29.203 29646-29680 MobclickAgent           com.zhanghuang                       D  延续上一个会话: 4F4A02775A4A030DEFE34B7F789E36CD
2023-06-23 14:53:29.208 29646-29680 UMLog                   com.zhanghuang                       D  当前发送策略为：启动时发送。详见链接 https://developer.umeng.com/docs/66632/detail/66976?um_channel=sdk
2023-06-23 14:53:29.231 29646-29716 HostConnection          com.zhanghuang                       I  HostConnection::HostConnection: pid=29646, tid=29716, this=0x7fff6bc41320
2023-06-23 14:53:29.233 29646-29716 <no-tag>                com.zhanghuang                       I  fastpipe: Connect success
2023-06-23 14:53:29.233 29646-29716 HostConnection          com.zhanghuang                       D  HostRPC::connect sucess: app=com.zhanghuang, pid=29646, tid=29716, this=0x7fff57846740
2023-06-23 14:53:29.233 29646-29716 HostConnection          com.zhanghuang                       D  queryAndSetGLESMaxVersion select gles-version: 3.1 hostGLVersion:46 process:com.zhanghuang
2023-06-23 14:53:29.234 29646-29716 <no-tag>                com.zhanghuang                       I  fastpipe: Connect success
2023-06-23 14:53:29.234 29646-29716 HostConnection          com.zhanghuang                       D  recv ProcessPuidReply name=com.zhanghuang puid=147 g_u64CapsFlag=1d
2023-06-23 14:53:29.241 29646-29716 ConfigStore             com.zhanghuang                       I  android::hardware::configstore::V1_0::ISurfaceFlingerConfigs::hasWideColorDisplay retrieved: 0
2023-06-23 14:53:29.242 29646-29716 ConfigStore             com.zhanghuang                       I  android::hardware::configstore::V1_0::ISurfaceFlingerConfigs::hasHDRDisplay retrieved: 0
2023-06-23 14:53:29.242 29646-29716 OpenGLRenderer          com.zhanghuang                       I  Initialized EGL, version 1.4
2023-06-23 14:53:29.242 29646-29716 OpenGLRenderer          com.zhanghuang                       D  Swap behavior 1
2023-06-23 14:53:29.242 29646-29716 EGL_adreno              com.zhanghuang                       I  eglCreateContext request GLES major-version=2
2023-06-23 14:53:29.246 29646-29711 libnb                   com.zhanghuang                       V  native_bridge3_loadLibraryExt: 0x7fff57a1fac0
2023-06-23 14:53:29.248 29646-29711 libnb                   com.zhanghuang                       V  enter native_bridge2_getTrampoline JNI_OnLoad, trampoline_addr 0x7fff72a02000
2023-06-23 14:53:29.248 29646-29716 EGL_adreno              com.zhanghuang                       D  eglCreateContext: 0x7fff6bc4e9c0: maj 3 min 1 rcv 4
2023-06-23 14:53:29.252 29646-29711 libnb                   com.zhanghuang                       V  enter native_bridge2_isCompatibleWith 4
2023-06-23 14:53:29.252 29646-29711 libnb                   com.zhanghuang                       V  enter native_bridge2_isCompatibleWith 3
2023-06-23 14:53:29.252 29646-29711 libnb                   com.zhanghuang                       V  enter native_bridge3_loadLibraryExt /data/data/com.zhanghuang/app_e_qq_com_plugin_c4a3cb97806cecae65646808b7755026/libyaqbasic.bcd860b4.so, 2, 0x0
2023-06-23 14:53:29.253 29646-29711 libnb                   com.zhanghuang                       V  native_bridge3_loadLibraryExt: 0x7fff57a22060
2023-06-23 14:53:29.253 29646-29711 libnb                   com.zhanghuang                       V  enter native_bridge2_getTrampoline JNI_OnLoad, trampoline_addr 0x7fff72a02020
2023-06-23 14:53:29.260 29646-29711 libnb                   com.zhanghuang                       V  enter native_bridge2_isCompatibleWith 4
2023-06-23 14:53:29.260 29646-29711 libnb                   com.zhanghuang                       V  enter native_bridge2_isCompatibleWith 3
2023-06-23 14:53:29.260 29646-29711 libnb                   com.zhanghuang                       V  enter native_bridge3_loadLibraryExt /data/data/com.zhanghuang/app_e_qq_com_plugin_c4a3cb97806cecae65646808b7755026/libMMANDKSignature.bcd860b4.so, 2, 0x0
2023-06-23 14:53:29.260 29646-29711 libnb                   com.zhanghuang                       V  native_bridge3_loadLibraryExt: 0x7fff57a225c0
2023-06-23 14:53:29.260 29646-29711 libnb                   com.zhanghuang                       V  enter native_bridge2_getTrampoline JNI_OnLoad, trampoline_addr 0x0
2023-06-23 14:53:29.260 29646-29711 libnb                   com.zhanghuang                       V  enter native_bridge2_isCompatibleWith 4
2023-06-23 14:53:29.260 29646-29711 libnb                   com.zhanghuang                       V  enter native_bridge2_isCompatibleWith 3
2023-06-23 14:53:29.260 29646-29711 libnb                   com.zhanghuang                       V  enter native_bridge3_loadLibraryExt /data/data/com.zhanghuang/app_e_qq_com_plugin_c4a3cb97806cecae65646808b7755026/libturingau.bcd860b4.so, 2, 0x0
2023-06-23 14:53:29.262 29646-29711 libnb                   com.zhanghuang                       V  native_bridge3_loadLibraryExt: 0x7fff57a22b20
2023-06-23 14:53:29.263 29646-29711 libnb                   com.zhanghuang                       V  enter native_bridge2_getTrampoline JNI_OnLoad, trampoline_addr 0x7fff72a021e0
2023-06-23 14:53:29.263 29646-29711 TuringFdNative          com.zhanghuang                       I  TuringFD v77 (8D2466BF3FB8AA9C, au, 150176e, rfr, compiled 2023_03_27_10_52_51) success 
2023-06-23 14:53:29.274 29646-29716 EGL_adreno              com.zhanghuang                       D  eglMakeCurrent: 0x7fff6bc4e9c0: ver 3 1 (tinfo 0x7fff6bdcf760)
2023-06-23 14:53:29.278 29646-29716 HostConnection          com.zhanghuang                       D  ExtendedRCEncoderContext GL_VERSION return OpenGL ES 3.1
2023-06-23 14:53:29.280 29646-29716 eglCodecCommon          com.zhanghuang                       E  glUtilsParamSize: unknow param 0x00008c29
2023-06-23 14:53:29.280 29646-29716 GLESv2_enc              com.zhanghuang                       W  no support GL_NUM_PROGRAM_BINARY_FORMATS
2023-06-23 14:53:29.288 29646-29716 vndksupport             com.zhanghuang                       D  Loading /vendor/lib64/hw/android.hardware.graphics.mapper@2.0-impl.so from current namespace instead of sphal namespace.
2023-06-23 14:53:29.288 29646-29716 vndksupport             com.zhanghuang                       D  Loading /vendor/lib64/hw/gralloc.default.so from current namespace instead of sphal namespace.
2023-06-23 14:53:29.294 29646-29716 EGL_adreno              com.zhanghuang                       E  tid 29716: eglSurfaceAttrib(1338): error 0x3009 (EGL_BAD_MATCH)
2023-06-23 14:53:29.294 29646-29716 OpenGLRenderer          com.zhanghuang                       W  Failed to set EGL_SWAP_BEHAVIOR on surface 0x7fff6bcf2b80, error=EGL_BAD_MATCH
2023-06-23 14:53:29.300 29646-29711 TuringFdJava            com.zhanghuang                       I  TuringFD v77 (8D2466BF3FB8AA9C, au, 150176e, rfr;rs, wup;105498, compiled 2023_03_27_10_52_51) [url(https://tdid.m.qq.com?mc=2);c(0)]
2023-06-23 14:53:29.302 29646-29716 EGL_adreno              com.zhanghuang                       D  eglMakeCurrent: 0x7fff6bc4e9c0: ver 3 1 (tinfo 0x7fff6bdcf760)
2023-06-23 14:53:29.346 29646-29729 com.zhanghuang          com.zhanghuang                       W  Accessing hidden method Landroid/webkit/WebViewFactory;->getWebViewContextAndSetProvider()Landroid/content/Context; (light greylist, reflection)
2023-06-23 14:53:29.368 29646-29740 libnb                   com.zhanghuang                       V  enter native_bridge2_isCompatibleWith 4
2023-06-23 14:53:29.368 29646-29740 libnb                   com.zhanghuang                       V  enter native_bridge2_isCompatibleWith 3
2023-06-23 14:53:29.368 29646-29740 libnb                   com.zhanghuang                       V  enter native_bridge3_loadLibraryExt /data/user/0/com.zhanghuang/app_adnet/dynamic/libquickjs.so, 2, 0x0
2023-06-23 14:53:29.376 29646-29740 libnb                   com.zhanghuang                       V  native_bridge3_loadLibraryExt: 0x7fff57a235e0
2023-06-23 14:53:29.376 29646-29740 libnb                   com.zhanghuang                       V  enter native_bridge2_getTrampoline JNI_OnLoad, trampoline_addr 0x0
2023-06-23 14:53:29.424 29646-29646 GDT_LOAD_AD_THR         com.zhanghuang                       I  type=1400 audit(0.0:12104): avc: denied { read } for name="virtio_net" dev="sysfs" ino=557 scontext=u:r:untrusted_app:s0:c51,c256,c512,c768 tcontext=u:object_r:sysfs:s0 tclass=dir permissive=1
2023-06-23 14:53:34.021 29646-29680 UMLog                   com.zhanghuang                       I  当前设备不支持获取OAID
2023-06-23 14:53:34.025 29646-29695 efs.config              com.zhanghuang                       D  app=58eb2d094544cb15d2001334&cver=1651209273&os=android&sd=sb4ZcFdtCqtMzoqz1BfLRw&sver=1651209273&tm=1687503214&um_sdk_ver=1.9.2&ver=2.0.8&wl_dd=2FpPPPSNmPui5vxS4v1UP7scA-oVWgkB9bn7AE0Dm-eEodAUlcGgJOC00Py_485u&sign=53cf9e25abbe8a2c963848006040391a
2023-06-23 14:53:34.025 29646-29695 efs.px.api              com.zhanghuang                       I  get config from server, url is https://errnewlog.umeng.com/apm_cc
2023-06-23 14:53:34.047 29646-29680 UMLog                   com.zhanghuang                       I  统计SDK版本号: 9.6.1
2023-06-23 14:53:34.047 29646-29680 UMLog                   com.zhanghuang                       I  ZID SDK版本号: 1.8.0
2023-06-23 14:53:34.049 29646-29680 UMLog                   com.zhanghuang                       I  APM SDK版本号: 1.9.2
2023-06-23 14:53:34.049 29646-29680 MobclickAgent           com.zhanghuang                       I  module init:aszioc
2023-06-23 14:53:34.056 29646-29680 com.zhanghuang          com.zhanghuang                       E  Invalid ID 0x00000000.
2023-06-23 14:53:34.141 29646-29695 efs.config              com.zhanghuang                       I  config request succ, config is:
                                                                                                     {"msg":"成功","code":0,"cip":"127.0.0.1","config":{"common":{"updateInteval":480,"gate_way_https":true},"app_configs":[{"conditions":[{"val":"0.0.0.0","opc":">=","fld":"ver"}],"actions":[{"opt":"apm_mem_state","set":0},{"opt":"apm_oom_state","set":0},{"opt":"apm_native_h5perf_sampling_rate","set":5},{"opt":"apm_memperf_collect_interval","set":5},{"opt":"apm_netperf_sampling_rate","set":5},{"opt":"apm_patrace_switch_rate","set":5},{"opt":"record_accumulation_time","set":60,"lt":"memperf"},{"opt":"apm_memperf_sampling_rate","set":0},{"opt":"apm_crash_user_upload_type","set":1},{"opt":"apm_memperf_collect_max_period_sec","set":600},{"opt":"apm_net_state","set":0},{"opt":"apm_startperf_sampling_rate","set":5},{"opt":"apm_crash_user_max_count","set":20},{"opt":"apm_oom_sampling_rate","set":5},{"opt":"apm_native_h5_state","set":0}]}]},"stm":1687503181,"cver":1651209273}
2023-06-23 14:53:34.141 29646-29695 efs.config              com.zhanghuang                       I  from server. efs config is {"msg":"成功","code":0,"cip":"127.0.0.1","config":{"common":{"updateInteval":480,"gate_way_https":true},"app_configs":[{"conditions":[{"val":"0.0.0.0","opc":">=","fld":"ver"}],"actions":[{"opt":"apm_mem_state","set":0},{"opt":"apm_oom_state","set":0},{"opt":"apm_native_h5perf_sampling_rate","set":5},{"opt":"apm_memperf_collect_interval","set":5},{"opt":"apm_netperf_sampling_rate","set":5},{"opt":"apm_patrace_switch_rate","set":5},{"opt":"record_accumulation_time","set":60,"lt":"memperf"},{"opt":"apm_memperf_sampling_rate","set":0},{"opt":"apm_crash_user_upload_type","set":1},{"opt":"apm_memperf_collect_max_period_sec","set":600},{"opt":"apm_net_state","set":0},{"opt":"apm_startperf_sampling_rate","set":5},{"opt":"apm_crash_user_max_count","set":20},{"opt":"apm_oom_sampling_rate","set":5},{"opt":"apm_native_h5_state","set":0}]}]},"stm":1687503181,"cver":1651209273}
