2023-06-22 20:22:18.291  6859-9211  MediaPlayer             com.zhanghuang                       V  resetDrmState:  mDrmInfo=null mDrmProvisioningThread=null mPrepareDrmInProgress=false mActiveDrmScheme=false
2023-06-22 20:22:18.291  6859-9211  MediaPlayer             com.zhanghuang                       V  cleanDrmObj: mDrmObj=null mDrmSessionId=null
2023-06-22 20:22:48.255  6859-9211  MediaPlayer             com.zhanghuang                       V  resetDrmState:  mDrmInfo=null mDrmProvisioningThread=null mPrepareDrmInProgress=false mActiveDrmScheme=false
2023-06-22 20:22:48.255  6859-9211  MediaPlayer             com.zhanghuang                       V  cleanDrmObj: mDrmObj=null mDrmSessionId=null
2023-06-22 20:22:48.256  6859-6859  MainHeadUint            com.zhanghuang                       I  onADReceive, ECPM: -1, ECPMLevel: , adNetWorkName: , testExtraInfo:-1, request_id:a7rdtdzs3m3mg3b
2023-06-22 20:22:48.256  6859-9211  MediaPlayer             com.zhanghuang                       V  resetDrmState:  mDrmInfo=null mDrmProvisioningThread=null mPrepareDrmInProgress=false mActiveDrmScheme=false
2023-06-22 20:22:48.256  6859-9211  MediaPlayer             com.zhanghuang                       V  cleanDrmObj: mDrmObj=null mDrmSessionId=null
2023-06-22 20:22:48.290  6859-9276  MediaPlayer             com.zhanghuang                       V  resetDrmState:  mDrmInfo=null mDrmProvisioningThread=null mPrepareDrmInProgress=false mActiveDrmScheme=false
2023-06-22 20:22:48.290  6859-9276  MediaPlayer             com.zhanghuang                       V  cleanDrmObj: mDrmObj=null mDrmSessionId=null
2023-06-22 20:23:18.273  6859-9276  MediaPlayer             com.zhanghuang                       V  resetDrmState:  mDrmInfo=null mDrmProvisioningThread=null mPrepareDrmInProgress=false mActiveDrmScheme=false
2023-06-22 20:23:18.273  6859-9276  MediaPlayer             com.zhanghuang                       V  cleanDrmObj: mDrmObj=null mDrmSessionId=null
2023-06-22 20:23:18.273  6859-9276  MediaPlayer             com.zhanghuang                       V  resetDrmState:  mDrmInfo=null mDrmProvisioningThread=null mPrepareDrmInProgress=false mActiveDrmScheme=false
2023-06-22 20:23:18.273  6859-9276  MediaPlayer             com.zhanghuang                       V  cleanDrmObj: mDrmObj=null mDrmSessionId=null
2023-06-22 20:23:18.274  6859-6859  MainHeadUint            com.zhanghuang                       I  onADReceive, ECPM: -1, ECPMLevel: , adNetWorkName: , testExtraInfo:-1, request_id:a7rdtdzs3m3mg2c
2023-06-22 20:23:18.283  6859-9342  MediaPlayer             com.zhanghuang                       V  resetDrmState:  mDrmInfo=null mDrmProvisioningThread=null mPrepareDrmInProgress=false mActiveDrmScheme=false
2023-06-22 20:23:18.283  6859-9342  MediaPlayer             com.zhanghuang                       V  cleanDrmObj: mDrmObj=null mDrmSessionId=null
2023-06-22 20:23:48.269  6859-6859  MainHeadUint            com.zhanghuang                       I  onADReceive, ECPM: -1, ECPMLevel: , adNetWorkName: , testExtraInfo:-1, request_id:a7rdtdzs3m3mg8a
2023-06-22 20:23:48.281  6859-9342  MediaPlayer             com.zhanghuang                       V  resetDrmState:  mDrmInfo=null mDrmProvisioningThread=null mPrepareDrmInProgress=false mActiveDrmScheme=false
2023-06-22 20:23:48.281  6859-9342  MediaPlayer             com.zhanghuang                       V  cleanDrmObj: mDrmObj=null mDrmSessionId=null
2023-06-22 20:23:48.281  6859-9342  MediaPlayer             com.zhanghuang                       V  resetDrmState:  mDrmInfo=null mDrmProvisioningThread=null mPrepareDrmInProgress=false mActiveDrmScheme=false
2023-06-22 20:23:48.281  6859-9342  MediaPlayer             com.zhanghuang                       V  cleanDrmObj: mDrmObj=null mDrmSessionId=null
2023-06-22 20:23:48.289  6859-9407  MediaPlayer             com.zhanghuang                       V  resetDrmState:  mDrmInfo=null mDrmProvisioningThread=null mPrepareDrmInProgress=false mActiveDrmScheme=false
2023-06-22 20:23:48.289  6859-9407  MediaPlayer             com.zhanghuang                       V  cleanDrmObj: mDrmObj=null mDrmSessionId=null
2023-06-22 20:24:18.269  6859-9407  MediaPlayer             com.zhanghuang                       V  resetDrmState:  mDrmInfo=null mDrmProvisioningThread=null mPrepareDrmInProgress=false mActiveDrmScheme=false
2023-06-22 20:24:18.269  6859-9407  MediaPlayer             com.zhanghuang                       V  cleanDrmObj: mDrmObj=null mDrmSessionId=null
2023-06-22 20:24:18.269  6859-6859  MessageQueue            com.zhanghuang                       W  Handler (com.qq.e.comm.plugin.util.O0) {c2ccb7a} sending message to a Handler on a dead thread
                                                                                                    java.lang.IllegalStateException: Handler (com.qq.e.comm.plugin.util.O0) {c2ccb7a} sending message to a Handler on a dead thread
                                                                                                    	at android.os.MessageQueue.enqueueMessage(MessageQueue.java:546)
                                                                                                    	at android.os.Handler.enqueueMessage(Handler.java:745)
                                                                                                    	at android.os.Handler.sendMessageAtTime(Handler.java:697)
                                                                                                    	at android.os.Handler.sendMessageDelayed(Handler.java:667)
                                                                                                    	at android.os.Handler.sendEmptyMessageDelayed(Handler.java:631)
                                                                                                    	at android.os.Handler.sendEmptyMessage(Handler.java:616)
                                                                                                    	at com.qq.e.comm.plugin.J.h.e.y(A:1)
                                                                                                    	at com.qq.e.comm.plugin.J.h.e$s.a(A:23)
                                                                                                    	at com.qq.e.comm.plugin.J.h.e.onDetachedFromWindow(A:6)
                                                                                                    	at android.view.View.dispatchDetachedFromWindow(View.java:18414)
                                                                                                    	at android.view.ViewGroup.dispatchDetachedFromWindow(ViewGroup.java:3769)
                                                                                                    	at android.view.ViewGroup.dispatchDetachedFromWindow(ViewGroup.java:3769)
                                                                                                    	at android.view.ViewGroup.dispatchDetachedFromWindow(ViewGroup.java:3769)
                                                                                                    	at android.view.ViewGroup.dispatchDetachedFromWindow(ViewGroup.java:3769)
                                                                                                    	at android.view.ViewGroup.dispatchDetachedFromWindow(ViewGroup.java:3769)
                                                                                                    	at android.view.ViewGroup.dispatchDetachedFromWindow(ViewGroup.java:3769)
                                                                                                    	at android.view.ViewGroup.dispatchDetachedFromWindow(ViewGroup.java:3769)
                                                                                                    	at android.view.ViewGroup.removeAllViewsInLayout(ViewGroup.java:5571)
                                                                                                    	at android.view.ViewGroup.removeAllViews(ViewGroup.java:5517)
                                                                                                    	at com.qq.e.comm.plugin.banner2.a$a.run(A:63)
                                                                                                    	at android.os.Handler.handleCallback(Handler.java:873)
                                                                                                    	at android.os.Handler.dispatchMessage(Handler.java:99)
                                                                                                    	at android.os.Looper.loop(Looper.java:193)
                                                                                                    	at android.app.ActivityThread.main(ActivityThread.java:6825)
                                                                                                    	at java.lang.reflect.Method.invoke(Native Method)
                                                                                                    	at com.android.internal.os.RuntimeInit$MethodAndArgsCaller.run(RuntimeInit.java:493)
                                                                                                    	at com.android.internal.os.ZygoteInit.main(ZygoteInit.java:860)
2023-06-22 20:24:18.269  6859-9407  MediaPlayer             com.zhanghuang                       V  resetDrmState:  mDrmInfo=null mDrmProvisioningThread=null mPrepareDrmInProgress=false mActiveDrmScheme=false
2023-06-22 20:24:18.269  6859-9407  MediaPlayer             com.zhanghuang                       V  cleanDrmObj: mDrmObj=null mDrmSessionId=null
2023-06-22 20:24:18.280  6859-6859  MainHeadUint            com.zhanghuang                       I  onADReceive, ECPM: -1, ECPMLevel: , adNetWorkName: , testExtraInfo:-1, request_id:a7rdtdzs3m3mg8d
2023-06-22 20:24:18.298  6859-9472  MediaPlayer             com.zhanghuang                       V  resetDrmState:  mDrmInfo=null mDrmProvisioningThread=null mPrepareDrmInProgress=false mActiveDrmScheme=false
2023-06-22 20:24:18.298  6859-9472  MediaPlayer             com.zhanghuang                       V  cleanDrmObj: mDrmObj=null mDrmSessionId=null
2023-06-22 20:24:48.269  6859-9472  MediaPlayer             com.zhanghuang                       V  resetDrmState:  mDrmInfo=null mDrmProvisioningThread=null mPrepareDrmInProgress=false mActiveDrmScheme=false
2023-06-22 20:24:48.269  6859-9472  MediaPlayer             com.zhanghuang                       V  cleanDrmObj: mDrmObj=null mDrmSessionId=null
2023-06-22 20:24:48.269  6859-9472  MediaPlayer             com.zhanghuang                       V  resetDrmState:  mDrmInfo=null mDrmProvisioningThread=null mPrepareDrmInProgress=false mActiveDrmScheme=false
2023-06-22 20:24:48.269  6859-9472  MediaPlayer             com.zhanghuang                       V  cleanDrmObj: mDrmObj=null mDrmSessionId=null
2023-06-22 20:24:48.270  6859-6859  MainHeadUint            com.zhanghuang                       I  onADReceive, ECPM: -1, ECPMLevel: , adNetWorkName: , testExtraInfo:-1, request_id:a7rdtdzs3m3mg2c
2023-06-22 20:24:48.288  6859-9536  MediaPlayer             com.zhanghuang                       V  resetDrmState:  mDrmInfo=null mDrmProvisioningThread=null mPrepareDrmInProgress=false mActiveDrmScheme=false
2023-06-22 20:24:48.288  6859-9536  MediaPlayer             com.zhanghuang                       V  cleanDrmObj: mDrmObj=null mDrmSessionId=null
2023-06-22 20:24:53.186  6859-6859  MicroMsg.P....WXFactory com.zhanghuang                       D  createWXAPI, appId = wx5846c59e6f1304a9, checkSignature = false
2023-06-22 20:24:53.186  6859-6859  MicroMsg.P....WXFactory com.zhanghuang                       D  createWXAPI, appId = wx5846c59e6f1304a9, checkSignature = false, launchMode = 2
2023-06-22 20:24:53.186  6859-6859  MicroMsg.S...ApiImplV10 com.zhanghuang                       D  <init>, appId = wx5846c59e6f1304a9, checkSignature = false, launchMode = 2
2023-06-22 20:24:53.203  6859-6931  EGL_adreno              com.zhanghuang                       E  tid 6931: eglSurfaceAttrib(1338): error 0x3009 (EGL_BAD_MATCH)
2023-06-22 20:24:53.203  6859-6931  OpenGLRenderer          com.zhanghuang                       W  Failed to set EGL_SWAP_BEHAVIOR on surface 0x7fff59aafe80, error=EGL_BAD_MATCH
2023-06-22 20:24:53.305  6859-6931  EGL_adreno              com.zhanghuang                       E  tid 6931: eglSurfaceAttrib(1338): error 0x3009 (EGL_BAD_MATCH)
2023-06-22 20:24:53.305  6859-6931  OpenGLRenderer          com.zhanghuang                       W  Failed to set EGL_SWAP_BEHAVIOR on surface 0x7fff59aafe80, error=EGL_BAD_MATCH
2023-06-22 20:24:53.305  6859-6931  EGL_adreno              com.zhanghuang                       D  eglMakeCurrent: 0x7fff6a35c300: ver 3 1 (tinfo 0x7fff727e5b80)
2023-06-22 20:24:54.617  6859-6931  EGL_adreno              com.zhanghuang                       D  eglMakeCurrent: 0x7fff6a35c300: ver 3 1 (tinfo 0x7fff727e5b80)
2023-06-22 20:24:54.619  6859-6859  InputEventReceiver      com.zhanghuang                       W  Attempted to finish an input event but the input event receiver has already been disposed.
2023-06-22 20:24:55.919  6859-6931  EGL_adreno              com.zhanghuang                       E  tid 6931: eglSurfaceAttrib(1338): error 0x3009 (EGL_BAD_MATCH)
2023-06-22 20:24:55.919  6859-6931  OpenGLRenderer          com.zhanghuang                       W  Failed to set EGL_SWAP_BEHAVIOR on surface 0x7fff4ffff480, error=EGL_BAD_MATCH
2023-06-22 20:24:55.922  6859-6931  EGL_adreno              com.zhanghuang                       D  eglMakeCurrent: 0x7fff6a35c300: ver 3 1 (tinfo 0x7fff727e5b80)
2023-06-22 20:24:56.681  6859-6931  EGL_adreno              com.zhanghuang                       D  eglMakeCurrent: 0x7fff6a35c300: ver 3 1 (tinfo 0x7fff727e5b80)
2023-06-22 20:24:56.685  6859-6859  EventBus                com.zhanghuang                       W  Subscriber to unregister was not registered before: class com.zhanghuang.ProductActivity
2023-06-22 20:24:56.685  6859-6859  InputEventReceiver      com.zhanghuang                       W  Attempted to finish an input event but the input event receiver has already been disposed.
2023-06-22 20:24:57.911  6859-6859  UMLog                   com.zhanghuang                       E  
2023-06-22 20:24:57.911  6859-6859  UMLog                   com.zhanghuang                       E       onPageStartonPageEnd
2023-06-22 20:24:57.911  6859-6859  UMLog                   com.zhanghuang                       E  
2023-06-22 20:24:57.911  6859-6859  UMLog                   com.zhanghuang                       E       onPageStartonPageEnd https://developer.umeng.com/docs/66632/detail/66975?um_channel=sdk
2023-06-22 20:24:57.911  6859-6859  UMLog                   com.zhanghuang                       E  
2023-06-22 20:24:57.912  6859-6859  UMLog                   com.zhanghuang                       E  
2023-06-22 20:24:57.912  6859-6859  UMLog                   com.zhanghuang                       E       onPageStartonPageEnd
2023-06-22 20:24:57.912  6859-6859  UMLog                   com.zhanghuang                       E  
2023-06-22 20:24:57.912  6859-6859  UMLog                   com.zhanghuang                       E       onPageStartonPageEnd https://developer.umeng.com/docs/66632/detail/66975?um_channel=sdk
2023-06-22 20:24:57.912  6859-6859  UMLog                   com.zhanghuang                       E  
2023-06-22 20:24:57.912  6859-6859  UMLog                   com.zhanghuang                       E  
2023-06-22 20:24:57.912  6859-6859  UMLog                   com.zhanghuang                       E       onPageStartonPageEnd
2023-06-22 20:24:57.912  6859-6859  UMLog                   com.zhanghuang                       E  
2023-06-22 20:24:57.912  6859-6859  UMLog                   com.zhanghuang                       E       onPageStartonPageEnd https://developer.umeng.com/docs/66632/detail/66975?um_channel=sdk
2023-06-22 20:24:57.912  6859-6859  UMLog                   com.zhanghuang                       E  
2023-06-22 20:24:57.912  6859-6859  UMLog                   com.zhanghuang                       E  
2023-06-22 20:24:57.912  6859-6859  UMLog                   com.zhanghuang                       E       onPageStartonPageEnd
2023-06-22 20:24:57.912  6859-6859  UMLog                   com.zhanghuang                       E  
2023-06-22 20:24:57.914  6859-6859  UMLog                   com.zhanghuang                       E       onPageStartonPageEnd https://developer.umeng.com/docs/66632/detail/66975?um_channel=sdk
2023-06-22 20:24:57.914  6859-6859  UMLog                   com.zhanghuang                       E  
2023-06-22 20:24:57.914  6859-6859  UMLog                   com.zhanghuang                       E  
2023-06-22 20:24:57.914  6859-6859  UMLog                   com.zhanghuang                       E       MainActivityonPageStartonPageEnd
2023-06-22 20:24:57.914  6859-6859  UMLog                   com.zhanghuang                       E  
2023-06-22 20:24:57.914  6859-6859  UMLog                   com.zhanghuang                       E       onPageStartonPageEnd https://developer.umeng.com/docs/66632/detail/66975?um_channel=sdk
2023-06-22 20:24:57.914  6859-6859  UMLog                   com.zhanghuang                       E  
2023-06-22 20:24:57.916  6859-6859  ActivityThread          com.zhanghuang                       W  handleWindowVisibility: no activity for token android.os.BinderProxy@84c4eeb
2023-06-22 20:24:57.930  6859-6859  crashsdk                com.zhanghuang                       I  Unexp log not enabled, skip update unexp info!
2023-06-22 20:24:57.938  6859-6893  MobclickAgent           com.zhanghuang                       D  : 4F4A02775A4A030DEFE34B7F789E36CD
2023-06-22 20:24:57.941  6859-6893  UMLog                   com.zhanghuang                       D   https://developer.umeng.com/docs/66632/detail/66976?um_channel=sdk
2023-06-22 20:24:57.956  6859-6931  EGL_adreno              com.zhanghuang                       E  tid 6931: eglSurfaceAttrib(1338): error 0x3009 (EGL_BAD_MATCH)
2023-06-22 20:24:57.956  6859-6931  OpenGLRenderer          com.zhanghuang                       W  Failed to set EGL_SWAP_BEHAVIOR on surface 0x7fff6897fa00, error=EGL_BAD_MATCH
2023-06-22 20:24:57.962  6859-6931  EGL_adreno              com.zhanghuang                       D  eglMakeCurrent: 0x7fff6a35c300: ver 3 1 (tinfo 0x7fff727e5b80)
2023-06-22 20:24:59.725  6859-6859  MicroMsg.P....WXFactory com.zhanghuang                       D  createWXAPI, appId = wx5846c59e6f1304a9, checkSignature = false
2023-06-22 20:24:59.725  6859-6859  MicroMsg.P....WXFactory com.zhanghuang                       D  createWXAPI, appId = wx5846c59e6f1304a9, checkSignature = false, launchMode = 2
2023-06-22 20:24:59.725  6859-6859  MicroMsg.S...ApiImplV10 com.zhanghuang                       D  <init>, appId = wx5846c59e6f1304a9, checkSignature = false, launchMode = 2
2023-06-22 20:24:59.743  6859-6931  EGL_adreno              com.zhanghuang                       E  tid 6931: eglSurfaceAttrib(1338): error 0x3009 (EGL_BAD_MATCH)
2023-06-22 20:24:59.743  6859-6931  OpenGLRenderer          com.zhanghuang                       W  Failed to set EGL_SWAP_BEHAVIOR on surface 0x7fff5971a200, error=EGL_BAD_MATCH
2023-06-22 20:24:59.789  6859-6931  EGL_adreno              com.zhanghuang                       E  tid 6931: eglSurfaceAttrib(1338): error 0x3009 (EGL_BAD_MATCH)
2023-06-22 20:24:59.789  6859-6931  OpenGLRenderer          com.zhanghuang                       W  Failed to set EGL_SWAP_BEHAVIOR on surface 0x7fff5971a200, error=EGL_BAD_MATCH
2023-06-22 20:24:59.789  6859-6931  EGL_adreno              com.zhanghuang                       D  eglMakeCurrent: 0x7fff6a35c300: ver 3 1 (tinfo 0x7fff727e5b80)
2023-06-22 20:25:00.779  6859-6859  ProductActivity         com.zhanghuang                       I  onItemClick:: id: 0
2023-06-22 20:25:00.779  6859-6859  ProductActivity         com.zhanghuang                       I  onItemClick:: position: 0
2023-06-22 20:25:00.810  6859-6931  EGL_adreno              com.zhanghuang                       E  tid 6931: eglSurfaceAttrib(1338): error 0x3009 (EGL_BAD_MATCH)
2023-06-22 20:25:00.811  6859-6931  OpenGLRenderer          com.zhanghuang                       W  Failed to set EGL_SWAP_BEHAVIOR on surface 0x7fff4dade300, error=EGL_BAD_MATCH
2023-06-22 20:25:00.813  6859-6931  EGL_adreno              com.zhanghuang                       D  eglMakeCurrent: 0x7fff6a35c300: ver 3 1 (tinfo 0x7fff727e5b80)
2023-06-22 20:25:02.180  6859-6931  chatty                  com.zhanghuang                       I  uid=10051(com.zhanghuang) RenderThread identical 33 lines
2023-06-22 20:25:02.181  6859-6931  EGL_adreno              com.zhanghuang                       D  eglMakeCurrent: 0x7fff6a35c300: ver 3 1 (tinfo 0x7fff727e5b80)
2023-06-22 20:25:02.565  6859-6859  ProductActivity         com.zhanghuang                       I  BaseMode(status=false, message=null, err=null)
2023-06-22 20:25:02.566  6859-6859  MicroMsg.S...sgImplComm com.zhanghuang                       D  ignore wechat app signature validation
2023-06-22 20:25:02.566  6859-6859  MicroMsg.S...ApiImplV10 com.zhanghuang                       I  sendReq, req type = 5
2023-06-22 20:25:02.568  6859-6859  ActivityThread          com.zhanghuang                       E  Failed to find provider info for com.tencent.mm.sdk.plugin.provider
2023-06-22 20:25:02.568  6859-6859  MicroMsg.S...ApiImplV10 com.zhanghuang                       D  pay, set wxappPayEntryClassname = null
2023-06-22 20:25:02.569  6859-6859  MicroMsg.S...ApiImplV10 com.zhanghuang                       E  get from metaData failed : com.tencent.mm
2023-06-22 20:25:02.569  6859-6859  MicroMsg.S...ApiImplV10 com.zhanghuang                       E  pay fail, wxappPayEntryClassname is null
---------------------------- PROCESS ENDED (6859) for package com.zhanghuang ----------------------------
---------------------------- PROCESS STARTED (6532) for package com.zhanghuang ----------------------------
2023-06-23 13:02:27.707  6532-6532  com.zhanghuang          com.zhanghuang                       I  The ClassLoaderContext is a special shared library.
2023-06-23 13:02:28.008  6532-6532  com.zhanghuang          com.zhanghuang                       I  Rejecting re-init on previously-failed class java.lang.Class<net.sqlcipher.database.SQLiteDatabase>: java.lang.NoClassDefFoundError: Failed resolution of: Landroidx/sqlite/db/SupportSQLiteDatabase;
2023-06-23 13:02:28.008  6532-6532  com.zhanghuang          com.zhanghuang                       I    at void com.zhanghuang.db.DaoManager.<init>() (DaoManager.java:20)
2023-06-23 13:02:28.008  6532-6532  com.zhanghuang          com.zhanghuang                       I    at com.zhanghuang.db.DaoManager com.zhanghuang.db.DaoManager.getInstance() (DaoManager.java:27)
2023-06-23 13:02:28.008  6532-6532  com.zhanghuang          com.zhanghuang                       I    at void com.zhanghuang.MainApplication.onCreate() (MainApplication.java:65)
2023-06-23 13:02:28.008  6532-6532  com.zhanghuang          com.zhanghuang                       I    at void android.app.Instrumentation.callApplicationOnCreate(android.app.Application) (Instrumentation.java:1154)
2023-06-23 13:02:28.008  6532-6532  com.zhanghuang          com.zhanghuang                       I    at void android.app.ActivityThread.handleBindApplication(android.app.ActivityThread$AppBindData) (ActivityThread.java:6021)
2023-06-23 13:02:28.008  6532-6532  com.zhanghuang          com.zhanghuang                       I    at void android.app.ActivityThread.access$1100(android.app.ActivityThread, android.app.ActivityThread$AppBindData) (ActivityThread.java:207)
2023-06-23 13:02:28.008  6532-6532  com.zhanghuang          com.zhanghuang                       I    at void android.app.ActivityThread$H.handleMessage(android.os.Message) (ActivityThread.java:1663)
2023-06-23 13:02:28.008  6532-6532  com.zhanghuang          com.zhanghuang                       I    at void android.os.Handler.dispatchMessage(android.os.Message) (Handler.java:106)
2023-06-23 13:02:28.008  6532-6532  com.zhanghuang          com.zhanghuang                       I    at void android.os.Looper.loop() (Looper.java:193)
2023-06-23 13:02:28.008  6532-6532  com.zhanghuang          com.zhanghuang                       I    at void android.app.ActivityThread.main(java.lang.String[]) (ActivityThread.java:6825)
2023-06-23 13:02:28.008  6532-6532  com.zhanghuang          com.zhanghuang                       I    at java.lang.Object java.lang.reflect.Method.invoke(java.lang.Object, java.lang.Object[]) (Method.java:-2)
2023-06-23 13:02:28.008  6532-6532  com.zhanghuang          com.zhanghuang                       I    at void com.android.internal.os.RuntimeInit$MethodAndArgsCaller.run() (RuntimeInit.java:493)
2023-06-23 13:02:28.008  6532-6532  com.zhanghuang          com.zhanghuang                       I    at void com.android.internal.os.ZygoteInit.main(java.lang.String[]) (ZygoteInit.java:860)
2023-06-23 13:02:28.008  6532-6532  com.zhanghuang          com.zhanghuang                       I  Caused by: java.lang.ClassNotFoundException: Didn't find class "androidx.sqlite.db.SupportSQLiteDatabase" on path: DexPathList[[zip file "/system/framework/org.apache.http.legacy.boot.jar", zip file "/data/app/com.zhanghuang-_QidOwWHqPQTIuwapinJAA==/base.apk"],nativeLibraryDirectories=[/data/app/com.zhanghuang-_QidOwWHqPQTIuwapinJAA==/lib/x86_64, /data/app/com.zhanghuang-_QidOwWHqPQTIuwapinJAA==/base.apk!/lib/x86_64, /system/lib64, /system/vendor/lib64]]
2023-06-23 13:02:28.008  6532-6532  com.zhanghuang          com.zhanghuang                       I    at java.lang.Class dalvik.system.BaseDexClassLoader.findClass(java.lang.String) (BaseDexClassLoader.java:134)
2023-06-23 13:02:28.008  6532-6532  com.zhanghuang          com.zhanghuang                       I    at java.lang.Class java.lang.ClassLoader.loadClass(java.lang.String, boolean) (ClassLoader.java:379)
2023-06-23 13:02:28.008  6532-6532  com.zhanghuang          com.zhanghuang                       I    at java.lang.Class java.lang.ClassLoader.loadClass(java.lang.String) (ClassLoader.java:312)
2023-06-23 13:02:28.008  6532-6532  com.zhanghuang          com.zhanghuang                       I    at void com.zhanghuang.db.DaoManager.<init>() (DaoManager.java:20)
2023-06-23 13:02:28.008  6532-6532  com.zhanghuang          com.zhanghuang                       I    at com.zhanghuang.db.DaoManager com.zhanghuang.db.DaoManager.getInstance() (DaoManager.java:27)
2023-06-23 13:02:28.008  6532-6532  com.zhanghuang          com.zhanghuang                       I    at void com.zhanghuang.MainApplication.onCreate() (MainApplication.java:65)
2023-06-23 13:02:28.008  6532-6532  com.zhanghuang          com.zhanghuang                       I    at void android.app.Instrumentation.callApplicationOnCreate(android.app.Application) (Instrumentation.java:1154)
2023-06-23 13:02:28.008  6532-6532  com.zhanghuang          com.zhanghuang                       I    at void android.app.ActivityThread.handleBindApplication(android.app.ActivityThread$AppBindData) (ActivityThread.java:6021)
2023-06-23 13:02:28.008  6532-6532  com.zhanghuang          com.zhanghuang                       I    at void android.app.ActivityThread.access$1100(android.app.ActivityThread, android.app.ActivityThread$AppBindData) (ActivityThread.java:207)
2023-06-23 13:02:28.008  6532-6532  com.zhanghuang          com.zhanghuang                       I    at void android.app.ActivityThread$H.handleMessage(android.os.Message) (ActivityThread.java:1663)
2023-06-23 13:02:28.008  6532-6532  com.zhanghuang          com.zhanghuang                       I    at void android.os.Handler.dispatchMessage(android.os.Message) (Handler.java:106)
2023-06-23 13:02:28.008  6532-6532  com.zhanghuang          com.zhanghuang                       I    at void android.os.Looper.loop() (Looper.java:193)
2023-06-23 13:02:28.008  6532-6532  com.zhanghuang          com.zhanghuang                       I    at void android.app.ActivityThread.main(java.lang.String[]) (ActivityThread.java:6825)
2023-06-23 13:02:28.008  6532-6532  com.zhanghuang          com.zhanghuang                       I    at java.lang.Object java.lang.reflect.Method.invoke(java.lang.Object, java.lang.Object[]) (Method.java:-2)
2023-06-23 13:02:28.008  6532-6532  com.zhanghuang          com.zhanghuang                       I    at void com.android.internal.os.RuntimeInit$MethodAndArgsCaller.run() (RuntimeInit.java:493)
2023-06-23 13:02:28.008  6532-6532  com.zhanghuang          com.zhanghuang                       I    at void com.android.internal.os.ZygoteInit.main(java.lang.String[]) (ZygoteInit.java:860)
2023-06-23 13:02:28.008  6532-6532  com.zhanghuang          com.zhanghuang                       I  
2023-06-23 13:02:28.008  6532-6532  com.zhanghuang          com.zhanghuang                       I  Rejecting re-init on previously-failed class java.lang.Class<net.sqlcipher.database.SQLiteDatabase>: java.lang.NoClassDefFoundError: Failed resolution of: Landroidx/sqlite/db/SupportSQLiteDatabase;
2023-06-23 13:02:28.008  6532-6532  com.zhanghuang          com.zhanghuang                       I    at void com.zhanghuang.db.DaoManager.<init>() (DaoManager.java:20)
2023-06-23 13:02:28.008  6532-6532  com.zhanghuang          com.zhanghuang                       I    at com.zhanghuang.db.DaoManager com.zhanghuang.db.DaoManager.getInstance() (DaoManager.java:27)
2023-06-23 13:02:28.008  6532-6532  com.zhanghuang          com.zhanghuang                       I    at void com.zhanghuang.MainApplication.onCreate() (MainApplication.java:65)
2023-06-23 13:02:28.008  6532-6532  com.zhanghuang          com.zhanghuang                       I    at void android.app.Instrumentation.callApplicationOnCreate(android.app.Application) (Instrumentation.java:1154)
2023-06-23 13:02:28.008  6532-6532  com.zhanghuang          com.zhanghuang                       I    at void android.app.ActivityThread.handleBindApplication(android.app.ActivityThread$AppBindData) (ActivityThread.java:6021)
2023-06-23 13:02:28.008  6532-6532  com.zhanghuang          com.zhanghuang                       I    at void android.app.ActivityThread.access$1100(android.app.ActivityThread, android.app.ActivityThread$AppBindData) (ActivityThread.java:207)
2023-06-23 13:02:28.008  6532-6532  com.zhanghuang          com.zhanghuang                       I    at void android.app.ActivityThread$H.handleMessage(android.os.Message) (ActivityThread.java:1663)
2023-06-23 13:02:28.008  6532-6532  com.zhanghuang          com.zhanghuang                       I    at void android.os.Handler.dispatchMessage(android.os.Message) (Handler.java:106)
2023-06-23 13:02:28.008  6532-6532  com.zhanghuang          com.zhanghuang                       I    at void android.os.Looper.loop() (Looper.java:193)
2023-06-23 13:02:28.008  6532-6532  com.zhanghuang          com.zhanghuang                       I    at void android.app.ActivityThread.main(java.lang.String[]) (ActivityThread.java:6825)
2023-06-23 13:02:28.008  6532-6532  com.zhanghuang          com.zhanghuang                       I    at java.lang.Object java.lang.reflect.Method.invoke(java.lang.Object, java.lang.Object[]) (Method.java:-2)
2023-06-23 13:02:28.008  6532-6532  com.zhanghuang          com.zhanghuang                       I    at void com.android.internal.os.RuntimeInit$MethodAndArgsCaller.run() (RuntimeInit.java:493)
2023-06-23 13:02:28.008  6532-6532  com.zhanghuang          com.zhanghuang                       I    at void com.android.internal.os.ZygoteInit.main(java.lang.String[]) (ZygoteInit.java:860)
2023-06-23 13:02:28.008  6532-6532  com.zhanghuang          com.zhanghuang                       I  Caused by: java.lang.ClassNotFoundException: Didn't find class "androidx.sqlite.db.SupportSQLiteDatabase" on path: DexPathList[[zip file "/system/framework/org.apache.http.legacy.boot.jar", zip file "/data/app/com.zhanghuang-_QidOwWHqPQTIuwapinJAA==/base.apk"],nativeLibraryDirectories=[/data/app/com.zhanghuang-_QidOwWHqPQTIuwapinJAA==/lib/x86_64, /data/app/com.zhanghuang-_QidOwWHqPQTIuwapinJAA==/base.apk!/lib/x86_64, /system/lib64, /system/vendor/lib64]]
2023-06-23 13:02:28.008  6532-6532  com.zhanghuang          com.zhanghuang                       I    at java.lang.Class dalvik.system.BaseDexClassLoader.findClass(java.lang.String) (BaseDexClassLoader.java:134)
2023-06-23 13:02:28.008  6532-6532  com.zhanghuang          com.zhanghuang                       I    at java.lang.Class java.lang.ClassLoader.loadClass(java.lang.String, boolean) (ClassLoader.java:379)
2023-06-23 13:02:28.008  6532-6532  com.zhanghuang          com.zhanghuang                       I    at java.lang.Class java.lang.ClassLoader.loadClass(java.lang.String) (ClassLoader.java:312)
2023-06-23 13:02:28.008  6532-6532  com.zhanghuang          com.zhanghuang                       I    at void com.zhanghuang.db.DaoManager.<init>() (DaoManager.java:20)
2023-06-23 13:02:28.008  6532-6532  com.zhanghuang          com.zhanghuang                       I    at com.zhanghuang.db.DaoManager com.zhanghuang.db.DaoManager.getInstance() (DaoManager.java:27)
2023-06-23 13:02:28.008  6532-6532  com.zhanghuang          com.zhanghuang                       I    at void com.zhanghuang.MainApplication.onCreate() (MainApplication.java:65)
2023-06-23 13:02:28.008  6532-6532  com.zhanghuang          com.zhanghuang                       I    at void android.app.Instrumentation.callApplicationOnCreate(android.app.Application) (Instrumentation.java:1154)
2023-06-23 13:02:28.008  6532-6532  com.zhanghuang          com.zhanghuang                       I    at void android.app.ActivityThread.handleBindApplication(android.app.ActivityThread$AppBindData) (ActivityThread.java:6021)
2023-06-23 13:02:28.008  6532-6532  com.zhanghuang          com.zhanghuang                       I    at void android.app.ActivityThread.access$1100(android.app.ActivityThread, android.app.ActivityThread$AppBindData) (ActivityThread.java:207)
2023-06-23 13:02:28.008  6532-6532  com.zhanghuang          com.zhanghuang                       I    at void android.app.ActivityThread$H.handleMessage(android.os.Message) (ActivityThread.java:1663)
2023-06-23 13:02:28.008  6532-6532  com.zhanghuang          com.zhanghuang                       I    at void android.os.Handler.dispatchMessage(android.os.Message) (Handler.java:106)
2023-06-23 13:02:28.008  6532-6532  com.zhanghuang          com.zhanghuang                       I    at void android.os.Looper.loop() (Looper.java:193)
2023-06-23 13:02:28.008  6532-6532  com.zhanghuang          com.zhanghuang                       I    at void android.app.ActivityThread.main(java.lang.String[]) (ActivityThread.java:6825)
2023-06-23 13:02:28.008  6532-6532  com.zhanghuang          com.zhanghuang                       I    at java.lang.Object java.lang.reflect.Method.invoke(java.lang.Object, java.lang.Object[]) (Method.java:-2)
2023-06-23 13:02:28.008  6532-6532  com.zhanghuang          com.zhanghuang                       I    at void com.android.internal.os.RuntimeInit$MethodAndArgsCaller.run() (RuntimeInit.java:493)
2023-06-23 13:02:28.008  6532-6532  com.zhanghuang          com.zhanghuang                       I    at void com.android.internal.os.ZygoteInit.main(java.lang.String[]) (ZygoteInit.java:860)
2023-06-23 13:02:28.008  6532-6532  com.zhanghuang          com.zhanghuang                       I  
2023-06-23 13:02:28.008  6532-6532  com.zhanghuang          com.zhanghuang                       I  Rejecting re-init on previously-failed class java.lang.Class<net.sqlcipher.database.SQLiteDatabase>: java.lang.NoClassDefFoundError: Failed resolution of: Landroidx/sqlite/db/SupportSQLiteDatabase;
2023-06-23 13:02:28.008  6532-6532  com.zhanghuang          com.zhanghuang                       I    at void com.zhanghuang.db.DaoManager.<init>() (DaoManager.java:20)
2023-06-23 13:02:28.008  6532-6532  com.zhanghuang          com.zhanghuang                       I    at com.zhanghuang.db.DaoManager com.zhanghuang.db.DaoManager.getInstance() (DaoManager.java:27)
2023-06-23 13:02:28.008  6532-6532  com.zhanghuang          com.zhanghuang                       I    at void com.zhanghuang.MainApplication.onCreate() (MainApplication.java:65)
2023-06-23 13:02:28.008  6532-6532  com.zhanghuang          com.zhanghuang                       I    at void android.app.Instrumentation.callApplicationOnCreate(android.app.Application) (Instrumentation.java:1154)
2023-06-23 13:02:28.008  6532-6532  com.zhanghuang          com.zhanghuang                       I    at void android.app.ActivityThread.handleBindApplication(android.app.ActivityThread$AppBindData) (ActivityThread.java:6021)
2023-06-23 13:02:28.008  6532-6532  com.zhanghuang          com.zhanghuang                       I    at void android.app.ActivityThread.access$1100(android.app.ActivityThread, android.app.ActivityThread$AppBindData) (ActivityThread.java:207)
2023-06-23 13:02:28.008  6532-6532  com.zhanghuang          com.zhanghuang                       I    at void android.app.ActivityThread$H.handleMessage(android.os.Message) (ActivityThread.java:1663)
2023-06-23 13:02:28.008  6532-6532  com.zhanghuang          com.zhanghuang                       I    at void android.os.Handler.dispatchMessage(android.os.Message) (Handler.java:106)
2023-06-23 13:02:28.008  6532-6532  com.zhanghuang          com.zhanghuang                       I    at void android.os.Looper.loop() (Looper.java:193)
2023-06-23 13:02:28.008  6532-6532  com.zhanghuang          com.zhanghuang                       I    at void android.app.ActivityThread.main(java.lang.String[]) (ActivityThread.java:6825)
2023-06-23 13:02:28.008  6532-6532  com.zhanghuang          com.zhanghuang                       I    at java.lang.Object java.lang.reflect.Method.invoke(java.lang.Object, java.lang.Object[]) (Method.java:-2)
2023-06-23 13:02:28.008  6532-6532  com.zhanghuang          com.zhanghuang                       I    at void com.android.internal.os.RuntimeInit$MethodAndArgsCaller.run() (RuntimeInit.java:493)
2023-06-23 13:02:28.008  6532-6532  com.zhanghuang          com.zhanghuang                       I    at void com.android.internal.os.ZygoteInit.main(java.lang.String[]) (ZygoteInit.java:860)
2023-06-23 13:02:28.008  6532-6532  com.zhanghuang          com.zhanghuang                       I  Caused by: java.lang.ClassNotFoundException: Didn't find class "androidx.sqlite.db.SupportSQLiteDatabase" on path: DexPathList[[zip file "/system/framework/org.apache.http.legacy.boot.jar", zip file "/data/app/com.zhanghuang-_QidOwWHqPQTIuwapinJAA==/base.apk"],nativeLibraryDirectories=[/data/app/com.zhanghuang-_QidOwWHqPQTIuwapinJAA==/lib/x86_64, /data/app/com.zhanghuang-_QidOwWHqPQTIuwapinJAA==/base.apk!/lib/x86_64, /system/lib64, /system/vendor/lib64]]
2023-06-23 13:02:28.008  6532-6532  com.zhanghuang          com.zhanghuang                       I    at java.lang.Class dalvik.system.BaseDexClassLoader.findClass(java.lang.String) (BaseDexClassLoader.java:134)
2023-06-23 13:02:28.008  6532-6532  com.zhanghuang          com.zhanghuang                       I    at java.lang.Class java.lang.ClassLoader.loadClass(java.lang.String, boolean) (ClassLoader.java:379)
2023-06-23 13:02:28.008  6532-6532  com.zhanghuang          com.zhanghuang                       I    at java.lang.Class java.lang.ClassLoader.loadClass(java.lang.String) (ClassLoader.java:312)
2023-06-23 13:02:28.008  6532-6532  com.zhanghuang          com.zhanghuang                       I    at void com.zhanghuang.db.DaoManager.<init>() (DaoManager.java:20)
2023-06-23 13:02:28.008  6532-6532  com.zhanghuang          com.zhanghuang                       I    at com.zhanghuang.db.DaoManager com.zhanghuang.db.DaoManager.getInstance() (DaoManager.java:27)
2023-06-23 13:02:28.008  6532-6532  com.zhanghuang          com.zhanghuang                       I    at void com.zhanghuang.MainApplication.onCreate() (MainApplication.java:65)
2023-06-23 13:02:28.008  6532-6532  com.zhanghuang          com.zhanghuang                       I    at void android.app.Instrumentation.callApplicationOnCreate(android.app.Application) (Instrumentation.java:1154)
2023-06-23 13:02:28.008  6532-6532  com.zhanghuang          com.zhanghuang                       I    at void android.app.ActivityThread.handleBindApplication(android.app.ActivityThread$AppBindData) (ActivityThread.java:6021)
2023-06-23 13:02:28.008  6532-6532  com.zhanghuang          com.zhanghuang                       I    at void android.app.ActivityThread.access$1100(android.app.ActivityThread, android.app.ActivityThread$AppBindData) (ActivityThread.java:207)
2023-06-23 13:02:28.008  6532-6532  com.zhanghuang          com.zhanghuang                       I    at void android.app.ActivityThread$H.handleMessage(android.os.Message) (ActivityThread.java:1663)
2023-06-23 13:02:28.008  6532-6532  com.zhanghuang          com.zhanghuang                       I    at void android.os.Handler.dispatchMessage(android.os.Message) (Handler.java:106)
2023-06-23 13:02:28.008  6532-6532  com.zhanghuang          com.zhanghuang                       I    at void android.os.Looper.loop() (Looper.java:193)
2023-06-23 13:02:28.008  6532-6532  com.zhanghuang          com.zhanghuang                       I    at void android.app.ActivityThread.main(java.lang.String[]) (ActivityThread.java:6825)
2023-06-23 13:02:28.008  6532-6532  com.zhanghuang          com.zhanghuang                       I    at java.lang.Object java.lang.reflect.Method.invoke(java.lang.Object, java.lang.Object[]) (Method.java:-2)
2023-06-23 13:02:28.008  6532-6532  com.zhanghuang          com.zhanghuang                       I    at void com.android.internal.os.RuntimeInit$MethodAndArgsCaller.run() (RuntimeInit.java:493)
2023-06-23 13:02:28.008  6532-6532  com.zhanghuang          com.zhanghuang                       I    at void com.android.internal.os.ZygoteInit.main(java.lang.String[]) (ZygoteInit.java:860)
2023-06-23 13:02:28.008  6532-6532  com.zhanghuang          com.zhanghuang                       I  
2023-06-23 13:02:28.008  6532-6532  com.zhanghuang          com.zhanghuang                       I  Rejecting re-init on previously-failed class java.lang.Class<net.sqlcipher.database.SQLiteDatabase>: java.lang.NoClassDefFoundError: Failed resolution of: Landroidx/sqlite/db/SupportSQLiteDatabase;
2023-06-23 13:02:28.008  6532-6532  com.zhanghuang          com.zhanghuang                       I    at void com.zhanghuang.db.DaoManager.<init>() (DaoManager.java:20)
2023-06-23 13:02:28.008  6532-6532  com.zhanghuang          com.zhanghuang                       I    at com.zhanghuang.db.DaoManager com.zhanghuang.db.DaoManager.getInstance() (DaoManager.java:27)
2023-06-23 13:02:28.008  6532-6532  com.zhanghuang          com.zhanghuang                       I    at void com.zhanghuang.MainApplication.onCreate() (MainApplication.java:65)
2023-06-23 13:02:28.008  6532-6532  com.zhanghuang          com.zhanghuang                       I    at void android.app.Instrumentation.callApplicationOnCreate(android.app.Application) (Instrumentation.java:1154)
2023-06-23 13:02:28.008  6532-6532  com.zhanghuang          com.zhanghuang                       I    at void android.app.ActivityThread.handleBindApplication(android.app.ActivityThread$AppBindData) (ActivityThread.java:6021)
2023-06-23 13:02:28.008  6532-6532  com.zhanghuang          com.zhanghuang                       I    at void android.app.ActivityThread.access$1100(android.app.ActivityThread, android.app.ActivityThread$AppBindData) (ActivityThread.java:207)
2023-06-23 13:02:28.008  6532-6532  com.zhanghuang          com.zhanghuang                       I    at void android.app.ActivityThread$H.handleMessage(android.os.Message) (ActivityThread.java:1663)
2023-06-23 13:02:28.008  6532-6532  com.zhanghuang          com.zhanghuang                       I    at void android.os.Handler.dispatchMessage(android.os.Message) (Handler.java:106)
2023-06-23 13:02:28.008  6532-6532  com.zhanghuang          com.zhanghuang                       I    at void android.os.Looper.loop() (Looper.java:193)
2023-06-23 13:02:28.008  6532-6532  com.zhanghuang          com.zhanghuang                       I    at void android.app.ActivityThread.main(java.lang.String[]) (ActivityThread.java:6825)
2023-06-23 13:02:28.008  6532-6532  com.zhanghuang          com.zhanghuang                       I    at java.lang.Object java.lang.reflect.Method.invoke(java.lang.Object, java.lang.Object[]) (Method.java:-2)
2023-06-23 13:02:28.008  6532-6532  com.zhanghuang          com.zhanghuang                       I    at void com.android.internal.os.RuntimeInit$MethodAndArgsCaller.run() (RuntimeInit.java:493)
2023-06-23 13:02:28.008  6532-6532  com.zhanghuang          com.zhanghuang                       I    at void com.android.internal.os.ZygoteInit.main(java.lang.String[]) (ZygoteInit.java:860)
2023-06-23 13:02:28.008  6532-6532  com.zhanghuang          com.zhanghuang                       I  Caused by: java.lang.ClassNotFoundException: Didn't find class "androidx.sqlite.db.SupportSQLiteDatabase" on path: DexPathList[[zip file "/system/framework/org.apache.http.legacy.boot.jar", zip file "/data/app/com.zhanghuang-_QidOwWHqPQTIuwapinJAA==/base.apk"],nativeLibraryDirectories=[/data/app/com.zhanghuang-_QidOwWHqPQTIuwapinJAA==/lib/x86_64, /data/app/com.zhanghuang-_QidOwWHqPQTIuwapinJAA==/base.apk!/lib/x86_64, /system/lib64, /system/vendor/lib64]]
2023-06-23 13:02:28.008  6532-6532  com.zhanghuang          com.zhanghuang                       I    at java.lang.Class dalvik.system.BaseDexClassLoader.findClass(java.lang.String) (BaseDexClassLoader.java:134)
2023-06-23 13:02:28.008  6532-6532  com.zhanghuang          com.zhanghuang                       I    at java.lang.Class java.lang.ClassLoader.loadClass(java.lang.String, boolean) (ClassLoader.java:379)
2023-06-23 13:02:28.008  6532-6532  com.zhanghuang          com.zhanghuang                       I    at java.lang.Class java.lang.ClassLoader.loadClass(java.lang.String) (ClassLoader.java:312)
2023-06-23 13:02:28.008  6532-6532  com.zhanghuang          com.zhanghuang                       I    at void com.zhanghuang.db.DaoManager.<init>() (DaoManager.java:20)
2023-06-23 13:02:28.008  6532-6532  com.zhanghuang          com.zhanghuang                       I    at com.zhanghuang.db.DaoManager com.zhanghuang.db.DaoManager.getInstance() (DaoManager.java:27)
2023-06-23 13:02:28.008  6532-6532  com.zhanghuang          com.zhanghuang                       I    at void com.zhanghuang.MainApplication.onCreate() (MainApplication.java:65)
2023-06-23 13:02:28.008  6532-6532  com.zhanghuang          com.zhanghuang                       I    at void android.app.Instrumentation.callApplicationOnCreate(android.app.Application) (Instrumentation.java:1154)
2023-06-23 13:02:28.008  6532-6532  com.zhanghuang          com.zhanghuang                       I    at void android.app.ActivityThread.handleBindApplication(android.app.ActivityThread$AppBindData) (ActivityThread.java:6021)
2023-06-23 13:02:28.008  6532-6532  com.zhanghuang          com.zhanghuang                       I    at void android.app.ActivityThread.access$1100(android.app.ActivityThread, android.app.ActivityThread$AppBindData) (ActivityThread.java:207)
2023-06-23 13:02:28.008  6532-6532  com.zhanghuang          com.zhanghuang                       I    at void android.app.ActivityThread$H.handleMessage(android.os.Message) (ActivityThread.java:1663)
2023-06-23 13:02:28.008  6532-6532  com.zhanghuang          com.zhanghuang                       I    at void android.os.Handler.dispatchMessage(android.os.Message) (Handler.java:106)
2023-06-23 13:02:28.008  6532-6532  com.zhanghuang          com.zhanghuang                       I    at void android.os.Looper.loop() (Looper.java:193)
2023-06-23 13:02:28.008  6532-6532  com.zhanghuang          com.zhanghuang                       I    at void android.app.ActivityThread.main(java.lang.String[]) (ActivityThread.java:6825)
2023-06-23 13:02:28.008  6532-6532  com.zhanghuang          com.zhanghuang                       I    at java.lang.Object java.lang.reflect.Method.invoke(java.lang.Object, java.lang.Object[]) (Method.java:-2)
2023-06-23 13:02:28.008  6532-6532  com.zhanghuang          com.zhanghuang                       I    at void com.android.internal.os.RuntimeInit$MethodAndArgsCaller.run() (RuntimeInit.java:493)
2023-06-23 13:02:28.008  6532-6532  com.zhanghuang          com.zhanghuang                       I    at void com.android.internal.os.ZygoteInit.main(java.lang.String[]) (ZygoteInit.java:860)
2023-06-23 13:02:28.008  6532-6532  com.zhanghuang          com.zhanghuang                       I  
2023-06-23 13:02:28.008  6532-6532  com.zhanghuang          com.zhanghuang                       I  Rejecting re-init on previously-failed class java.lang.Class<net.sqlcipher.database.SQLiteDatabase>: java.lang.NoClassDefFoundError: Failed resolution of: Landroidx/sqlite/db/SupportSQLiteDatabase;
2023-06-23 13:02:28.008  6532-6532  com.zhanghuang          com.zhanghuang                       I    at void com.zhanghuang.db.DaoManager.<init>() (DaoManager.java:20)
2023-06-23 13:02:28.008  6532-6532  com.zhanghuang          com.zhanghuang                       I    at com.zhanghuang.db.DaoManager com.zhanghuang.db.DaoManager.getInstance() (DaoManager.java:27)
2023-06-23 13:02:28.008  6532-6532  com.zhanghuang          com.zhanghuang                       I    at void com.zhanghuang.MainApplication.onCreate() (MainApplication.java:65)
