2023-06-22 20:05:28.354  6517-6517  UMLog                   com.zhanghuang                       E       onPageStartonPageEnd https://developer.umeng.com/docs/66632/detail/66975?um_channel=sdk
2023-06-22 20:05:28.354  6517-6517  UMLog                   com.zhanghuang                       E  
2023-06-22 20:05:28.354  6517-6517  UMLog                   com.zhanghuang                       E  
2023-06-22 20:05:28.354  6517-6517  UMLog                   com.zhanghuang                       E       onPageStartonPageEnd
2023-06-22 20:05:28.354  6517-6517  UMLog                   com.zhanghuang                       E  
2023-06-22 20:05:28.354  6517-6517  UMLog                   com.zhanghuang                       E       onPageStartonPageEnd https://developer.umeng.com/docs/66632/detail/66975?um_channel=sdk
2023-06-22 20:05:28.354  6517-6517  UMLog                   com.zhanghuang                       E  
2023-06-22 20:05:28.355  6517-6517  UMLog                   com.zhanghuang                       E  
2023-06-22 20:05:28.355  6517-6517  UMLog                   com.zhanghuang                       E       MainActivityonPageStartonPageEnd
2023-06-22 20:05:28.355  6517-6517  UMLog                   com.zhanghuang                       E  
2023-06-22 20:05:28.355  6517-6517  UMLog                   com.zhanghuang                       E       onPageStartonPageEnd https://developer.umeng.com/docs/66632/detail/66975?um_channel=sdk
2023-06-22 20:05:28.355  6517-6517  UMLog                   com.zhanghuang                       E  
2023-06-22 20:05:28.357  6517-6517  ActivityThread          com.zhanghuang                       W  handleWindowVisibility: no activity for token android.os.BinderProxy@3a6cab7
2023-06-22 20:05:28.375  6517-6517  crashsdk                com.zhanghuang                       I  Unexp log not enabled, skip update unexp info!
2023-06-22 20:05:28.382  6517-6562  MobclickAgent           com.zhanghuang                       D  : 4F4A02775A4A030DEFE34B7F789E36CD
2023-06-22 20:05:28.386  6517-6562  UMLog                   com.zhanghuang                       D   https://developer.umeng.com/docs/66632/detail/66976?um_channel=sdk
2023-06-22 20:05:28.405  6517-6600  EGL_adreno              com.zhanghuang                       E  tid 6600: eglSurfaceAttrib(1338): error 0x3009 (EGL_BAD_MATCH)
2023-06-22 20:05:28.405  6517-6600  OpenGLRenderer          com.zhanghuang                       W  Failed to set EGL_SWAP_BEHAVIOR on surface 0x7fff52273700, error=EGL_BAD_MATCH
2023-06-22 20:05:28.425  6517-6600  EGL_adreno              com.zhanghuang                       D  eglMakeCurrent: 0x7fff6bc4ffc0: ver 3 1 (tinfo 0x7fff6bd6a360)
2023-06-22 20:05:28.454  6517-6600  chatty                  com.zhanghuang                       I  uid=10051(com.zhanghuang) RenderThread identical 2 lines
2023-06-22 20:05:28.464  6517-6600  EGL_adreno              com.zhanghuang                       D  eglMakeCurrent: 0x7fff6bc4ffc0: ver 3 1 (tinfo 0x7fff6bd6a360)
2023-06-22 20:05:28.573  6517-6600  EGL_adreno              com.zhanghuang                       D  eglMakeCurrent: 0x7fff6bc4ffc0: ver 3 1 (tinfo 0x7fff6bd6a360)
2023-06-22 20:05:28.682  6517-6562  UMLog                   com.zhanghuang                       I  OAID
2023-06-22 20:05:28.693  6517-6562  UMLog                   com.zhanghuang                       I  SDK: 9.6.1
2023-06-22 20:05:28.693  6517-6562  UMLog                   com.zhanghuang                       I  ZID SDK: 1.8.0
2023-06-22 20:05:28.694  6517-6562  UMLog                   com.zhanghuang                       I  APM SDK: 1.9.2
2023-06-22 20:05:28.694  6517-6562  MobclickAgent           com.zhanghuang                       I  module init:aszioc
2023-06-22 20:05:28.700  6517-6562  com.zhanghuang          com.zhanghuang                       E  Invalid ID 0x00000000.
2023-06-22 20:05:28.703  6517-6577  efs.config              com.zhanghuang                       D  app=58eb2d094544cb15d2001334&cver=1651209273&os=android&sd=FynMq01R6lhlW_MK3kasSA&sver=1651209273&tm=1687435528&um_sdk_ver=1.9.2&ver=2.0.8&wl_dd=2FpPPPSNmPui5vxS4v1UP7scA-oVWgkB9bn7AE0Dm-cR2V-_ypydIV9LPXl4Jqb4&sign=9e1cabd3a890939bfe8c313212b4c680
2023-06-22 20:05:28.703  6517-6577  efs.px.api              com.zhanghuang                       I  get config from server, url is https://errnewlog.umeng.com/apm_cc
2023-06-22 20:05:28.814  6517-6577  efs.config              com.zhanghuang                       I  config request succ, config is:
                                                                                                     {"msg":"","code":0,"cip":"127.0.0.1","config":{"common":{"updateInteval":480,"gate_way_https":true},"app_configs":[{"conditions":[{"val":"0.0.0.0","opc":">=","fld":"ver"}],"actions":[{"opt":"apm_mem_state","set":0},{"opt":"apm_oom_state","set":0},{"opt":"apm_native_h5perf_sampling_rate","set":5},{"opt":"apm_memperf_collect_interval","set":5},{"opt":"apm_netperf_sampling_rate","set":5},{"opt":"apm_patrace_switch_rate","set":5},{"opt":"record_accumulation_time","set":60,"lt":"memperf"},{"opt":"apm_memperf_sampling_rate","set":0},{"opt":"apm_crash_user_upload_type","set":1},{"opt":"apm_memperf_collect_max_period_sec","set":600},{"opt":"apm_net_state","set":0},{"opt":"apm_startperf_sampling_rate","set":5},{"opt":"apm_crash_user_max_count","set":20},{"opt":"apm_oom_sampling_rate","set":5},{"opt":"apm_native_h5_state","set":0}]}]},"stm":1687435499,"cver":1651209273}
2023-06-22 20:05:28.814  6517-6577  efs.config              com.zhanghuang                       I  from server. efs config is {"msg":"","code":0,"cip":"127.0.0.1","config":{"common":{"updateInteval":480,"gate_way_https":true},"app_configs":[{"conditions":[{"val":"0.0.0.0","opc":">=","fld":"ver"}],"actions":[{"opt":"apm_mem_state","set":0},{"opt":"apm_oom_state","set":0},{"opt":"apm_native_h5perf_sampling_rate","set":5},{"opt":"apm_memperf_collect_interval","set":5},{"opt":"apm_netperf_sampling_rate","set":5},{"opt":"apm_patrace_switch_rate","set":5},{"opt":"record_accumulation_time","set":60,"lt":"memperf"},{"opt":"apm_memperf_sampling_rate","set":0},{"opt":"apm_crash_user_upload_type","set":1},{"opt":"apm_memperf_collect_max_period_sec","set":600},{"opt":"apm_net_state","set":0},{"opt":"apm_startperf_sampling_rate","set":5},{"opt":"apm_crash_user_max_count","set":20},{"opt":"apm_oom_sampling_rate","set":5},{"opt":"apm_native_h5_state","set":0}]}]},"stm":1687435499,"cver":1651209273}
2023-06-22 20:05:28.840  6517-6635  Volley                  com.zhanghuang                       D  [896] BasicNetwork.logSlowRequests: HTTP response for request=<[ ] https://app.zhanzhuang.com.cn/statistics 0xafbd824b NORMAL 8> [lifetime=3776], [size=62], [rc=200], [retryCount=0]
2023-06-22 20:05:28.846  6517-6517  Volley                  com.zhanghuang                       D  [2] Request.finish: 3791 ms: [ ] https://app.zhanzhuang.com.cn/statistics 0xafbd824b NORMAL 8
2023-06-22 20:05:29.987  6517-6557  com.zhanghuang          com.zhanghuang                       I  Explicit concurrent copying GC freed 77162(3MB) AllocSpace objects, 30(1012KB) LOS objects, 50% free, 4MB/8MB, paused 27us total 12.954ms
2023-06-22 20:05:30.621  6517-6517  ActivityThread          com.zhanghuang                       W  handleWindowVisibility: no activity for token android.os.BinderProxy@f0984e
2023-06-22 20:05:30.658  6517-6517  crashsdk                com.zhanghuang                       I  Unexp log not enabled, skip update unexp info!
2023-06-22 20:05:30.665  6517-6562  MobclickAgent           com.zhanghuang                       D  : 4F4A02775A4A030DEFE34B7F789E36CD
2023-06-22 20:05:30.668  6517-6562  UMLog                   com.zhanghuang                       D   https://developer.umeng.com/docs/66632/detail/66976?um_channel=sdk
2023-06-22 20:05:30.677  6517-6517  RenderThread            com.zhanghuang                       I  type=1400 audit(0.0:9523): avc: denied { ioctl } for path="/dev/fastpipe" dev="tmpfs" ino=5182 ioctlcmd=6867 scontext=u:r:untrusted_app:s0:c51,c256,c512,c768 tcontext=u:object_r:device:s0 tclass=chr_file permissive=1
2023-06-22 20:05:30.685  6517-6517  Count                   com.zhanghuang                       I  
2023-06-22 20:05:30.687  6517-6600  EGL_adreno              com.zhanghuang                       E  tid 6600: eglSurfaceAttrib(1338): error 0x3009 (EGL_BAD_MATCH)
2023-06-22 20:05:30.687  6517-6600  OpenGLRenderer          com.zhanghuang                       W  Failed to set EGL_SWAP_BEHAVIOR on surface 0x7fff6bc9ac80, error=EGL_BAD_MATCH
2023-06-22 20:05:30.692  6517-6600  EGL_adreno              com.zhanghuang                       D  eglMakeCurrent: 0x7fff6bc4ffc0: ver 3 1 (tinfo 0x7fff6bd6a360)
2023-06-22 20:05:31.664  6517-6517  countdown               com.zhanghuang                       I  countDownValue:  30
2023-06-22 20:05:32.116  6517-6517  crashsdk                com.zhanghuang                       I  Unexp log not enabled, skip update unexp info!
2023-06-22 20:05:32.117  6517-6517  UMLog                   com.zhanghuang                       E  
2023-06-22 20:05:32.117  6517-6517  UMLog                   com.zhanghuang                       E       onPageStartonPageEndonPageStart
2023-06-22 20:05:32.117  6517-6517  UMLog                   com.zhanghuang                       E  
2023-06-22 20:05:32.117  6517-6517  UMLog                   com.zhanghuang                       E       onPageStartonPageEnd https://developer.umeng.com/docs/66632/detail/66975?um_channel=sdk
2023-06-22 20:05:32.117  6517-6517  UMLog                   com.zhanghuang                       E  
2023-06-22 20:05:32.118  6517-6517  UMLog                   com.zhanghuang                       E  
2023-06-22 20:05:32.118  6517-6517  UMLog                   com.zhanghuang                       E       MainActivityonPageStartonPageEndonPageStart
2023-06-22 20:05:32.118  6517-6517  UMLog                   com.zhanghuang                       E  
2023-06-22 20:05:32.118  6517-6517  UMLog                   com.zhanghuang                       E       onPageStartonPageEnd https://developer.umeng.com/docs/66632/detail/66975?um_channel=sdk
2023-06-22 20:05:32.118  6517-6517  UMLog                   com.zhanghuang                       E  
2023-06-22 20:05:32.119  6517-6517  UMLog                   com.zhanghuang                       E  
2023-06-22 20:05:32.119  6517-6517  UMLog                   com.zhanghuang                       E       onPageStartonPageEndonPageStart
2023-06-22 20:05:32.119  6517-6517  UMLog                   com.zhanghuang                       E  
2023-06-22 20:05:32.119  6517-6517  UMLog                   com.zhanghuang                       E       onPageStartonPageEnd https://developer.umeng.com/docs/66632/detail/66975?um_channel=sdk
2023-06-22 20:05:32.119  6517-6517  UMLog                   com.zhanghuang                       E  
2023-06-22 20:05:32.130  6517-6562  MobclickAgent           com.zhanghuang                       D  : 4F4A02775A4A030DEFE34B7F789E36CD
2023-06-22 20:05:32.133  6517-6562  UMLog                   com.zhanghuang                       D   https://developer.umeng.com/docs/66632/detail/66976?um_channel=sdk
2023-06-22 20:05:32.138  6517-6600  EGL_adreno              com.zhanghuang                       E  tid 6600: eglSurfaceAttrib(1338): error 0x3009 (EGL_BAD_MATCH)
2023-06-22 20:05:32.138  6517-6600  OpenGLRenderer          com.zhanghuang                       W  Failed to set EGL_SWAP_BEHAVIOR on surface 0x7fff52273700, error=EGL_BAD_MATCH
2023-06-22 20:05:32.150  6517-6600  EGL_adreno              com.zhanghuang                       D  eglMakeCurrent: 0x7fff6bc4ffc0: ver 3 1 (tinfo 0x7fff6bd6a360)
2023-06-22 20:05:32.162  6517-6600  EGL_adreno              com.zhanghuang                       D  eglMakeCurrent: 0x7fff6bc4ffc0: ver 3 1 (tinfo 0x7fff6bd6a360)
2023-06-22 20:05:32.189  6517-6539  HostConnection          com.zhanghuang                       I  HostConnection::HostConnection: pid=6517, tid=6539, this=0x7fff6bc30760
2023-06-22 20:05:32.184  6517-6517  Binder:6517_4           com.zhanghuang                       I  type=1400 audit(0.0:9524): avc: denied { read write } for name="fastpipe" dev="tmpfs" ino=5182 scontext=u:r:untrusted_app:s0:c51,c256,c512,c768 tcontext=u:object_r:device:s0 tclass=chr_file permissive=1
2023-06-22 20:05:32.184  6517-6517  Binder:6517_4           com.zhanghuang                       I  type=1400 audit(0.0:9524): avc: denied { open } for path="/dev/fastpipe" dev="tmpfs" ino=5182 scontext=u:r:untrusted_app:s0:c51,c256,c512,c768 tcontext=u:object_r:device:s0 tclass=chr_file permissive=1
2023-06-22 20:05:32.198  6517-6539  <no-tag>                com.zhanghuang                       I  fastpipe: Connect success
2023-06-22 20:05:32.198  6517-6539  HostConnection          com.zhanghuang                       D  HostRPC::connect sucess: app=com.zhanghuang, pid=6517, tid=6539, this=0x7fff4f8b5a80
2023-06-22 20:05:32.198  6517-6539  HostConnection          com.zhanghuang                       D  queryAndSetGLESMaxVersion select gles-version: 3.1 hostGLVersion:46 process:com.zhanghuang
2023-06-22 20:05:32.205  6517-6658  MediaPlayer             com.zhanghuang                       V  resetDrmState:  mDrmInfo=null mDrmProvisioningThread=null mPrepareDrmInProgress=false mActiveDrmScheme=false
2023-06-22 20:05:32.205  6517-6658  MediaPlayer             com.zhanghuang                       V  cleanDrmObj: mDrmObj=null mDrmSessionId=null
2023-06-22 20:05:32.206  6517-6658  MediaPlayer             com.zhanghuang                       V  resetDrmState:  mDrmInfo=null mDrmProvisioningThread=null mPrepareDrmInProgress=false mActiveDrmScheme=false
2023-06-22 20:05:32.206  6517-6658  MediaPlayer             com.zhanghuang                       V  cleanDrmObj: mDrmObj=null mDrmSessionId=null
2023-06-22 20:05:32.235  6517-6600  EGL_adreno              com.zhanghuang                       D  eglMakeCurrent: 0x7fff6bc4ffc0: ver 3 1 (tinfo 0x7fff6bd6a360)
2023-06-22 20:05:32.249  6517-6517  MessageQueue            com.zhanghuang                       W  Handler (com.qq.e.comm.plugin.util.O0) {78e150d} sending message to a Handler on a dead thread
                                                                                                    java.lang.IllegalStateException: Handler (com.qq.e.comm.plugin.util.O0) {78e150d} sending message to a Handler on a dead thread
                                                                                                    	at android.os.MessageQueue.enqueueMessage(MessageQueue.java:546)
                                                                                                    	at android.os.Handler.enqueueMessage(Handler.java:745)
                                                                                                    	at android.os.Handler.sendMessageAtTime(Handler.java:697)
                                                                                                    	at android.os.Handler.sendMessageDelayed(Handler.java:667)
                                                                                                    	at android.os.Handler.sendEmptyMessageDelayed(Handler.java:631)
                                                                                                    	at android.os.Handler.sendEmptyMessage(Handler.java:616)
                                                                                                    	at com.qq.e.comm.plugin.J.h.e.play(A:1)
                                                                                                    	at com.qq.e.comm.plugin.r.p.e.t(A:5)
                                                                                                    	at com.qq.e.comm.plugin.r.p.e.a(A:21)
                                                                                                    	at com.qq.e.comm.plugin.r.p.d$d.b(A:2)
                                                                                                    	at com.qq.e.comm.plugin.r.p.a.a(A:18)
                                                                                                    	at com.qq.e.comm.plugin.r.p.a.a(A:6)
                                                                                                    	at com.qq.e.comm.plugin.r.p.a.a(A:1)
                                                                                                    	at com.qq.e.comm.plugin.r.p.a$a.a(A:5)
                                                                                                    	at com.qq.e.comm.plugin.util.A0$a.handleMessage(A:11)
                                                                                                    	at android.os.Handler.dispatchMessage(Handler.java:106)
                                                                                                    	at android.os.Looper.loop(Looper.java:193)
                                                                                                    	at android.app.ActivityThread.main(ActivityThread.java:6825)
                                                                                                    	at java.lang.reflect.Method.invoke(Native Method)
                                                                                                    	at com.android.internal.os.RuntimeInit$MethodAndArgsCaller.run(RuntimeInit.java:493)
                                                                                                    	at com.android.internal.os.ZygoteInit.main(ZygoteInit.java:860)
2023-06-22 20:05:33.320  6517-6517  UMLog                   com.zhanghuang                       E  
2023-06-22 20:05:33.320  6517-6517  UMLog                   com.zhanghuang                       E       onPageStartonPageEndonPageStart
2023-06-22 20:05:33.320  6517-6517  UMLog                   com.zhanghuang                       E  
2023-06-22 20:05:33.320  6517-6517  UMLog                   com.zhanghuang                       E       onPageStartonPageEnd https://developer.umeng.com/docs/66632/detail/66975?um_channel=sdk
2023-06-22 20:05:33.320  6517-6517  UMLog                   com.zhanghuang                       E  
2023-06-22 20:05:33.345  6517-6517  UMLog                   com.zhanghuang                       E  
2023-06-22 20:05:33.345  6517-6517  UMLog                   com.zhanghuang                       E       onPageStartonPageEndonPageStart
2023-06-22 20:05:33.345  6517-6517  UMLog                   com.zhanghuang                       E  
2023-06-22 20:05:33.345  6517-6517  UMLog                   com.zhanghuang                       E       onPageStartonPageEnd https://developer.umeng.com/docs/66632/detail/66975?um_channel=sdk
2023-06-22 20:05:33.345  6517-6517  UMLog                   com.zhanghuang                       E  
2023-06-22 20:05:33.455  6517-6517  MessageQueue            com.zhanghuang                       W  Handler (com.qq.e.comm.plugin.util.O0) {78e150d} sending message to a Handler on a dead thread
                                                                                                    java.lang.IllegalStateException: Handler (com.qq.e.comm.plugin.util.O0) {78e150d} sending message to a Handler on a dead thread
                                                                                                    	at android.os.MessageQueue.enqueueMessage(MessageQueue.java:546)
                                                                                                    	at android.os.Handler.enqueueMessage(Handler.java:745)
                                                                                                    	at android.os.Handler.sendMessageAtTime(Handler.java:697)
                                                                                                    	at android.os.Handler.sendMessageDelayed(Handler.java:667)
                                                                                                    	at android.os.Handler.sendEmptyMessageDelayed(Handler.java:631)
                                                                                                    	at android.os.Handler.sendEmptyMessage(Handler.java:616)
                                                                                                    	at com.qq.e.comm.plugin.J.h.e.pause(A:1)
                                                                                                    	at com.qq.e.comm.plugin.r.p.e.d(A:4)
                                                                                                    	at com.qq.e.comm.plugin.r.p.e.a(A:22)
                                                                                                    	at com.qq.e.comm.plugin.r.p.d$d.b(A:2)
                                                                                                    	at com.qq.e.comm.plugin.r.p.a.a(A:18)
                                                                                                    	at com.qq.e.comm.plugin.r.p.a.a(A:6)
                                                                                                    	at com.qq.e.comm.plugin.r.p.a.a(A:1)
                                                                                                    	at com.qq.e.comm.plugin.r.p.a$a.a(A:5)
                                                                                                    	at com.qq.e.comm.plugin.util.A0$a.handleMessage(A:11)
                                                                                                    	at android.os.Handler.dispatchMessage(Handler.java:106)
                                                                                                    	at android.os.Looper.loop(Looper.java:193)
                                                                                                    	at android.app.ActivityThread.main(ActivityThread.java:6825)
                                                                                                    	at java.lang.reflect.Method.invoke(Native Method)
                                                                                                    	at com.android.internal.os.RuntimeInit$MethodAndArgsCaller.run(RuntimeInit.java:493)
                                                                                                    	at com.android.internal.os.ZygoteInit.main(ZygoteInit.java:860)
2023-06-22 20:05:35.872  6517-6557  com.zhanghuang          com.zhanghuang                       I  Explicit concurrent copying GC freed 34029(1879KB) AllocSpace objects, 28(1168KB) LOS objects, 50% free, 4MB/8MB, paused 94us total 13.942ms
2023-06-22 20:05:37.383  6517-6634  Volley                  com.zhanghuang                       D  [895] BasicNetwork.logSlowRequests: HTTP response for request=<[ ] https://app.zhanzhuang.com.cn/statistics 0xafbd824b NORMAL 11> [lifetime=4519], [size=62], [rc=200], [retryCount=0]
2023-06-22 20:05:37.386  6517-6517  Volley                  com.zhanghuang                       D  [2] Request.finish: 4525 ms: [ ] https://app.zhanzhuang.com.cn/statistics 0xafbd824b NORMAL 11
---------------------------- PROCESS ENDED (6517) for package com.zhanghuang ----------------------------
---------------------------- PROCESS STARTED (6859) for package com.zhanghuang ----------------------------
2023-06-22 20:05:39.684  6859-6859  com.zhanghuang          com.zhanghuang                       I  The ClassLoaderContext is a special shared library.
2023-06-22 20:05:39.971  6859-6859  com.zhanghuang          com.zhanghuang                       I  Rejecting re-init on previously-failed class java.lang.Class<net.sqlcipher.database.SQLiteDatabase>: java.lang.NoClassDefFoundError: Failed resolution of: Landroidx/sqlite/db/SupportSQLiteDatabase;
2023-06-22 20:05:39.971  6859-6859  com.zhanghuang          com.zhanghuang                       I    at void com.zhanghuang.db.DaoManager.<init>() (DaoManager.java:20)
2023-06-22 20:05:39.971  6859-6859  com.zhanghuang          com.zhanghuang                       I    at com.zhanghuang.db.DaoManager com.zhanghuang.db.DaoManager.getInstance() (DaoManager.java:27)
2023-06-22 20:05:39.971  6859-6859  com.zhanghuang          com.zhanghuang                       I    at void com.zhanghuang.MainApplication.onCreate() (MainApplication.java:65)
2023-06-22 20:05:39.971  6859-6859  com.zhanghuang          com.zhanghuang                       I    at void android.app.Instrumentation.callApplicationOnCreate(android.app.Application) (Instrumentation.java:1154)
2023-06-22 20:05:39.971  6859-6859  com.zhanghuang          com.zhanghuang                       I    at void android.app.ActivityThread.handleBindApplication(android.app.ActivityThread$AppBindData) (ActivityThread.java:6021)
2023-06-22 20:05:39.971  6859-6859  com.zhanghuang          com.zhanghuang                       I    at void android.app.ActivityThread.access$1100(android.app.ActivityThread, android.app.ActivityThread$AppBindData) (ActivityThread.java:207)
2023-06-22 20:05:39.971  6859-6859  com.zhanghuang          com.zhanghuang                       I    at void android.app.ActivityThread$H.handleMessage(android.os.Message) (ActivityThread.java:1663)
2023-06-22 20:05:39.971  6859-6859  com.zhanghuang          com.zhanghuang                       I    at void android.os.Handler.dispatchMessage(android.os.Message) (Handler.java:106)
2023-06-22 20:05:39.971  6859-6859  com.zhanghuang          com.zhanghuang                       I    at void android.os.Looper.loop() (Looper.java:193)
2023-06-22 20:05:39.971  6859-6859  com.zhanghuang          com.zhanghuang                       I    at void android.app.ActivityThread.main(java.lang.String[]) (ActivityThread.java:6825)
2023-06-22 20:05:39.971  6859-6859  com.zhanghuang          com.zhanghuang                       I    at java.lang.Object java.lang.reflect.Method.invoke(java.lang.Object, java.lang.Object[]) (Method.java:-2)
2023-06-22 20:05:39.971  6859-6859  com.zhanghuang          com.zhanghuang                       I    at void com.android.internal.os.RuntimeInit$MethodAndArgsCaller.run() (RuntimeInit.java:493)
2023-06-22 20:05:39.971  6859-6859  com.zhanghuang          com.zhanghuang                       I    at void com.android.internal.os.ZygoteInit.main(java.lang.String[]) (ZygoteInit.java:860)
2023-06-22 20:05:39.971  6859-6859  com.zhanghuang          com.zhanghuang                       I  Caused by: java.lang.ClassNotFoundException: Didn't find class "androidx.sqlite.db.SupportSQLiteDatabase" on path: DexPathList[[zip file "/system/framework/org.apache.http.legacy.boot.jar", zip file "/data/app/com.zhanghuang-_QidOwWHqPQTIuwapinJAA==/base.apk"],nativeLibraryDirectories=[/data/app/com.zhanghuang-_QidOwWHqPQTIuwapinJAA==/lib/x86_64, /data/app/com.zhanghuang-_QidOwWHqPQTIuwapinJAA==/base.apk!/lib/x86_64, /system/lib64, /system/vendor/lib64]]
2023-06-22 20:05:39.971  6859-6859  com.zhanghuang          com.zhanghuang                       I    at java.lang.Class dalvik.system.BaseDexClassLoader.findClass(java.lang.String) (BaseDexClassLoader.java:134)
2023-06-22 20:05:39.971  6859-6859  com.zhanghuang          com.zhanghuang                       I    at java.lang.Class java.lang.ClassLoader.loadClass(java.lang.String, boolean) (ClassLoader.java:379)
2023-06-22 20:05:39.971  6859-6859  com.zhanghuang          com.zhanghuang                       I    at java.lang.Class java.lang.ClassLoader.loadClass(java.lang.String) (ClassLoader.java:312)
2023-06-22 20:05:39.971  6859-6859  com.zhanghuang          com.zhanghuang                       I    at void com.zhanghuang.db.DaoManager.<init>() (DaoManager.java:20)
2023-06-22 20:05:39.971  6859-6859  com.zhanghuang          com.zhanghuang                       I    at com.zhanghuang.db.DaoManager com.zhanghuang.db.DaoManager.getInstance() (DaoManager.java:27)
2023-06-22 20:05:39.971  6859-6859  com.zhanghuang          com.zhanghuang                       I    at void com.zhanghuang.MainApplication.onCreate() (MainApplication.java:65)
2023-06-22 20:05:39.971  6859-6859  com.zhanghuang          com.zhanghuang                       I    at void android.app.Instrumentation.callApplicationOnCreate(android.app.Application) (Instrumentation.java:1154)
2023-06-22 20:05:39.971  6859-6859  com.zhanghuang          com.zhanghuang                       I    at void android.app.ActivityThread.handleBindApplication(android.app.ActivityThread$AppBindData) (ActivityThread.java:6021)
2023-06-22 20:05:39.971  6859-6859  com.zhanghuang          com.zhanghuang                       I    at void android.app.ActivityThread.access$1100(android.app.ActivityThread, android.app.ActivityThread$AppBindData) (ActivityThread.java:207)
2023-06-22 20:05:39.971  6859-6859  com.zhanghuang          com.zhanghuang                       I    at void android.app.ActivityThread$H.handleMessage(android.os.Message) (ActivityThread.java:1663)
2023-06-22 20:05:39.971  6859-6859  com.zhanghuang          com.zhanghuang                       I    at void android.os.Handler.dispatchMessage(android.os.Message) (Handler.java:106)
2023-06-22 20:05:39.971  6859-6859  com.zhanghuang          com.zhanghuang                       I    at void android.os.Looper.loop() (Looper.java:193)
2023-06-22 20:05:39.971  6859-6859  com.zhanghuang          com.zhanghuang                       I    at void android.app.ActivityThread.main(java.lang.String[]) (ActivityThread.java:6825)
2023-06-22 20:05:39.971  6859-6859  com.zhanghuang          com.zhanghuang                       I    at java.lang.Object java.lang.reflect.Method.invoke(java.lang.Object, java.lang.Object[]) (Method.java:-2)
2023-06-22 20:05:39.971  6859-6859  com.zhanghuang          com.zhanghuang                       I    at void com.android.internal.os.RuntimeInit$MethodAndArgsCaller.run() (RuntimeInit.java:493)
2023-06-22 20:05:39.971  6859-6859  com.zhanghuang          com.zhanghuang                       I    at void com.android.internal.os.ZygoteInit.main(java.lang.String[]) (ZygoteInit.java:860)
2023-06-22 20:05:39.971  6859-6859  com.zhanghuang          com.zhanghuang                       I  
2023-06-22 20:05:39.972  6859-6859  com.zhanghuang          com.zhanghuang                       I  Rejecting re-init on previously-failed class java.lang.Class<net.sqlcipher.database.SQLiteDatabase>: java.lang.NoClassDefFoundError: Failed resolution of: Landroidx/sqlite/db/SupportSQLiteDatabase;
2023-06-22 20:05:39.972  6859-6859  com.zhanghuang          com.zhanghuang                       I    at void com.zhanghuang.db.DaoManager.<init>() (DaoManager.java:20)
2023-06-22 20:05:39.972  6859-6859  com.zhanghuang          com.zhanghuang                       I    at com.zhanghuang.db.DaoManager com.zhanghuang.db.DaoManager.getInstance() (DaoManager.java:27)
2023-06-22 20:05:39.972  6859-6859  com.zhanghuang          com.zhanghuang                       I    at void com.zhanghuang.MainApplication.onCreate() (MainApplication.java:65)
2023-06-22 20:05:39.972  6859-6859  com.zhanghuang          com.zhanghuang                       I    at void android.app.Instrumentation.callApplicationOnCreate(android.app.Application) (Instrumentation.java:1154)
2023-06-22 20:05:39.972  6859-6859  com.zhanghuang          com.zhanghuang                       I    at void android.app.ActivityThread.handleBindApplication(android.app.ActivityThread$AppBindData) (ActivityThread.java:6021)
2023-06-22 20:05:39.972  6859-6859  com.zhanghuang          com.zhanghuang                       I    at void android.app.ActivityThread.access$1100(android.app.ActivityThread, android.app.ActivityThread$AppBindData) (ActivityThread.java:207)
2023-06-22 20:05:39.972  6859-6859  com.zhanghuang          com.zhanghuang                       I    at void android.app.ActivityThread$H.handleMessage(android.os.Message) (ActivityThread.java:1663)
2023-06-22 20:05:39.972  6859-6859  com.zhanghuang          com.zhanghuang                       I    at void android.os.Handler.dispatchMessage(android.os.Message) (Handler.java:106)
2023-06-22 20:05:39.972  6859-6859  com.zhanghuang          com.zhanghuang                       I    at void android.os.Looper.loop() (Looper.java:193)
2023-06-22 20:05:39.972  6859-6859  com.zhanghuang          com.zhanghuang                       I    at void android.app.ActivityThread.main(java.lang.String[]) (ActivityThread.java:6825)
2023-06-22 20:05:39.972  6859-6859  com.zhanghuang          com.zhanghuang                       I    at java.lang.Object java.lang.reflect.Method.invoke(java.lang.Object, java.lang.Object[]) (Method.java:-2)
2023-06-22 20:05:39.972  6859-6859  com.zhanghuang          com.zhanghuang                       I    at void com.android.internal.os.RuntimeInit$MethodAndArgsCaller.run() (RuntimeInit.java:493)
2023-06-22 20:05:39.972  6859-6859  com.zhanghuang          com.zhanghuang                       I    at void com.android.internal.os.ZygoteInit.main(java.lang.String[]) (ZygoteInit.java:860)
2023-06-22 20:05:39.972  6859-6859  com.zhanghuang          com.zhanghuang                       I  Caused by: java.lang.ClassNotFoundException: Didn't find class "androidx.sqlite.db.SupportSQLiteDatabase" on path: DexPathList[[zip file "/system/framework/org.apache.http.legacy.boot.jar", zip file "/data/app/com.zhanghuang-_QidOwWHqPQTIuwapinJAA==/base.apk"],nativeLibraryDirectories=[/data/app/com.zhanghuang-_QidOwWHqPQTIuwapinJAA==/lib/x86_64, /data/app/com.zhanghuang-_QidOwWHqPQTIuwapinJAA==/base.apk!/lib/x86_64, /system/lib64, /system/vendor/lib64]]
2023-06-22 20:05:39.972  6859-6859  com.zhanghuang          com.zhanghuang                       I    at java.lang.Class dalvik.system.BaseDexClassLoader.findClass(java.lang.String) (BaseDexClassLoader.java:134)
2023-06-22 20:05:39.972  6859-6859  com.zhanghuang          com.zhanghuang                       I    at java.lang.Class java.lang.ClassLoader.loadClass(java.lang.String, boolean) (ClassLoader.java:379)
2023-06-22 20:05:39.972  6859-6859  com.zhanghuang          com.zhanghuang                       I    at java.lang.Class java.lang.ClassLoader.loadClass(java.lang.String) (ClassLoader.java:312)
2023-06-22 20:05:39.972  6859-6859  com.zhanghuang          com.zhanghuang                       I    at void com.zhanghuang.db.DaoManager.<init>() (DaoManager.java:20)
2023-06-22 20:05:39.972  6859-6859  com.zhanghuang          com.zhanghuang                       I    at com.zhanghuang.db.DaoManager com.zhanghuang.db.DaoManager.getInstance() (DaoManager.java:27)
2023-06-22 20:05:39.972  6859-6859  com.zhanghuang          com.zhanghuang                       I    at void com.zhanghuang.MainApplication.onCreate() (MainApplication.java:65)
2023-06-22 20:05:39.972  6859-6859  com.zhanghuang          com.zhanghuang                       I    at void android.app.Instrumentation.callApplicationOnCreate(android.app.Application) (Instrumentation.java:1154)
2023-06-22 20:05:39.972  6859-6859  com.zhanghuang          com.zhanghuang                       I    at void android.app.ActivityThread.handleBindApplication(android.app.ActivityThread$AppBindData) (ActivityThread.java:6021)
2023-06-22 20:05:39.972  6859-6859  com.zhanghuang          com.zhanghuang                       I    at void android.app.ActivityThread.access$1100(android.app.ActivityThread, android.app.ActivityThread$AppBindData) (ActivityThread.java:207)
2023-06-22 20:05:39.972  6859-6859  com.zhanghuang          com.zhanghuang                       I    at void android.app.ActivityThread$H.handleMessage(android.os.Message) (ActivityThread.java:1663)
2023-06-22 20:05:39.972  6859-6859  com.zhanghuang          com.zhanghuang                       I    at void android.os.Handler.dispatchMessage(android.os.Message) (Handler.java:106)
2023-06-22 20:05:39.972  6859-6859  com.zhanghuang          com.zhanghuang                       I    at void android.os.Looper.loop() (Looper.java:193)
2023-06-22 20:05:39.972  6859-6859  com.zhanghuang          com.zhanghuang                       I    at void android.app.ActivityThread.main(java.lang.String[]) (ActivityThread.java:6825)
2023-06-22 20:05:39.972  6859-6859  com.zhanghuang          com.zhanghuang                       I    at java.lang.Object java.lang.reflect.Method.invoke(java.lang.Object, java.lang.Object[]) (Method.java:-2)
2023-06-22 20:05:39.972  6859-6859  com.zhanghuang          com.zhanghuang                       I    at void com.android.internal.os.RuntimeInit$MethodAndArgsCaller.run() (RuntimeInit.java:493)
2023-06-22 20:05:39.972  6859-6859  com.zhanghuang          com.zhanghuang                       I    at void com.android.internal.os.ZygoteInit.main(java.lang.String[]) (ZygoteInit.java:860)
2023-06-22 20:05:39.972  6859-6859  com.zhanghuang          com.zhanghuang                       I  
2023-06-22 20:05:39.972  6859-6859  com.zhanghuang          com.zhanghuang                       I  Rejecting re-init on previously-failed class java.lang.Class<net.sqlcipher.database.SQLiteDatabase>: java.lang.NoClassDefFoundError: Failed resolution of: Landroidx/sqlite/db/SupportSQLiteDatabase;
2023-06-22 20:05:39.972  6859-6859  com.zhanghuang          com.zhanghuang                       I    at void com.zhanghuang.db.DaoManager.<init>() (DaoManager.java:20)
2023-06-22 20:05:39.972  6859-6859  com.zhanghuang          com.zhanghuang                       I    at com.zhanghuang.db.DaoManager com.zhanghuang.db.DaoManager.getInstance() (DaoManager.java:27)
2023-06-22 20:05:39.972  6859-6859  com.zhanghuang          com.zhanghuang                       I    at void com.zhanghuang.MainApplication.onCreate() (MainApplication.java:65)
2023-06-22 20:05:39.972  6859-6859  com.zhanghuang          com.zhanghuang                       I    at void android.app.Instrumentation.callApplicationOnCreate(android.app.Application) (Instrumentation.java:1154)
2023-06-22 20:05:39.972  6859-6859  com.zhanghuang          com.zhanghuang                       I    at void android.app.ActivityThread.handleBindApplication(android.app.ActivityThread$AppBindData) (ActivityThread.java:6021)
2023-06-22 20:05:39.972  6859-6859  com.zhanghuang          com.zhanghuang                       I    at void android.app.ActivityThread.access$1100(android.app.ActivityThread, android.app.ActivityThread$AppBindData) (ActivityThread.java:207)
2023-06-22 20:05:39.972  6859-6859  com.zhanghuang          com.zhanghuang                       I    at void android.app.ActivityThread$H.handleMessage(android.os.Message) (ActivityThread.java:1663)
2023-06-22 20:05:39.972  6859-6859  com.zhanghuang          com.zhanghuang                       I    at void android.os.Handler.dispatchMessage(android.os.Message) (Handler.java:106)
2023-06-22 20:05:39.972  6859-6859  com.zhanghuang          com.zhanghuang                       I    at void android.os.Looper.loop() (Looper.java:193)
2023-06-22 20:05:39.972  6859-6859  com.zhanghuang          com.zhanghuang                       I    at void android.app.ActivityThread.main(java.lang.String[]) (ActivityThread.java:6825)
2023-06-22 20:05:39.972  6859-6859  com.zhanghuang          com.zhanghuang                       I    at java.lang.Object java.lang.reflect.Method.invoke(java.lang.Object, java.lang.Object[]) (Method.java:-2)
2023-06-22 20:05:39.972  6859-6859  com.zhanghuang          com.zhanghuang                       I    at void com.android.internal.os.RuntimeInit$MethodAndArgsCaller.run() (RuntimeInit.java:493)
2023-06-22 20:05:39.972  6859-6859  com.zhanghuang          com.zhanghuang                       I    at void com.android.internal.os.ZygoteInit.main(java.lang.String[]) (ZygoteInit.java:860)
2023-06-22 20:05:39.972  6859-6859  com.zhanghuang          com.zhanghuang                       I  Caused by: java.lang.ClassNotFoundException: Didn't find class "androidx.sqlite.db.SupportSQLiteDatabase" on path: DexPathList[[zip file "/system/framework/org.apache.http.legacy.boot.jar", zip file "/data/app/com.zhanghuang-_QidOwWHqPQTIuwapinJAA==/base.apk"],nativeLibraryDirectories=[/data/app/com.zhanghuang-_QidOwWHqPQTIuwapinJAA==/lib/x86_64, /data/app/com.zhanghuang-_QidOwWHqPQTIuwapinJAA==/base.apk!/lib/x86_64, /system/lib64, /system/vendor/lib64]]
2023-06-22 20:05:39.972  6859-6859  com.zhanghuang          com.zhanghuang                       I    at java.lang.Class dalvik.system.BaseDexClassLoader.findClass(java.lang.String) (BaseDexClassLoader.java:134)
2023-06-22 20:05:39.972  6859-6859  com.zhanghuang          com.zhanghuang                       I    at java.lang.Class java.lang.ClassLoader.loadClass(java.lang.String, boolean) (ClassLoader.java:379)
2023-06-22 20:05:39.972  6859-6859  com.zhanghuang          com.zhanghuang                       I    at java.lang.Class java.lang.ClassLoader.loadClass(java.lang.String) (ClassLoader.java:312)
2023-06-22 20:05:39.972  6859-6859  com.zhanghuang          com.zhanghuang                       I    at void com.zhanghuang.db.DaoManager.<init>() (DaoManager.java:20)
2023-06-22 20:05:39.972  6859-6859  com.zhanghuang          com.zhanghuang                       I    at com.zhanghuang.db.DaoManager com.zhanghuang.db.DaoManager.getInstance() (DaoManager.java:27)
2023-06-22 20:05:39.972  6859-6859  com.zhanghuang          com.zhanghuang                       I    at void com.zhanghuang.MainApplication.onCreate() (MainApplication.java:65)
2023-06-22 20:05:39.972  6859-6859  com.zhanghuang          com.zhanghuang                       I    at void android.app.Instrumentation.callApplicationOnCreate(android.app.Application) (Instrumentation.java:1154)
2023-06-22 20:05:39.972  6859-6859  com.zhanghuang          com.zhanghuang                       I    at void android.app.ActivityThread.handleBindApplication(android.app.ActivityThread$AppBindData) (ActivityThread.java:6021)
2023-06-22 20:05:39.972  6859-6859  com.zhanghuang          com.zhanghuang                       I    at void android.app.ActivityThread.access$1100(android.app.ActivityThread, android.app.ActivityThread$AppBindData) (ActivityThread.java:207)
2023-06-22 20:05:39.972  6859-6859  com.zhanghuang          com.zhanghuang                       I    at void android.app.ActivityThread$H.handleMessage(android.os.Message) (ActivityThread.java:1663)
2023-06-22 20:05:39.972  6859-6859  com.zhanghuang          com.zhanghuang                       I    at void android.os.Handler.dispatchMessage(android.os.Message) (Handler.java:106)
2023-06-22 20:05:39.972  6859-6859  com.zhanghuang          com.zhanghuang                       I    at void android.os.Looper.loop() (Looper.java:193)
2023-06-22 20:05:39.972  6859-6859  com.zhanghuang          com.zhanghuang                       I    at void android.app.ActivityThread.main(java.lang.String[]) (ActivityThread.java:6825)
2023-06-22 20:05:39.972  6859-6859  com.zhanghuang          com.zhanghuang                       I    at java.lang.Object java.lang.reflect.Method.invoke(java.lang.Object, java.lang.Object[]) (Method.java:-2)
2023-06-22 20:05:39.972  6859-6859  com.zhanghuang          com.zhanghuang                       I    at void com.android.internal.os.RuntimeInit$MethodAndArgsCaller.run() (RuntimeInit.java:493)
2023-06-22 20:05:39.972  6859-6859  com.zhanghuang          com.zhanghuang                       I    at void com.android.internal.os.ZygoteInit.main(java.lang.String[]) (ZygoteInit.java:860)
2023-06-22 20:05:39.972  6859-6859  com.zhanghuang          com.zhanghuang                       I  
2023-06-22 20:05:39.972  6859-6859  com.zhanghuang          com.zhanghuang                       I  Rejecting re-init on previously-failed class java.lang.Class<net.sqlcipher.database.SQLiteDatabase>: java.lang.NoClassDefFoundError: Failed resolution of: Landroidx/sqlite/db/SupportSQLiteDatabase;
2023-06-22 20:05:39.972  6859-6859  com.zhanghuang          com.zhanghuang                       I    at void com.zhanghuang.db.DaoManager.<init>() (DaoManager.java:20)
2023-06-22 20:05:39.972  6859-6859  com.zhanghuang          com.zhanghuang                       I    at com.zhanghuang.db.DaoManager com.zhanghuang.db.DaoManager.getInstance() (DaoManager.java:27)
2023-06-22 20:05:39.972  6859-6859  com.zhanghuang          com.zhanghuang                       I    at void com.zhanghuang.MainApplication.onCreate() (MainApplication.java:65)
2023-06-22 20:05:39.972  6859-6859  com.zhanghuang          com.zhanghuang                       I    at void android.app.Instrumentation.callApplicationOnCreate(android.app.Application) (Instrumentation.java:1154)
2023-06-22 20:05:39.972  6859-6859  com.zhanghuang          com.zhanghuang                       I    at void android.app.ActivityThread.handleBindApplication(android.app.ActivityThread$AppBindData) (ActivityThread.java:6021)
2023-06-22 20:05:39.972  6859-6859  com.zhanghuang          com.zhanghuang                       I    at void android.app.ActivityThread.access$1100(android.app.ActivityThread, android.app.ActivityThread$AppBindData) (ActivityThread.java:207)
2023-06-22 20:05:39.972  6859-6859  com.zhanghuang          com.zhanghuang                       I    at void android.app.ActivityThread$H.handleMessage(android.os.Message) (ActivityThread.java:1663)
2023-06-22 20:05:39.972  6859-6859  com.zhanghuang          com.zhanghuang                       I    at void android.os.Handler.dispatchMessage(android.os.Message) (Handler.java:106)
2023-06-22 20:05:39.972  6859-6859  com.zhanghuang          com.zhanghuang                       I    at void android.os.Looper.loop() (Looper.java:193)
2023-06-22 20:05:39.972  6859-6859  com.zhanghuang          com.zhanghuang                       I    at void android.app.ActivityThread.main(java.lang.String[]) (ActivityThread.java:6825)
2023-06-22 20:05:39.972  6859-6859  com.zhanghuang          com.zhanghuang                       I    at java.lang.Object java.lang.reflect.Method.invoke(java.lang.Object, java.lang.Object[]) (Method.java:-2)
2023-06-22 20:05:39.972  6859-6859  com.zhanghuang          com.zhanghuang                       I    at void com.android.internal.os.RuntimeInit$MethodAndArgsCaller.run() (RuntimeInit.java:493)
2023-06-22 20:05:39.972  6859-6859  com.zhanghuang          com.zhanghuang                       I    at void com.android.internal.os.ZygoteInit.main(java.lang.String[]) (ZygoteInit.java:860)
2023-06-22 20:05:39.972  6859-6859  com.zhanghuang          com.zhanghuang                       I  Caused by: java.lang.ClassNotFoundException: Didn't find class "androidx.sqlite.db.SupportSQLiteDatabase" on path: DexPathList[[zip file "/system/framework/org.apache.http.legacy.boot.jar", zip file "/data/app/com.zhanghuang-_QidOwWHqPQTIuwapinJAA==/base.apk"],nativeLibraryDirectories=[/data/app/com.zhanghuang-_QidOwWHqPQTIuwapinJAA==/lib/x86_64, /data/app/com.zhanghuang-_QidOwWHqPQTIuwapinJAA==/base.apk!/lib/x86_64, /system/lib64, /system/vendor/lib64]]
2023-06-22 20:05:39.972  6859-6859  com.zhanghuang          com.zhanghuang                       I    at java.lang.Class dalvik.system.BaseDexClassLoader.findClass(java.lang.String) (BaseDexClassLoader.java:134)
2023-06-22 20:05:39.972  6859-6859  com.zhanghuang          com.zhanghuang                       I    at java.lang.Class java.lang.ClassLoader.loadClass(java.lang.String, boolean) (ClassLoader.java:379)
2023-06-22 20:05:39.972  6859-6859  com.zhanghuang          com.zhanghuang                       I    at java.lang.Class java.lang.ClassLoader.loadClass(java.lang.String) (ClassLoader.java:312)
2023-06-22 20:05:39.972  6859-6859  com.zhanghuang          com.zhanghuang                       I    at void com.zhanghuang.db.DaoManager.<init>() (DaoManager.java:20)
2023-06-22 20:05:39.972  6859-6859  com.zhanghuang          com.zhanghuang                       I    at com.zhanghuang.db.DaoManager com.zhanghuang.db.DaoManager.getInstance() (DaoManager.java:27)
2023-06-22 20:05:39.972  6859-6859  com.zhanghuang          com.zhanghuang                       I    at void com.zhanghuang.MainApplication.onCreate() (MainApplication.java:65)
2023-06-22 20:05:39.972  6859-6859  com.zhanghuang          com.zhanghuang                       I    at void android.app.Instrumentation.callApplicationOnCreate(android.app.Application) (Instrumentation.java:1154)
2023-06-22 20:05:39.972  6859-6859  com.zhanghuang          com.zhanghuang                       I    at void android.app.ActivityThread.handleBindApplication(android.app.ActivityThread$AppBindData) (ActivityThread.java:6021)
2023-06-22 20:05:39.972  6859-6859  com.zhanghuang          com.zhanghuang                       I    at void android.app.ActivityThread.access$1100(android.app.ActivityThread, android.app.ActivityThread$AppBindData) (ActivityThread.java:207)
2023-06-22 20:05:39.972  6859-6859  com.zhanghuang          com.zhanghuang                       I    at void android.app.ActivityThread$H.handleMessage(android.os.Message) (ActivityThread.java:1663)
2023-06-22 20:05:39.972  6859-6859  com.zhanghuang          com.zhanghuang                       I    at void android.os.Handler.dispatchMessage(android.os.Message) (Handler.java:106)
2023-06-22 20:05:39.972  6859-6859  com.zhanghuang          com.zhanghuang                       I    at void android.os.Looper.loop() (Looper.java:193)
2023-06-22 20:05:39.972  6859-6859  com.zhanghuang          com.zhanghuang                       I    at void android.app.ActivityThread.main(java.lang.String[]) (ActivityThread.java:6825)
2023-06-22 20:05:39.972  6859-6859  com.zhanghuang          com.zhanghuang                       I    at java.lang.Object java.lang.reflect.Method.invoke(java.lang.Object, java.lang.Object[]) (Method.java:-2)
