2023-06-22 20:05:40.351  6859-6859  efs.config              com.zhanghuang                       I  --->>> configCallback key is apm_net_state ## value is 0
2023-06-22 20:05:40.352  6859-6859  efs.config              com.zhanghuang                       I  --->>> configCallback key is apm_native_h5_state ## value is 0
2023-06-22 20:05:40.352  6859-6859  efs.config              com.zhanghuang                       I  --->>> configCallback key is apm_crash_user_max_count ## value is 20
2023-06-22 20:05:40.352  6859-6859  efs.config              com.zhanghuang                       I  --->>> configCallback key is apm_crash_user_upload_type ## value is 1
2023-06-22 20:05:40.352  6859-6859  efs.config              com.zhanghuang                       I  callback netRate is 0
2023-06-22 20:05:40.352  6859-6859  efs.config              com.zhanghuang                       I  callback nativeH5Rate is 0
2023-06-22 20:05:40.352  6859-6859  efs.config              com.zhanghuang                       I  callback crashMaxUserCount is 20
2023-06-22 20:05:40.353  6859-6897  efs.info.manager        com.zhanghuang                       W  network change: wifi
2023-06-22 20:05:40.353  6859-6859  efs.config              com.zhanghuang                       I  callback uploadType is 1
2023-06-22 20:05:40.353  6859-6859  efs.config              com.zhanghuang                       I  --->>> configCallback key is apm_memperf_sampling_rate ## value is 0
2023-06-22 20:05:40.353  6859-6859  efs.config              com.zhanghuang                       I  --->>> configCallback key is apm_memperf_collect_interval ## value is 5
2023-06-22 20:05:40.353  6859-6859  efs.config              com.zhanghuang                       I  --->>> configCallback key is apm_memperf_collect_max_period_sec ## value is 600
2023-06-22 20:05:40.354  6859-6859  efs.config              com.zhanghuang                       I  --->>> configCallback key is apm_startperf_sampling_rate ## value is 5
2023-06-22 20:05:40.357  6859-6922  libnb                   com.zhanghuang                       V  enter native_bridge2_isCompatibleWith 4
2023-06-22 20:05:40.357  6859-6922  libnb                   com.zhanghuang                       V  enter native_bridge2_isCompatibleWith 3
2023-06-22 20:05:40.357  6859-6922  libnb                   com.zhanghuang                       V  enter native_bridge3_loadLibraryExt /data/data/com.zhanghuang/app_e_qq_com_plugin_c4a3cb97806cecae65646808b7755026/libyaqbasic.bcd860b4.so, 2, 0x0
2023-06-22 20:05:40.360  6859-6922  libnb                   com.zhanghuang                       V  native_bridge3_loadLibraryExt: 0x7fff57e93060
2023-06-22 20:05:40.360  6859-6922  libnb                   com.zhanghuang                       V  enter native_bridge2_getTrampoline JNI_OnLoad, trampoline_addr 0x7fff72aee020
2023-06-22 20:05:40.370  6859-6893  MobclickAgent           com.zhanghuang                       D  : 4F4A02775A4A030DEFE34B7F789E36CD
2023-06-22 20:05:40.379  6859-6922  libnb                   com.zhanghuang                       V  enter native_bridge2_isCompatibleWith 4
2023-06-22 20:05:40.379  6859-6922  libnb                   com.zhanghuang                       V  enter native_bridge2_isCompatibleWith 3
2023-06-22 20:05:40.379  6859-6922  libnb                   com.zhanghuang                       V  enter native_bridge3_loadLibraryExt /data/data/com.zhanghuang/app_e_qq_com_plugin_c4a3cb97806cecae65646808b7755026/libMMANDKSignature.bcd860b4.so, 2, 0x0
2023-06-22 20:05:40.380  6859-6922  libnb                   com.zhanghuang                       V  native_bridge3_loadLibraryExt: 0x7fff57e935c0
2023-06-22 20:05:40.380  6859-6922  libnb                   com.zhanghuang                       V  enter native_bridge2_getTrampoline JNI_OnLoad, trampoline_addr 0x0
2023-06-22 20:05:40.381  6859-6922  libnb                   com.zhanghuang                       V  enter native_bridge2_isCompatibleWith 4
2023-06-22 20:05:40.381  6859-6922  libnb                   com.zhanghuang                       V  enter native_bridge2_isCompatibleWith 3
2023-06-22 20:05:40.381  6859-6922  libnb                   com.zhanghuang                       V  enter native_bridge3_loadLibraryExt /data/data/com.zhanghuang/app_e_qq_com_plugin_c4a3cb97806cecae65646808b7755026/libturingau.bcd860b4.so, 2, 0x0
2023-06-22 20:05:40.382  6859-6922  libnb                   com.zhanghuang                       V  native_bridge3_loadLibraryExt: 0x7fff57e93b20
2023-06-22 20:05:40.383  6859-6922  libnb                   com.zhanghuang                       V  enter native_bridge2_getTrampoline JNI_OnLoad, trampoline_addr 0x7fff72aee1e0
2023-06-22 20:05:40.383  6859-6922  TuringFdNative          com.zhanghuang                       I  TuringFD v77 (8D2466BF3FB8AA9C, au, 150176e, rfr, compiled 2023_03_27_10_52_51) success 
2023-06-22 20:05:40.392  6859-6931  HostConnection          com.zhanghuang                       I  HostConnection::HostConnection: pid=6859, tid=6931, this=0x7fff727a7840
2023-06-22 20:05:40.387  6859-6859  RenderThread            com.zhanghuang                       I  type=1400 audit(0.0:9556): avc: denied { read write } for name="fastpipe" dev="tmpfs" ino=5182 scontext=u:r:untrusted_app:s0:c51,c256,c512,c768 tcontext=u:object_r:device:s0 tclass=chr_file permissive=1
2023-06-22 20:05:40.395  6859-6931  <no-tag>                com.zhanghuang                       I  fastpipe: Connect success
2023-06-22 20:05:40.396  6859-6931  HostConnection          com.zhanghuang                       D  HostRPC::connect sucess: app=com.zhanghuang, pid=6859, tid=6931, this=0x7fff68937b80
2023-06-22 20:05:40.398  6859-6931  HostConnection          com.zhanghuang                       D  queryAndSetGLESMaxVersion select gles-version: 3.1 hostGLVersion:46 process:com.zhanghuang
2023-06-22 20:05:40.399  6859-6931  <no-tag>                com.zhanghuang                       I  fastpipe: Connect success
2023-06-22 20:05:40.387  6859-6859  RenderThread            com.zhanghuang                       I  type=1400 audit(0.0:9556): avc: denied { open } for path="/dev/fastpipe" dev="tmpfs" ino=5182 scontext=u:r:untrusted_app:s0:c51,c256,c512,c768 tcontext=u:object_r:device:s0 tclass=chr_file permissive=1
2023-06-22 20:05:40.403  6859-6931  HostConnection          com.zhanghuang                       D  recv ProcessPuidReply name=com.zhanghuang puid=130 g_u64CapsFlag=1d
2023-06-22 20:05:40.405  6859-6893  UMLog                   com.zhanghuang                       D   https://developer.umeng.com/docs/66632/detail/66976?um_channel=sdk
2023-06-22 20:05:40.387  6859-6859  RenderThread            com.zhanghuang                       W  type=1300 audit(0.0:9556): arch=c000003e syscall=257 success=yes exit=92 a0=ffffff9c a1=7ffff6285caa a2=2 a3=0 items=0 ppid=1399 auid=4294967295 uid=10051 gid=10051 euid=10051 suid=10051 fsuid=10051 egid=10051 sgid=10051 fsgid=10051 tty=(none) ses=4294967295 exe="/system/bin/app_process64" subj=u:r:untrusted_app:s0:c51,c256,c512,c768 key=(null)
2023-06-22 20:05:40.410  6859-6931  ConfigStore             com.zhanghuang                       I  android::hardware::configstore::V1_0::ISurfaceFlingerConfigs::hasWideColorDisplay retrieved: 0
2023-06-22 20:05:40.410  6859-6931  ConfigStore             com.zhanghuang                       I  android::hardware::configstore::V1_0::ISurfaceFlingerConfigs::hasHDRDisplay retrieved: 0
2023-06-22 20:05:40.410  6859-6931  OpenGLRenderer          com.zhanghuang                       I  Initialized EGL, version 1.4
2023-06-22 20:05:40.410  6859-6931  OpenGLRenderer          com.zhanghuang                       D  Swap behavior 1
2023-06-22 20:05:40.411  6859-6931  EGL_adreno              com.zhanghuang                       I  eglCreateContext request GLES major-version=2
2023-06-22 20:05:40.415  6859-6931  EGL_adreno              com.zhanghuang                       D  eglCreateContext: 0x7fff6a35c300: maj 3 min 1 rcv 4
2023-06-22 20:05:40.437  6859-6931  EGL_adreno              com.zhanghuang                       D  eglMakeCurrent: 0x7fff6a35c300: ver 3 1 (tinfo 0x7fff727e5b80)
2023-06-22 20:05:40.441  6859-6931  HostConnection          com.zhanghuang                       D  ExtendedRCEncoderContext GL_VERSION return OpenGL ES 3.1
2023-06-22 20:05:40.443  6859-6931  eglCodecCommon          com.zhanghuang                       E  glUtilsParamSize: unknow param 0x00008c29
2023-06-22 20:05:40.443  6859-6931  GLESv2_enc              com.zhanghuang                       W  no support GL_NUM_PROGRAM_BINARY_FORMATS
2023-06-22 20:05:40.447  6859-6922  TuringFdJava            com.zhanghuang                       I  TuringFD v77 (8D2466BF3FB8AA9C, au, 150176e, rfr;rs, wup;105498, compiled 2023_03_27_10_52_51) [url(https://tdid.m.qq.com?mc=2);c(0)]
2023-06-22 20:05:40.451  6859-6931  vndksupport             com.zhanghuang                       D  Loading /vendor/lib64/hw/android.hardware.graphics.mapper@2.0-impl.so from current namespace instead of sphal namespace.
2023-06-22 20:05:40.454  6859-6931  vndksupport             com.zhanghuang                       D  Loading /vendor/lib64/hw/gralloc.default.so from current namespace instead of sphal namespace.
2023-06-22 20:05:40.475  6859-6931  EGL_adreno              com.zhanghuang                       E  tid 6931: eglSurfaceAttrib(1338): error 0x3009 (EGL_BAD_MATCH)
2023-06-22 20:05:40.475  6859-6931  OpenGLRenderer          com.zhanghuang                       W  Failed to set EGL_SWAP_BEHAVIOR on surface 0x7fff6897f580, error=EGL_BAD_MATCH
2023-06-22 20:05:40.491  6859-6931  EGL_adreno              com.zhanghuang                       E  tid 6931: eglSurfaceAttrib(1338): error 0x3009 (EGL_BAD_MATCH)
2023-06-22 20:05:40.491  6859-6931  OpenGLRenderer          com.zhanghuang                       W  Failed to set EGL_SWAP_BEHAVIOR on surface 0x7fff6897f600, error=EGL_BAD_MATCH
2023-06-22 20:05:40.495  6859-6931  EGL_adreno              com.zhanghuang                       D  eglMakeCurrent: 0x7fff6a35c300: ver 3 1 (tinfo 0x7fff727e5b80)
2023-06-22 20:05:40.511  6859-6941  com.zhanghuang          com.zhanghuang                       W  Accessing hidden method Landroid/webkit/WebViewFactory;->getWebViewContextAndSetProvider()Landroid/content/Context; (light greylist, reflection)
2023-06-22 20:05:40.534  6859-6931  EGL_adreno              com.zhanghuang                       D  eglMakeCurrent: 0x7fff6a35c300: ver 3 1 (tinfo 0x7fff727e5b80)
2023-06-22 20:05:40.549  6859-6859  crashsdk                com.zhanghuang                       I  Unexp log not enabled, skip update unexp info!
2023-06-22 20:05:40.569  6859-6893  MobclickAgent           com.zhanghuang                       D  : 4F4A02775A4A030DEFE34B7F789E36CD
2023-06-22 20:05:40.573  6859-6893  UMLog                   com.zhanghuang                       D   https://developer.umeng.com/docs/66632/detail/66976?um_channel=sdk
2023-06-22 20:05:40.583  6859-6931  EGL_adreno              com.zhanghuang                       D  eglMakeCurrent: 0x7fff6a35c300: ver 3 1 (tinfo 0x7fff727e5b80)
2023-06-22 20:05:40.599  6859-6931  EGL_adreno              com.zhanghuang                       D  eglMakeCurrent: 0x7fff6a35c300: ver 3 1 (tinfo 0x7fff727e5b80)
2023-06-22 20:05:40.605  6859-6955  libnb                   com.zhanghuang                       V  enter native_bridge2_isCompatibleWith 4
2023-06-22 20:05:40.605  6859-6955  libnb                   com.zhanghuang                       V  enter native_bridge2_isCompatibleWith 3
2023-06-22 20:05:40.605  6859-6955  libnb                   com.zhanghuang                       V  enter native_bridge3_loadLibraryExt /data/user/0/com.zhanghuang/app_adnet/dynamic/libquickjs.so, 2, 0x0
2023-06-22 20:05:40.625  6859-6931  EGL_adreno              com.zhanghuang                       D  eglMakeCurrent: 0x7fff6a35c300: ver 3 1 (tinfo 0x7fff727e5b80)
2023-06-22 20:05:40.628  6859-6859  ActivityThread          com.zhanghuang                       W  handleWindowVisibility: no activity for token android.os.BinderProxy@990ca8d
2023-06-22 20:05:40.642  6859-6955  libnb                   com.zhanghuang                       V  native_bridge3_loadLibraryExt: 0x7fff57e945e0
2023-06-22 20:05:40.642  6859-6955  libnb                   com.zhanghuang                       V  enter native_bridge2_getTrampoline JNI_OnLoad, trampoline_addr 0x0
2023-06-22 20:05:40.705  6859-6859  MicroMsg.P....WXFactory com.zhanghuang                       D  createWXAPI, appId = wx5846c59e6f1304a9, checkSignature = true
2023-06-22 20:05:40.705  6859-6859  MicroMsg.P....WXFactory com.zhanghuang                       D  createWXAPI, appId = wx5846c59e6f1304a9, checkSignature = true, launchMode = 2
2023-06-22 20:05:40.708  6859-6859  MicroMsg.S...ApiImplV10 com.zhanghuang                       D  <init>, appId = wx5846c59e6f1304a9, checkSignature = true, launchMode = 2
2023-06-22 20:05:40.709  6859-6859  MicroMsg.S...ApiImplV10 com.zhanghuang                       E  register app failed for wechat app signature check failed
2023-06-22 20:05:40.712  6859-6859  crashsdk                com.zhanghuang                       I  Unexp log not enabled, skip update unexp info!
2023-06-22 20:05:40.716  6859-6893  MobclickAgent           com.zhanghuang                       D  : 4F4A02775A4A030DEFE34B7F789E36CD
2023-06-22 20:05:40.720  6859-6893  UMLog                   com.zhanghuang                       D   https://developer.umeng.com/docs/66632/detail/66976?um_channel=sdk
2023-06-22 20:05:40.810  6859-6859  UMLog                   com.zhanghuang                       E  
2023-06-22 20:05:40.810  6859-6859  UMLog                   com.zhanghuang                       E       MainActivityonPageStartonPageEndonPageStart
2023-06-22 20:05:40.810  6859-6859  UMLog                   com.zhanghuang                       E  
2023-06-22 20:05:40.810  6859-6859  UMLog                   com.zhanghuang                       E       onPageStartonPageEnd https://developer.umeng.com/docs/66632/detail/66975?um_channel=sdk
2023-06-22 20:05:40.810  6859-6859  UMLog                   com.zhanghuang                       E  
2023-06-22 20:05:40.828  6859-6859  UMLog                   com.zhanghuang                       E  
2023-06-22 20:05:40.828  6859-6859  UMLog                   com.zhanghuang                       E       onPageStartonPageEndonPageStart
2023-06-22 20:05:40.828  6859-6859  UMLog                   com.zhanghuang                       E  
2023-06-22 20:05:40.828  6859-6859  UMLog                   com.zhanghuang                       E       onPageStartonPageEnd https://developer.umeng.com/docs/66632/detail/66975?um_channel=sdk
2023-06-22 20:05:40.828  6859-6859  UMLog                   com.zhanghuang                       E  
2023-06-22 20:05:40.856  6859-6864  com.zhanghuang          com.zhanghuang                       I  Compiler allocated 4MB to compile void android.widget.TextView.<init>(android.content.Context, android.util.AttributeSet, int, int)
2023-06-22 20:05:40.870  6859-6931  EGL_adreno              com.zhanghuang                       E  tid 6931: eglSurfaceAttrib(1338): error 0x3009 (EGL_BAD_MATCH)
2023-06-22 20:05:40.870  6859-6931  OpenGLRenderer          com.zhanghuang                       W  Failed to set EGL_SWAP_BEHAVIOR on surface 0x7fff59aaf980, error=EGL_BAD_MATCH
2023-06-22 20:05:40.896  6859-6931  EGL_adreno              com.zhanghuang                       D  eglMakeCurrent: 0x7fff6a35c300: ver 3 1 (tinfo 0x7fff727e5b80)
2023-06-22 20:05:40.916  6859-6931  EGL_adreno              com.zhanghuang                       D  eglMakeCurrent: 0x7fff6a35c300: ver 3 1 (tinfo 0x7fff727e5b80)
2023-06-22 20:05:40.922  6859-6859  TAG                     com.zhanghuang                       I  isLogin:  true
2023-06-22 20:05:40.926  6859-6859  System.err              com.zhanghuang                       W  java.lang.Exception: Toast callstack! strTip=APP
2023-06-22 20:05:40.926  6859-6859  System.err              com.zhanghuang                       W  	at android.widget.Toast.show(Toast.java:143)
2023-06-22 20:05:40.926  6859-6859  System.err              com.zhanghuang                       W  	at com.zhanghuang.MainActivity.checkUpdate(MainActivity.java:121)
2023-06-22 20:05:40.926  6859-6859  System.err              com.zhanghuang                       W  	at com.zhanghuang.MainActivity.lambda$initData$1$MainActivity(MainActivity.java:104)
2023-06-22 20:05:40.926  6859-6859  System.err              com.zhanghuang                       W  	at com.zhanghuang.-$$Lambda$MainActivity$bcthmW7peV9FNIks0N0MpuXTjBc.response(Unknown Source:2)
2023-06-22 20:05:40.926  6859-6859  System.err              com.zhanghuang                       W  	at com.zhanghuang.net.RequestData.lambda$httpGet$0$RequestData(RequestData.java:75)
2023-06-22 20:05:40.926  6859-6859  System.err              com.zhanghuang                       W  	at com.zhanghuang.net.-$$Lambda$RequestData$1SDYCLz48YaOSsCO9VOe_LbZUh8.response(Unknown Source:6)
2023-06-22 20:05:40.926  6859-6859  System.err              com.zhanghuang                       W  	at com.zhanghuang.net.AppRequest.deliverResponse(AppRequest.java:55)
2023-06-22 20:05:40.926  6859-6859  System.err              com.zhanghuang                       W  	at com.zhanghuang.net.AppRequest.deliverResponse(AppRequest.java:22)
2023-06-22 20:05:40.926  6859-6859  System.err              com.zhanghuang                       W  	at com.android.volley.ExecutorDelivery$ResponseDeliveryRunnable.run(ExecutorDelivery.java:99)
2023-06-22 20:05:40.926  6859-6859  System.err              com.zhanghuang                       W  	at android.os.Handler.handleCallback(Handler.java:873)
2023-06-22 20:05:40.926  6859-6859  System.err              com.zhanghuang                       W  	at android.os.Handler.dispatchMessage(Handler.java:99)
2023-06-22 20:05:40.926  6859-6859  System.err              com.zhanghuang                       W  	at android.os.Looper.loop(Looper.java:193)
2023-06-22 20:05:40.926  6859-6859  System.err              com.zhanghuang                       W  	at android.app.ActivityThread.main(ActivityThread.java:6825)
2023-06-22 20:05:40.926  6859-6859  System.err              com.zhanghuang                       W  	at java.lang.reflect.Method.invoke(Native Method)
2023-06-22 20:05:40.926  6859-6859  System.err              com.zhanghuang                       W  	at com.android.internal.os.RuntimeInit$MethodAndArgsCaller.run(RuntimeInit.java:493)
2023-06-22 20:05:40.926  6859-6859  System.err              com.zhanghuang                       W  	at com.android.internal.os.ZygoteInit.main(ZygoteInit.java:860)
2023-06-22 20:05:41.089  6859-6931  EGL_adreno              com.zhanghuang                       D  eglMakeCurrent: 0x7fff6a35c300: ver 3 1 (tinfo 0x7fff727e5b80)
2023-06-22 20:05:41.133  6859-6931  EGL_adreno              com.zhanghuang                       E  tid 6931: eglSurfaceAttrib(1338): error 0x3009 (EGL_BAD_MATCH)
2023-06-22 20:05:41.133  6859-6931  OpenGLRenderer          com.zhanghuang                       W  Failed to set EGL_SWAP_BEHAVIOR on surface 0x7fff5998b080, error=EGL_BAD_MATCH
2023-06-22 20:05:41.135  6859-6931  EGL_adreno              com.zhanghuang                       D  eglMakeCurrent: 0x7fff6a35c300: ver 3 1 (tinfo 0x7fff727e5b80)
2023-06-22 20:05:41.188  6859-6931  chatty                  com.zhanghuang                       I  uid=10051(com.zhanghuang) RenderThread identical 2 lines
2023-06-22 20:05:41.191  6859-6931  EGL_adreno              com.zhanghuang                       D  eglMakeCurrent: 0x7fff6a35c300: ver 3 1 (tinfo 0x7fff727e5b80)
2023-06-22 20:05:41.303  6859-6859  MainHeadUint            com.zhanghuang                       I  onADReceive, ECPM: -1, ECPMLevel: , adNetWorkName: , testExtraInfo:-1, request_id:s4mxgxsqgj74401
2023-06-22 20:05:41.401  6859-6859  MainHeadUint            com.zhanghuang                       I  onADExposure
2023-06-22 20:05:41.432  6859-6987  MediaPlayer             com.zhanghuang                       V  resetDrmState:  mDrmInfo=null mDrmProvisioningThread=null mPrepareDrmInProgress=false mActiveDrmScheme=false
2023-06-22 20:05:41.432  6859-6987  MediaPlayer             com.zhanghuang                       V  cleanDrmObj: mDrmObj=null mDrmSessionId=null
2023-06-22 20:05:41.432  6859-6987  MediaHTTPService        com.zhanghuang                       V  MediaHTTPService(android.media.MediaHTTPService@d70713a): Cookies: null
2023-06-22 20:05:41.436  6859-6872  MediaHTTPService        com.zhanghuang                       V  makeHTTPConnection: CookieManager created: java.net.CookieManager@5cb6b48
2023-06-22 20:05:41.436  6859-6872  MediaHTTPService        com.zhanghuang                       V  makeHTTPConnection(android.media.MediaHTTPService@d70713a): cookieHandler: java.net.CookieManager@5cb6b48 Cookies: null
2023-06-22 20:05:41.817  6859-6999  MediaPlayerNative       com.zhanghuang                       W  info/warning (3, 0)
2023-06-22 20:05:41.818  6859-6999  MapperHal               com.zhanghuang                       W  buffer descriptor with invalid usage bits 0x2000
2023-06-22 20:05:41.821  6859-6999  HostConnection          com.zhanghuang                       I  HostConnection::HostConnection: pid=6859, tid=6999, this=0x7fff5996df00
2023-06-22 20:05:41.822  6859-6999  <no-tag>                com.zhanghuang                       I  fastpipe: Connect success
2023-06-22 20:05:41.822  6859-6999  HostConnection          com.zhanghuang                       D  HostRPC::connect sucess: app=com.zhanghuang, pid=6859, tid=6999, this=0x7fff51036240
2023-06-22 20:05:41.823  6859-6999  HostConnection          com.zhanghuang                       D  queryAndSetGLESMaxVersion select gles-version: 3.1 hostGLVersion:46 process:com.zhanghuang
2023-06-22 20:05:42.076  6859-6859  UMLog                   com.zhanghuang                       E  
2023-06-22 20:05:42.076  6859-6859  UMLog                   com.zhanghuang                       E       onPageStartonPageEndonPageStart
2023-06-22 20:05:42.076  6859-6859  UMLog                   com.zhanghuang                       E  
2023-06-22 20:05:42.076  6859-6859  UMLog                   com.zhanghuang                       E       onPageStartonPageEnd https://developer.umeng.com/docs/66632/detail/66975?um_channel=sdk
2023-06-22 20:05:42.076  6859-6859  UMLog                   com.zhanghuang                       E  
2023-06-22 20:05:42.094  6859-6859  UMLog                   com.zhanghuang                       E  
2023-06-22 20:05:42.094  6859-6859  UMLog                   com.zhanghuang                       E       onPageStartonPageEndonPageStart
2023-06-22 20:05:42.094  6859-6859  UMLog                   com.zhanghuang                       E  
2023-06-22 20:05:42.094  6859-6859  UMLog                   com.zhanghuang                       E       onPageStartonPageEnd https://developer.umeng.com/docs/66632/detail/66975?um_channel=sdk
2023-06-22 20:05:42.094  6859-6859  UMLog                   com.zhanghuang                       E  
2023-06-22 20:05:42.112  6859-6999  MapperHal               com.zhanghuang                       W  buffer descriptor with invalid usage bits 0x2000
2023-06-22 20:05:44.164  6859-6859  UMLog                   com.zhanghuang                       E  
2023-06-22 20:05:44.164  6859-6859  UMLog                   com.zhanghuang                       E       onPageStartonPageEnd
2023-06-22 20:05:44.164  6859-6859  UMLog                   com.zhanghuang                       E  
2023-06-22 20:05:44.164  6859-6859  UMLog                   com.zhanghuang                       E       onPageStartonPageEnd https://developer.umeng.com/docs/66632/detail/66975?um_channel=sdk
2023-06-22 20:05:44.164  6859-6859  UMLog                   com.zhanghuang                       E  
2023-06-22 20:05:44.164  6859-6859  UMLog                   com.zhanghuang                       E  
2023-06-22 20:05:44.164  6859-6859  UMLog                   com.zhanghuang                       E       onPageStartonPageEnd
2023-06-22 20:05:44.164  6859-6859  UMLog                   com.zhanghuang                       E  
2023-06-22 20:05:44.164  6859-6859  UMLog                   com.zhanghuang                       E       onPageStartonPageEnd https://developer.umeng.com/docs/66632/detail/66975?um_channel=sdk
2023-06-22 20:05:44.164  6859-6859  UMLog                   com.zhanghuang                       E  
2023-06-22 20:05:44.164  6859-6859  UMLog                   com.zhanghuang                       E  
2023-06-22 20:05:44.164  6859-6859  UMLog                   com.zhanghuang                       E       onPageStartonPageEnd
2023-06-22 20:05:44.164  6859-6859  UMLog                   com.zhanghuang                       E  
2023-06-22 20:05:44.164  6859-6859  UMLog                   com.zhanghuang                       E       onPageStartonPageEnd https://developer.umeng.com/docs/66632/detail/66975?um_channel=sdk
2023-06-22 20:05:44.164  6859-6859  UMLog                   com.zhanghuang                       E  
2023-06-22 20:05:44.164  6859-6859  UMLog                   com.zhanghuang                       E  
2023-06-22 20:05:44.164  6859-6859  UMLog                   com.zhanghuang                       E       onPageStartonPageEnd
2023-06-22 20:05:44.164  6859-6859  UMLog                   com.zhanghuang                       E  
2023-06-22 20:05:44.164  6859-6859  UMLog                   com.zhanghuang                       E       onPageStartonPageEnd https://developer.umeng.com/docs/66632/detail/66975?um_channel=sdk
2023-06-22 20:05:44.164  6859-6859  UMLog                   com.zhanghuang                       E  
2023-06-22 20:05:44.164  6859-6859  UMLog                   com.zhanghuang                       E  
2023-06-22 20:05:44.164  6859-6859  UMLog                   com.zhanghuang                       E       MainActivityonPageStartonPageEnd
2023-06-22 20:05:44.164  6859-6859  UMLog                   com.zhanghuang                       E  
2023-06-22 20:05:44.164  6859-6859  UMLog                   com.zhanghuang                       E       onPageStartonPageEnd https://developer.umeng.com/docs/66632/detail/66975?um_channel=sdk
2023-06-22 20:05:44.164  6859-6859  UMLog                   com.zhanghuang                       E  
2023-06-22 20:05:44.174  6859-6859  ActivityThread          com.zhanghuang                       W  handleWindowVisibility: no activity for token android.os.BinderProxy@f943aa
2023-06-22 20:05:44.192  6859-6859  crashsdk                com.zhanghuang                       I  Unexp log not enabled, skip update unexp info!
2023-06-22 20:05:44.197  6859-6893  MobclickAgent           com.zhanghuang                       D  : 4F4A02775A4A030DEFE34B7F789E36CD
2023-06-22 20:05:44.200  6859-6893  UMLog                   com.zhanghuang                       D   https://developer.umeng.com/docs/66632/detail/66976?um_channel=sdk
2023-06-22 20:05:44.215  6859-6931  EGL_adreno              com.zhanghuang                       E  tid 6931: eglSurfaceAttrib(1338): error 0x3009 (EGL_BAD_MATCH)
2023-06-22 20:05:44.215  6859-6931  OpenGLRenderer          com.zhanghuang                       W  Failed to set EGL_SWAP_BEHAVIOR on surface 0x7fff4e6f4d00, error=EGL_BAD_MATCH
2023-06-22 20:05:44.220  6859-6931  EGL_adreno              com.zhanghuang                       D  eglMakeCurrent: 0x7fff6a35c300: ver 3 1 (tinfo 0x7fff727e5b80)
2023-06-22 20:05:45.138  6859-6893  UMLog                   com.zhanghuang                       I  OAID
2023-06-22 20:05:45.155  6859-6893  UMLog                   com.zhanghuang                       I  SDK: 9.6.1
2023-06-22 20:05:45.155  6859-6893  UMLog                   com.zhanghuang                       I  ZID SDK: 1.8.0
2023-06-22 20:05:45.156  6859-6893  UMLog                   com.zhanghuang                       I  APM SDK: 1.9.2
2023-06-22 20:05:45.157  6859-6893  MobclickAgent           com.zhanghuang                       I  module init:aszioc
2023-06-22 20:05:45.163  6859-6893  com.zhanghuang          com.zhanghuang                       E  Invalid ID 0x00000000.
2023-06-22 20:05:45.166  6859-6908  efs.config              com.zhanghuang                       D  app=58eb2d094544cb15d2001334&cver=1651209273&os=android&sd=ejqO1mShZRkvJnDRSlPxGw&sver=1651209273&tm=1687435545&um_sdk_ver=1.9.2&ver=2.0.8&wl_dd=2FpPPPSNmPui5vxS4v1UP7scA-oVWgkB9bn7AE0Dm-c-IX6xxQu67DAzrzbHVhu3&sign=a74213df1a8d00b855bf88ae221f547f
2023-06-22 20:05:45.167  6859-6908  efs.px.api              com.zhanghuang                       I  get config from server, url is https://errnewlog.umeng.com/apm_cc
2023-06-22 20:05:45.257  6859-6908  efs.config              com.zhanghuang                       I  config request succ, config is:
                                                                                                     {"msg":"","code":0,"cip":"127.0.0.1","config":{"common":{"updateInteval":480,"gate_way_https":true},"app_configs":[{"conditions":[{"val":"0.0.0.0","opc":">=","fld":"ver"}],"actions":[{"opt":"apm_mem_state","set":0},{"opt":"apm_oom_state","set":0},{"opt":"apm_native_h5perf_sampling_rate","set":5},{"opt":"apm_memperf_collect_interval","set":5},{"opt":"apm_netperf_sampling_rate","set":5},{"opt":"apm_patrace_switch_rate","set":5},{"opt":"record_accumulation_time","set":60,"lt":"memperf"},{"opt":"apm_memperf_sampling_rate","set":0},{"opt":"apm_crash_user_upload_type","set":1},{"opt":"apm_memperf_collect_max_period_sec","set":600},{"opt":"apm_net_state","set":0},{"opt":"apm_startperf_sampling_rate","set":5},{"opt":"apm_crash_user_max_count","set":20},{"opt":"apm_oom_sampling_rate","set":5},{"opt":"apm_native_h5_state","set":0}]}]},"stm":1687435516,"cver":1651209273}
2023-06-22 20:05:45.257  6859-6908  efs.config              com.zhanghuang                       I  from server. efs config is {"msg":"","code":0,"cip":"127.0.0.1","config":{"common":{"updateInteval":480,"gate_way_https":true},"app_configs":[{"conditions":[{"val":"0.0.0.0","opc":">=","fld":"ver"}],"actions":[{"opt":"apm_mem_state","set":0},{"opt":"apm_oom_state","set":0},{"opt":"apm_native_h5perf_sampling_rate","set":5},{"opt":"apm_memperf_collect_interval","set":5},{"opt":"apm_netperf_sampling_rate","set":5},{"opt":"apm_patrace_switch_rate","set":5},{"opt":"record_accumulation_time","set":60,"lt":"memperf"},{"opt":"apm_memperf_sampling_rate","set":0},{"opt":"apm_crash_user_upload_type","set":1},{"opt":"apm_memperf_collect_max_period_sec","set":600},{"opt":"apm_net_state","set":0},{"opt":"apm_startperf_sampling_rate","set":5},{"opt":"apm_crash_user_max_count","set":20},{"opt":"apm_oom_sampling_rate","set":5},{"opt":"apm_native_h5_state","set":0}]}]},"stm":1687435516,"cver":1651209273}
2023-06-22 20:05:46.541  6859-6859  ActivityThread          com.zhanghuang                       W  handleWindowVisibility: no activity for token android.os.BinderProxy@2604a9d
2023-06-22 20:05:46.591  6859-6859  crashsdk                com.zhanghuang                       I  Unexp log not enabled, skip update unexp info!
2023-06-22 20:05:46.596  6859-6893  MobclickAgent           com.zhanghuang                       D  : 4F4A02775A4A030DEFE34B7F789E36CD
2023-06-22 20:05:46.598  6859-6893  UMLog                   com.zhanghuang                       D   https://developer.umeng.com/docs/66632/detail/66976?um_channel=sdk
2023-06-22 20:05:46.615  6859-6859  Count                   com.zhanghuang                       I  
2023-06-22 20:05:46.617  6859-6931  EGL_adreno              com.zhanghuang                       E  tid 6931: eglSurfaceAttrib(1338): error 0x3009 (EGL_BAD_MATCH)
2023-06-22 20:05:46.617  6859-6931  OpenGLRenderer          com.zhanghuang                       W  Failed to set EGL_SWAP_BEHAVIOR on surface 0x7fff4db22600, error=EGL_BAD_MATCH
2023-06-22 20:05:46.624  6859-6931  EGL_adreno              com.zhanghuang                       D  eglMakeCurrent: 0x7fff6a35c300: ver 3 1 (tinfo 0x7fff727e5b80)
2023-06-22 20:05:47.592  6859-6859  countdown               com.zhanghuang                       I  countDownValue:  30
2023-06-22 20:05:47.766  6859-6859  crashsdk                com.zhanghuang                       I  Unexp log not enabled, skip update unexp info!
2023-06-22 20:05:47.767  6859-6859  UMLog                   com.zhanghuang                       E  
2023-06-22 20:05:47.767  6859-6859  UMLog                   com.zhanghuang                       E       onPageStartonPageEndonPageStart
2023-06-22 20:05:47.767  6859-6859  UMLog                   com.zhanghuang                       E  
2023-06-22 20:05:47.767  6859-6859  UMLog                   com.zhanghuang                       E       onPageStartonPageEnd https://developer.umeng.com/docs/66632/detail/66975?um_channel=sdk
2023-06-22 20:05:47.767  6859-6859  UMLog                   com.zhanghuang                       E  
2023-06-22 20:05:47.767  6859-6859  UMLog                   com.zhanghuang                       E  
2023-06-22 20:05:47.767  6859-6859  UMLog                   com.zhanghuang                       E       MainActivityonPageStartonPageEndonPageStart
2023-06-22 20:05:47.767  6859-6859  UMLog                   com.zhanghuang                       E  
2023-06-22 20:05:47.767  6859-6859  UMLog                   com.zhanghuang                       E       onPageStartonPageEnd https://developer.umeng.com/docs/66632/detail/66975?um_channel=sdk
2023-06-22 20:05:47.767  6859-6859  UMLog                   com.zhanghuang                       E  
2023-06-22 20:05:47.769  6859-6859  UMLog                   com.zhanghuang                       E  
2023-06-22 20:05:47.769  6859-6859  UMLog                   com.zhanghuang                       E       onPageStartonPageEndonPageStart
2023-06-22 20:05:47.769  6859-6859  UMLog                   com.zhanghuang                       E  
2023-06-22 20:05:47.769  6859-6859  UMLog                   com.zhanghuang                       E       onPageStartonPageEnd https://developer.umeng.com/docs/66632/detail/66975?um_channel=sdk
2023-06-22 20:05:47.769  6859-6859  UMLog                   com.zhanghuang                       E  
2023-06-22 20:05:47.769  6859-6859  UMLog                   com.zhanghuang                       E  
2023-06-22 20:05:47.769  6859-6859  UMLog                   com.zhanghuang                       E       onPageStartonPageEndonPageStart
2023-06-22 20:05:47.769  6859-6859  UMLog                   com.zhanghuang                       E  
2023-06-22 20:05:47.769  6859-6859  UMLog                   com.zhanghuang                       E       onPageStartonPageEnd https://developer.umeng.com/docs/66632/detail/66975?um_channel=sdk
2023-06-22 20:05:47.769  6859-6859  UMLog                   com.zhanghuang                       E  
2023-06-22 20:05:47.771  6859-6859  UMLog                   com.zhanghuang                       E  
2023-06-22 20:05:47.771  6859-6859  UMLog                   com.zhanghuang                       E       onPageStartonPageEndonPageStart
2023-06-22 20:05:47.771  6859-6859  UMLog                   com.zhanghuang                       E  
2023-06-22 20:05:47.771  6859-6859  UMLog                   com.zhanghuang                       E       onPageStartonPageEnd https://developer.umeng.com/docs/66632/detail/66975?um_channel=sdk
2023-06-22 20:05:47.771  6859-6859  UMLog                   com.zhanghuang                       E  
2023-06-22 20:05:47.787  6859-6893  MobclickAgent           com.zhanghuang                       D  : 4F4A02775A4A030DEFE34B7F789E36CD
2023-06-22 20:05:47.789  6859-6893  UMLog                   com.zhanghuang                       D   https://developer.umeng.com/docs/66632/detail/66976?um_channel=sdk
2023-06-22 20:05:47.795  6859-6931  EGL_adreno              com.zhanghuang                       E  tid 6931: eglSurfaceAttrib(1338): error 0x3009 (EGL_BAD_MATCH)
2023-06-22 20:05:47.795  6859-6931  OpenGLRenderer          com.zhanghuang                       W  Failed to set EGL_SWAP_BEHAVIOR on surface 0x7fff4e6f4d00, error=EGL_BAD_MATCH
2023-06-22 20:05:47.812  6859-6931  EGL_adreno              com.zhanghuang                       D  eglMakeCurrent: 0x7fff6a35c300: ver 3 1 (tinfo 0x7fff727e5b80)
2023-06-22 20:05:51.804  6859-6888  com.zhanghuang          com.zhanghuang                       I  Explicit concurrent copying GC freed 27077(1521KB) AllocSpace objects, 25(976KB) LOS objects, 49% free, 4MB/8MB, paused 18us total 12.405ms
2023-06-22 20:05:55.132  6859-6905  crashsdk                com.zhanghuang                       I  crashsdk uploading logs
2023-06-22 20:06:17.975  6859-6859  MainHeadUint            com.zhanghuang                       I  onADReceive, ECPM: -1, ECPMLevel: , adNetWorkName: , testExtraInfo:-1, request_id:itpac7klyrsuc01
2023-06-22 20:06:17.980  6859-6871  HostConnection          com.zhanghuang                       I  HostConnection::HostConnection: pid=6859, tid=6871, this=0x7fff5996dcc0
2023-06-22 20:06:17.981  6859-6871  <no-tag>                com.zhanghuang                       I  fastpipe: Connect success
2023-06-22 20:06:17.981  6859-6871  HostConnection          com.zhanghuang                       D  HostRPC::connect sucess: app=com.zhanghuang, pid=6859, tid=6871, this=0x7fff4fca1300
2023-06-22 20:06:17.983  6859-6871  HostConnection          com.zhanghuang                       D  queryAndSetGLESMaxVersion select gles-version: 3.1 hostGLVersion:46 process:com.zhanghuang
2023-06-22 20:06:17.977  6859-6859  Binder:6859_1           com.zhanghuang                       I  type=1400 audit(0.0:9575): avc: denied { read write } for name="fastpipe" dev="tmpfs" ino=5182 scontext=u:r:untrusted_app:s0:c51,c256,c512,c768 tcontext=u:object_r:device:s0 tclass=chr_file permissive=1
2023-06-22 20:06:17.977  6859-6859  Binder:6859_1           com.zhanghuang                       I  type=1400 audit(0.0:9575): avc: denied { open } for path="/dev/fastpipe" dev="tmpfs" ino=5182 scontext=u:r:untrusted_app:s0:c51,c256,c512,c768 tcontext=u:object_r:device:s0 tclass=chr_file permissive=1
2023-06-22 20:06:17.977  6859-6859  Binder:6859_1           com.zhanghuang                       W  type=1300 audit(0.0:9575): arch=c000003e syscall=257 success=yes exit=117 a0=ffffff9c a1=7ffff6285caa a2=2 a3=0 items=0 ppid=1399 auid=4294967295 uid=10051 gid=10051 euid=10051 suid=10051 fsuid=10051 egid=10051 sgid=10051 fsgid=10051 tty=(none) ses=4294967295 exe="/system/bin/app_process64" subj=u:r:untrusted_app:s0:c51,c256,c512,c768 key=(null)
2023-06-22 20:06:17.992  6859-6987  MediaPlayer             com.zhanghuang                       V  resetDrmState:  mDrmInfo=null mDrmProvisioningThread=null mPrepareDrmInProgress=false mActiveDrmScheme=false
2023-06-22 20:06:17.992  6859-6987  MediaPlayer             com.zhanghuang                       V  cleanDrmObj: mDrmObj=null mDrmSessionId=null
2023-06-22 20:06:17.993  6859-6987  MediaPlayer             com.zhanghuang                       V  resetDrmState:  mDrmInfo=null mDrmProvisioningThread=null mPrepareDrmInProgress=false mActiveDrmScheme=false
2023-06-22 20:06:17.993  6859-6987  MediaPlayer             com.zhanghuang                       V  cleanDrmObj: mDrmObj=null mDrmSessionId=null
2023-06-22 20:06:17.994  6859-7152  MediaPlayer             com.zhanghuang                       V  resetDrmState:  mDrmInfo=null mDrmProvisioningThread=null mPrepareDrmInProgress=false mActiveDrmScheme=false
2023-06-22 20:06:17.994  6859-7152  MediaPlayer             com.zhanghuang                       V  cleanDrmObj: mDrmObj=null mDrmSessionId=null
2023-06-22 20:06:48.012  6859-6859  MainHeadUint            com.zhanghuang                       I  onADReceive, ECPM: -1, ECPMLevel: , adNetWorkName: , testExtraInfo:-1, request_id:sv7hyvmwsm4ky01
2023-06-22 20:06:48.013  6859-7152  MediaPlayer             com.zhanghuang                       V  resetDrmState:  mDrmInfo=null mDrmProvisioningThread=null mPrepareDrmInProgress=false mActiveDrmScheme=false
2023-06-22 20:06:48.013  6859-7152  MediaPlayer             com.zhanghuang                       V  cleanDrmObj: mDrmObj=null mDrmSessionId=null
2023-06-22 20:06:48.013  6859-7152  MediaPlayer             com.zhanghuang                       V  resetDrmState:  mDrmInfo=null mDrmProvisioningThread=null mPrepareDrmInProgress=false mActiveDrmScheme=false
2023-06-22 20:06:48.013  6859-7152  MediaPlayer             com.zhanghuang                       V  cleanDrmObj: mDrmObj=null mDrmSessionId=null
2023-06-22 20:06:48.040  6859-7219  MediaPlayer             com.zhanghuang                       V  resetDrmState:  mDrmInfo=null mDrmProvisioningThread=null mPrepareDrmInProgress=false mActiveDrmScheme=false
2023-06-22 20:06:48.040  6859-7219  MediaPlayer             com.zhanghuang                       V  cleanDrmObj: mDrmObj=null mDrmSessionId=null
2023-06-22 20:07:17.971  6859-7219  MediaPlayer             com.zhanghuang                       V  resetDrmState:  mDrmInfo=null mDrmProvisioningThread=null mPrepareDrmInProgress=false mActiveDrmScheme=false
2023-06-22 20:07:17.971  6859-7219  MediaPlayer             com.zhanghuang                       V  cleanDrmObj: mDrmObj=null mDrmSessionId=null
2023-06-22 20:07:17.972  6859-7219  MediaPlayer             com.zhanghuang                       V  resetDrmState:  mDrmInfo=null mDrmProvisioningThread=null mPrepareDrmInProgress=false mActiveDrmScheme=false
2023-06-22 20:07:17.972  6859-7219  MediaPlayer             com.zhanghuang                       V  cleanDrmObj: mDrmObj=null mDrmSessionId=null
2023-06-22 20:07:17.972  6859-6859  MainHeadUint            com.zhanghuang                       I  onADReceive, ECPM: -1, ECPMLevel: , adNetWorkName: , testExtraInfo:-1, request_id:cm2fsv5snhqes01
2023-06-22 20:07:17.991  6859-7285  MediaPlayer             com.zhanghuang                       V  resetDrmState:  mDrmInfo=null mDrmProvisioningThread=null mPrepareDrmInProgress=false mActiveDrmScheme=false
2023-06-22 20:07:17.991  6859-7285  MediaPlayer             com.zhanghuang                       V  cleanDrmObj: mDrmObj=null mDrmSessionId=null
2023-06-22 20:07:48.044  6859-7285  MediaPlayer             com.zhanghuang                       V  resetDrmState:  mDrmInfo=null mDrmProvisioningThread=null mPrepareDrmInProgress=false mActiveDrmScheme=false
2023-06-22 20:07:48.044  6859-7285  MediaPlayer             com.zhanghuang                       V  cleanDrmObj: mDrmObj=null mDrmSessionId=null
2023-06-22 20:07:48.044  6859-7285  MediaPlayer             com.zhanghuang                       V  resetDrmState:  mDrmInfo=null mDrmProvisioningThread=null mPrepareDrmInProgress=false mActiveDrmScheme=false
2023-06-22 20:07:48.044  6859-7285  MediaPlayer             com.zhanghuang                       V  cleanDrmObj: mDrmObj=null mDrmSessionId=null
2023-06-22 20:07:48.046  6859-6859  MainHeadUint            com.zhanghuang                       I  onADReceive, ECPM: -1, ECPMLevel: , adNetWorkName: , testExtraInfo:-1, request_id:o6owla55zpzz201
2023-06-22 20:07:48.091  6859-6868  HostConnection          com.zhanghuang                       I  HostConnection::HostConnection: pid=6859, tid=6868, this=0x7fff59f19100
2023-06-22 20:07:48.092  6859-6868  <no-tag>                com.zhanghuang                       I  fastpipe: Connect success
2023-06-22 20:07:48.092  6859-6868  HostConnection          com.zhanghuang                       D  HostRPC::connect sucess: app=com.zhanghuang, pid=6859, tid=6868, this=0x7fff4db88240
2023-06-22 20:07:48.092  6859-6868  HostConnection          com.zhanghuang                       D  queryAndSetGLESMaxVersion select gles-version: 3.1 hostGLVersion:46 process:com.zhanghuang
2023-06-22 20:08:18.007  6859-7350  MediaPlayer             com.zhanghuang                       V  resetDrmState:  mDrmInfo=null mDrmProvisioningThread=null mPrepareDrmInProgress=false mActiveDrmScheme=false
2023-06-22 20:08:18.007  6859-7350  MediaPlayer             com.zhanghuang                       V  cleanDrmObj: mDrmObj=null mDrmSessionId=null
2023-06-22 20:08:18.007  6859-7350  MediaPlayer             com.zhanghuang                       V  resetDrmState:  mDrmInfo=null mDrmProvisioningThread=null mPrepareDrmInProgress=false mActiveDrmScheme=false
2023-06-22 20:08:18.007  6859-7350  MediaPlayer             com.zhanghuang                       V  cleanDrmObj: mDrmObj=null mDrmSessionId=null
2023-06-22 20:08:18.008  6859-6859  MessageQueue            com.zhanghuang                       W  Handler (com.qq.e.comm.plugin.util.O0) {f74be48} sending message to a Handler on a dead thread
                                                                                                    java.lang.IllegalStateException: Handler (com.qq.e.comm.plugin.util.O0) {f74be48} sending message to a Handler on a dead thread
                                                                                                    	at android.os.MessageQueue.enqueueMessage(MessageQueue.java:546)
                                                                                                    	at android.os.Handler.enqueueMessage(Handler.java:745)
                                                                                                    	at android.os.Handler.sendMessageAtTime(Handler.java:697)
                                                                                                    	at android.os.Handler.sendMessageDelayed(Handler.java:667)
                                                                                                    	at android.os.Handler.sendEmptyMessageDelayed(Handler.java:631)
                                                                                                    	at android.os.Handler.sendEmptyMessage(Handler.java:616)
                                                                                                    	at com.qq.e.comm.plugin.J.h.e.onDetachedFromWindow(A:3)
                                                                                                    	at android.view.View.dispatchDetachedFromWindow(View.java:18414)
                                                                                                    	at android.view.ViewGroup.dispatchDetachedFromWindow(ViewGroup.java:3769)
                                                                                                    	at android.view.ViewGroup.dispatchDetachedFromWindow(ViewGroup.java:3769)
                                                                                                    	at android.view.ViewGroup.dispatchDetachedFromWindow(ViewGroup.java:3769)
                                                                                                    	at android.view.ViewGroup.dispatchDetachedFromWindow(ViewGroup.java:3769)
                                                                                                    	at android.view.ViewGroup.dispatchDetachedFromWindow(ViewGroup.java:3769)
                                                                                                    	at android.view.ViewGroup.dispatchDetachedFromWindow(ViewGroup.java:3769)
                                                                                                    	at android.view.ViewGroup.dispatchDetachedFromWindow(ViewGroup.java:3769)
                                                                                                    	at android.view.ViewGroup.removeAllViewsInLayout(ViewGroup.java:5571)
                                                                                                    	at android.view.ViewGroup.removeAllViews(ViewGroup.java:5517)
                                                                                                    	at com.qq.e.comm.plugin.banner2.a$a.run(A:63)
                                                                                                    	at android.os.Handler.handleCallback(Handler.java:873)
                                                                                                    	at android.os.Handler.dispatchMessage(Handler.java:99)
                                                                                                    	at android.os.Looper.loop(Looper.java:193)
                                                                                                    	at android.app.ActivityThread.main(ActivityThread.java:6825)
                                                                                                    	at java.lang.reflect.Method.invoke(Native Method)
                                                                                                    	at com.android.internal.os.RuntimeInit$MethodAndArgsCaller.run(RuntimeInit.java:493)
                                                                                                    	at com.android.internal.os.ZygoteInit.main(ZygoteInit.java:860)
2023-06-22 20:08:18.009  6859-6859  MainHeadUint            com.zhanghuang                       I  onADReceive, ECPM: -1, ECPMLevel: , adNetWorkName: , testExtraInfo:-1, request_id:w3nj34ubsnn7201
2023-06-22 20:08:48.155  6859-7411  MediaPlayer             com.zhanghuang                       V  resetDrmState:  mDrmInfo=null mDrmProvisioningThread=null mPrepareDrmInProgress=false mActiveDrmScheme=false
2023-06-22 20:08:48.155  6859-7411  MediaPlayer             com.zhanghuang                       V  cleanDrmObj: mDrmObj=null mDrmSessionId=null
2023-06-22 20:08:48.156  6859-7411  MediaPlayer             com.zhanghuang                       V  resetDrmState:  mDrmInfo=null mDrmProvisioningThread=null mPrepareDrmInProgress=false mActiveDrmScheme=false
2023-06-22 20:08:48.156  6859-7411  MediaPlayer             com.zhanghuang                       V  cleanDrmObj: mDrmObj=null mDrmSessionId=null
