WARNING: Logcat was not cleared on the device itself because 'logcat -c' timed out.
2023-06-18 12:08:37.025 26501-26574 HostConnection          com.example.testurl                  D  glGetError exceeded.
2023-06-18 12:08:38.170 26501-26574 HostConnection          com.example.testurl                  D  glGetError exceeded.
2023-06-18 12:08:38.920 26501-26574 HostConnection          com.example.testurl                  D  glGetError exceeded.
---------------------------- PROCESS STARTED (26757) for package com.example.testurl ----------------------------
2023-06-18 12:08:43.523 26757-26757 example.testur          com.example.testurl                  W  Accessing hidden field Landroid/os/Trace;->TRACE_TAG_APP:J (light greylist, reflection)
2023-06-18 12:08:43.523 26757-26757 example.testur          com.example.testurl                  W  Accessing hidden method Landroid/os/Trace;->isTagEnabled(J)Z (light greylist, reflection)
2023-06-18 12:08:43.565 26757-26757 AppCompatDelegate       com.example.testurl                  D  Checking for metadata for AppLocalesMetadataHolderService : Service not found
2023-06-18 12:08:43.576 26757-26757 example.testur          com.example.testurl                  W  Accessing hidden field Landroid/graphics/Insets;->left:I (light greylist, linking)
2023-06-18 12:08:43.576 26757-26757 example.testur          com.example.testurl                  W  Accessing hidden field Landroid/graphics/Insets;->top:I (light greylist, linking)
2023-06-18 12:08:43.576 26757-26757 example.testur          com.example.testurl                  W  Accessing hidden field Landroid/graphics/Insets;->right:I (light greylist, linking)
2023-06-18 12:08:43.576 26757-26757 example.testur          com.example.testurl                  W  Accessing hidden field Landroid/graphics/Insets;->bottom:I (light greylist, linking)
2023-06-18 12:08:43.597 26757-26757 example.testur          com.example.testurl                  W  Accessing hidden method Landroid/view/View;->computeFitSystemWindows(Landroid/graphics/Rect;Landroid/graphics/Rect;)Z (light greylist, reflection)
2023-06-18 12:08:43.598 26757-26757 example.testur          com.example.testurl                  W  Accessing hidden method Landroid/view/ViewGroup;->makeOptionalFitsSystemWindows()V (light greylist, reflection)
2023-06-18 12:08:43.603 26757-26757 WebViewFactory          com.example.testurl                  I  Loading com.android.webview version 91.0.4472.114 (code 447211456)
2023-06-18 12:08:43.608 26757-26757 example.testur          com.example.testurl                  I  The ClassLoaderContext is a special shared library.
2023-06-18 12:08:43.628 26757-26757 example.testur          com.example.testurl                  W  Accessing hidden method Landroid/os/Trace;->traceBegin(JLjava/lang/String;)V (light greylist, reflection)
2023-06-18 12:08:43.628 26757-26757 example.testur          com.example.testurl                  W  Accessing hidden method Landroid/os/Trace;->traceEnd(J)V (light greylist, reflection)
2023-06-18 12:08:43.628 26757-26757 example.testur          com.example.testurl                  W  Accessing hidden method Landroid/os/Trace;->asyncTraceBegin(JLjava/lang/String;I)V (light greylist, reflection)
2023-06-18 12:08:43.628 26757-26757 example.testur          com.example.testurl                  W  Accessing hidden method Landroid/os/Trace;->asyncTraceEnd(JLjava/lang/String;I)V (light greylist, reflection)
2023-06-18 12:08:43.655 26757-26757 cr_LibraryLoader        com.example.testurl                  I  Loaded native library version number "91.0.4472.114"
2023-06-18 12:08:43.655 26757-26757 example.testur          com.example.testurl                  W  Accessing hidden field Ljava/util/Collections$SynchronizedCollection;->mutex:Ljava/lang/Object; (dark greylist, reflection)
2023-06-18 12:08:43.655 26757-26757 example.testur          com.example.testurl                  W  Accessing hidden field Ljava/util/Collections$SynchronizedCollection;->c:Ljava/util/Collection; (light greylist, reflection)
2023-06-18 12:08:43.655 26757-26757 example.testur          com.example.testurl                  W  Accessing hidden method Ljava/util/Collections$SynchronizedSet;-><init>(Ljava/util/Set;Ljava/lang/Object;)V (dark greylist, reflection)
2023-06-18 12:08:43.655 26757-26757 example.testur          com.example.testurl                  W  Accessing hidden method Ljava/util/Collections$SynchronizedCollection;-><init>(Ljava/util/Collection;Ljava/lang/Object;)V (dark greylist, reflection)
2023-06-18 12:08:43.657 26757-26757 cr_CachingUmaRecorder   com.example.testurl                  I  Flushed 6 samples from 6 histograms.
2023-06-18 12:08:43.670 26757-26788 example.testur          com.example.testurl                  W  Accessing hidden method Landroid/content/Context;->bindServiceAsUser(Landroid/content/Intent;Landroid/content/ServiceConnection;ILandroid/os/Handler;Landroid/os/UserHandle;)Z (light greylist, reflection)
2023-06-18 12:08:43.758 26757-26810 example.testur          com.example.testurl                  W  Accessing hidden method Landroid/media/AudioManager;->getOutputLatency(I)I (light greylist, reflection)
2023-06-18 12:08:43.764 26757-26810 cr_media                com.example.testurl                  W  Requires BLUETOOTH permission
2023-06-18 12:08:43.769 26757-26822 HostConnection          com.example.testurl                  I  HostConnection::HostConnection: pid=26757, tid=26822, this=0x7fff688474e0
2023-06-18 12:08:43.777 26757-26822 <no-tag>                com.example.testurl                  I  fastpipe: Connect success
2023-06-18 12:08:43.779 26757-26822 HostConnection          com.example.testurl                  D  HostRPC::connect sucess: app=com.example.testurl, pid=26757, tid=26822, this=0x7fff6885cf40
2023-06-18 12:08:43.780 26757-26822 HostConnection          com.example.testurl                  D  queryAndSetGLESMaxVersion select gles-version: 3.1 hostGLVersion:46 process:com.example.testurl
2023-06-18 12:08:43.781 26757-26822 <no-tag>                com.example.testurl                  I  fastpipe: Connect success
2023-06-18 12:08:43.783 26757-26822 HostConnection          com.example.testurl                  D  recv ProcessPuidReply name=com.example.testurl puid=60 g_u64CapsFlag=1d
2023-06-18 12:08:43.787 26757-26822 ConfigStore             com.example.testurl                  I  android::hardware::configstore::V1_0::ISurfaceFlingerConfigs::hasWideColorDisplay retrieved: 0
2023-06-18 12:08:43.787 26757-26822 ConfigStore             com.example.testurl                  I  android::hardware::configstore::V1_0::ISurfaceFlingerConfigs::hasHDRDisplay retrieved: 0
2023-06-18 12:08:43.802 26757-26757 OpenGLRenderer          com.example.testurl                  D  Skia GL Pipeline
2023-06-18 12:08:43.815 26757-26822 EGL_adreno              com.example.testurl                  I  eglCreateContext request GLES major-version=2
2023-06-18 12:08:43.815 26757-26822 EGL_adreno              com.example.testurl                  I  eglCreateContext request GLES minor-version=0
2023-06-18 12:08:43.816 26757-26822 EGL_adreno              com.example.testurl                  D  eglCreateContext: 0x7fff6a35ea60: maj 3 min 1 rcv 4
2023-06-18 12:08:43.817 26757-26822 EGL_adreno              com.example.testurl                  D  eglMakeCurrent: 0x7fff6a35ea60: ver 3 1 (tinfo 0x7fff727d0da0)
2023-06-18 12:08:43.824 26757-26822 HostConnection          com.example.testurl                  D  ExtendedRCEncoderContext GL_VERSION return OpenGL ES 3.1
2023-06-18 12:08:43.830 26757-26822 GLESv2_enc              com.example.testurl                  W  no support GL_NUM_PROGRAM_BINARY_FORMATS
2023-06-18 12:08:43.845 26757-26822 EGL_adreno              com.example.testurl                  I  eglCreateContext request GLES major-version=3
2023-06-18 12:08:43.845 26757-26822 EGL_adreno              com.example.testurl                  I  eglCreateContext request GLES minor-version=0
2023-06-18 12:08:43.847 26757-26822 EGL_adreno              com.example.testurl                  D  eglCreateContext: 0x7fff6a35ea60: maj 3 min 0 rcv 3
2023-06-18 12:08:43.848 26757-26822 EGL_adreno              com.example.testurl                  D  eglMakeCurrent: 0x7fff6a35ea60: ver 3 0 (tinfo 0x7fff727d0da0)
2023-06-18 12:08:43.852 26757-26822 HostConnection          com.example.testurl                  D  ExtendedRCEncoderContext GL_VERSION return OpenGL ES 3.1
2023-06-18 12:08:43.854 26757-26834 OpenGLRenderer          com.example.testurl                  I  Initialized EGL, version 1.4
2023-06-18 12:08:43.854 26757-26834 OpenGLRenderer          com.example.testurl                  D  Swap behavior 1
2023-06-18 12:08:43.854 26757-26834 HostConnection          com.example.testurl                  I  HostConnection::HostConnection: pid=26757, tid=26834, this=0x7fff6bc3f840
2023-06-18 12:08:43.855 26757-26834 <no-tag>                com.example.testurl                  I  fastpipe: Connect success
2023-06-18 12:08:43.855 26757-26834 HostConnection          com.example.testurl                  D  HostRPC::connect sucess: app=com.example.testurl, pid=26757, tid=26834, this=0x7fff6bd3b440
2023-06-18 12:08:43.856 26757-26834 HostConnection          com.example.testurl                  D  queryAndSetGLESMaxVersion select gles-version: 3.1 hostGLVersion:46 process:com.example.testurl
2023-06-18 12:08:43.856 26757-26834 EGL_adreno              com.example.testurl                  I  eglCreateContext request GLES major-version=2
2023-06-18 12:08:43.860 26757-26834 EGL_adreno              com.example.testurl                  D  eglCreateContext: 0x7fff6bc6bae0: maj 3 min 1 rcv 4
2023-06-18 12:08:43.862 26757-26822 eglCodecCommon          com.example.testurl                  E  glUtilsParamSize: unknow param 0x000088ef
2023-06-18 12:08:43.882 26757-26834 EGL_adreno              com.example.testurl                  D  eglMakeCurrent: 0x7fff6bc6bae0: ver 3 1 (tinfo 0x7fff6bcc2400)
2023-06-18 12:08:43.884 26757-26822 GLESv2_enc              com.example.testurl                  W  no support GL_NUM_PROGRAM_BINARY_FORMATS
2023-06-18 12:08:43.885 26757-26834 HostConnection          com.example.testurl                  D  ExtendedRCEncoderContext GL_VERSION return OpenGL ES 3.1
2023-06-18 12:08:43.886 26757-26834 eglCodecCommon          com.example.testurl                  E  glUtilsParamSize: unknow param 0x00008c29
2023-06-18 12:08:43.886 26757-26834 GLESv2_enc              com.example.testurl                  W  no support GL_NUM_PROGRAM_BINARY_FORMATS
2023-06-18 12:08:43.887 26757-26822 eglCodecCommon          com.example.testurl                  E  glUtilsParamSize: unknow param 0x000088ef
2023-06-18 12:08:43.889 26757-26822 eglCodecCommon          com.example.testurl                  E  glUtilsParamSize: unknow param 0x000088ef
2023-06-18 12:08:43.894 26757-26834 vndksupport             com.example.testurl                  D  Loading /vendor/lib64/hw/android.hardware.graphics.mapper@2.0-impl.so from current namespace instead of sphal namespace.
2023-06-18 12:08:43.895 26757-26834 vndksupport             com.example.testurl                  D  Loading /vendor/lib64/hw/gralloc.default.so from current namespace instead of sphal namespace.
2023-06-18 12:08:43.896 26757-26822 eglCodecCommon          com.example.testurl                  E  glUtilsParamSize: unknow param 0x000088ef
2023-06-18 12:08:43.901 26757-26822 eglCodecCommon          com.example.testurl                  E  glUtilsParamSize: unknow param 0x000088ef
2023-06-18 12:08:43.902 26757-26834 EGL_adreno              com.example.testurl                  E  tid 26834: eglSurfaceAttrib(1338): error 0x3009 (EGL_BAD_MATCH)
2023-06-18 12:08:43.902 26757-26834 OpenGLRenderer          com.example.testurl                  W  Failed to set EGL_SWAP_BEHAVIOR on surface 0x7fff6bd1d380, error=EGL_BAD_MATCH
2023-06-18 12:08:43.907 26757-26822 eglCodecCommon          com.example.testurl                  E  glUtilsParamSize: unknow param 0x000088ef
2023-06-18 12:08:43.921 26757-26834 EGL_adreno              com.example.testurl                  D  eglMakeCurrent: 0x7fff6bc6bae0: ver 3 1 (tinfo 0x7fff6bcc2400)
2023-06-18 12:08:43.938 26757-26834 eglCodecCommon          com.example.testurl                  E  glUtilsParamSize: unknow param 0x000088ef
2023-06-18 12:08:43.943 26757-26834 GLESv2_enc              com.example.testurl                  W  no support GL_NUM_PROGRAM_BINARY_FORMATS
2023-06-18 12:08:43.944 26757-26834 eglCodecCommon          com.example.testurl                  E  glUtilsParamSize: unknow param 0x000088ef
2023-06-18 12:08:43.946 26757-26834 eglCodecCommon          com.example.testurl                  E  glUtilsParamSize: unknow param 0x000088ef
2023-06-18 12:08:44.225 26757-26757 chromium                com.example.testurl                  I  [INFO:CONSOLE(1177)] "Uncaught TypeError: Cannot read property 'getItem' of null", source: https://mp.weixin.qq.com/s/sIU_8mIsbXzxaWov_Wto4w (1177)
2023-06-18 12:08:44.230 26757-26757 chromium                com.example.testurl                  I  [INFO:CONSOLE(2138)] "Uncaught TypeError: Cannot read property 'getItem' of null", source: https://mp.weixin.qq.com/s/sIU_8mIsbXzxaWov_Wto4w (2138)
2023-06-18 12:08:44.237 26757-26757 chromium                com.example.testurl                  I  [INFO:CONSOLE(3497)] "tingIsShow, tingHeardCnt  ", source: https://mp.weixin.qq.com/s/sIU_8mIsbXzxaWov_Wto4w (3497)
2023-06-18 12:08:44.240 26757-26757 chromium                com.example.testurl                  I  [INFO:CONSOLE(3648)] "Uncaught TypeError: Cannot read property 'getItem' of null", source: https://mp.weixin.qq.com/s/sIU_8mIsbXzxaWov_Wto4w (3648)
2023-06-18 12:08:44.242 26757-26796 NetworkSecurityConfig   com.example.testurl                  D  No Network Security Config specified, using platform default
2023-06-18 12:08:44.290 26757-26757 chromium                com.example.testurl                  I  [INFO:CONSOLE(1)] "support wcslplayer false", source: https://res.wx.qq.com/mmbizappmsg/zh_CN/htmledition/js/assets/controller.liyd6xrl6f5daa1d.js (1)
2023-06-18 12:08:44.302 26757-26757 example.testur          com.example.testurl                  W  Accessing hidden method Landroid/os/Trace;->traceCounter(JLjava/lang/String;I)V (light greylist, reflection)
2023-06-18 12:08:44.304 26757-26757 chromium                com.example.testurl                  I  [INFO:CONSOLE(11)] "[图文信息] 三元组: MzUyMDAyMzgwMA== 2247483652 1", source: https://res.wx.qq.com/mmbizappmsg/zh_CN/htmledition/js/assets/appmsg.liyd6xrlcf5a4a22.js (11)
2023-06-18 12:08:44.304 26757-26757 chromium                com.example.testurl                  I  [INFO:CONSOLE(11)] "[用户信息] 设备信息: 是否安卓 true 是否IOS undefined 是否秒开场景 undefined 系统版本 9 用户uin 0 是否小程序内打开 false", source: https://res.wx.qq.com/mmbizappmsg/zh_CN/htmledition/js/assets/appmsg.liyd6xrlcf5a4a22.js (11)
2023-06-18 12:08:44.306 26757-26757 chromium                com.example.testurl                  I  [INFO:CONSOLE(1)] "wx config web compt result wxOpen [object Object]", source: https://res.wx.qq.com/mmbizappmsg/zh_CN/htmledition/js/assets/comm_utils.liyd6xrldd7c4e4d.js (1)
2023-06-18 12:08:44.311 26757-26757 chromium                com.example.testurl                  I  [INFO:CONSOLE(1)] "[(评论、点赞、赞赏) 发送请求]:  Sun Jun 18 2023 12:08:44 GMT+0800 (中国标准时间)", source: https://res.wx.qq.com/mmbizappmsg/zh_CN/htmledition/js/assets/appmsgext.liyd6xrle66e083e.js (1)
2023-06-18 12:08:44.320 26757-26757 chromium                com.example.testurl                  I  [INFO:CONSOLE(1)] "author_cancel 0", source: https://res.wx.qq.com/mmbizappmsg/zh_CN/htmledition/js/assets/intersection-observer.liyd6xrl5fe44b23.js (1)
2023-06-18 12:08:44.360 26757-26757 chromium                com.example.testurl                  I  [INFO:CONSOLE(1)] "[广告发送请求] 是否拉取广告 0", source: https://res.wx.qq.com/mmbizappmsg/zh_CN/htmledition/js/assets/wxwork_hidden.liyd6xrl24d08d4a.js (1)
2023-06-18 12:08:44.360 26757-26757 chromium                com.example.testurl                  I  [INFO:CONSOLE(1)] "[强制广告] 是否强制去掉广告 0", source: https://res.wx.qq.com/mmbizappmsg/zh_CN/htmledition/js/assets/wxwork_hidden.liyd6xrl24d08d4a.js (1)
2023-06-18 12:08:44.368 26757-26757 chromium                com.example.testurl                  I  [INFO:CONSOLE(1)] "author_cancel 0", source: https://res.wx.qq.com/mmbizappmsg/zh_CN/htmledition/js/assets/intersection-observer.liyd6xrl5fe44b23.js (1)
2023-06-18 12:08:44.388 26757-26757 chromium                com.example.testurl                  I  [INFO:CONSOLE(1)] "[广告响应请求] [object Object]", source: https://res.wx.qq.com/mmbizappmsg/zh_CN/htmledition/js/assets/wxwork_hidden.liyd6xrl24d08d4a.js (1)
2023-06-18 12:08:44.396 26757-26757 chromium                com.example.testurl                  I  [INFO:CONSOLE(0)] "Mixed Content: The page at 'https://mp.weixin.qq.com/s/sIU_8mIsbXzxaWov_Wto4w' was loaded over HTTPS, but requested an insecure image 'http://mmbiz.qpic.cn/mmbiz_png/dglbrHv1YdCBialodvpDG4ib45UDRVibJ1V1aC06eicEJUqXgiarhJvEprOcEB9JACy145cGOpZWNQJy3zCat9PgRkw/640?wx_fmt=png&wxfrom=5&wx_lazy=1&wx_co=1'. This request has been blocked; the content must be served over HTTPS.", source: https://mp.weixin.qq.com/s/sIU_8mIsbXzxaWov_Wto4w (0)
2023-06-18 12:08:44.396 26757-26757 chromium                com.example.testurl                  I  [INFO:CONSOLE(0)] "Mixed Content: The page at 'https://mp.weixin.qq.com/s/sIU_8mIsbXzxaWov_Wto4w' was loaded over HTTPS, but requested an insecure image 'http://mmbiz.qpic.cn/mmbiz_png/dglbrHv1YdCBialodvpDG4ib45UDRVibJ1V8icMg5WgnZp830FFXMH0OCfOoQ8iaGKKBDVLX3UZBicyBeohe9wICgQ5w/640?wx_fmt=png&wxfrom=5&wx_lazy=1&wx_co=1'. This request has been blocked; the content must be served over HTTPS.", source: https://mp.weixin.qq.com/s/sIU_8mIsbXzxaWov_Wto4w (0)
2023-06-18 12:08:44.420 26757-26757 chromium                com.example.testurl                  I  [INFO:CONSOLE(0)] "Mixed Content: The page at 'https://mp.weixin.qq.com/s/sIU_8mIsbXzxaWov_Wto4w' was loaded over HTTPS, but requested an insecure image 'http://mp.weixin.qq.com/mp/jsreport?key=10&content=https%3A%2F%2Fmmbiz.qpic.cn%2Fmmbiz_png%2FdglbrHv1YdCBialodvpDG4ib45UDRVibJ1V1aC06eicEJUqXgiarhJvEprOcEB9JACy145cGOpZWNQJy3zCat9PgRkw%2F640%3Fwx_fmt%3Dpng%26wxfrom%3D5%26wx_lazy%3D1%26wx_co%3D1%26retryload%3D1[]&r=0.2830091947226321'. This request has been blocked; the content must be served over HTTPS.", source: https://mp.weixin.qq.com/s/sIU_8mIsbXzxaWov_Wto4w (0)
2023-06-18 12:08:44.420 26757-26757 chromium                com.example.testurl                  I  [INFO:CONSOLE(0)] "Mixed Content: The page at 'https://mp.weixin.qq.com/s/sIU_8mIsbXzxaWov_Wto4w' was loaded over HTTPS, but requested an insecure image 'http://mp.weixin.qq.com/mp/jsreport?key=10&content=https%3A%2F%2Fmmbiz.qpic.cn%2Fmmbiz_png%2FdglbrHv1YdCBialodvpDG4ib45UDRVibJ1V8icMg5WgnZp830FFXMH0OCfOoQ8iaGKKBDVLX3UZBicyBeohe9wICgQ5w%2F640%3Fwx_fmt%3Dpng%26wxfrom%3D5%26wx_lazy%3D1%26wx_co%3D1%26retryload%3D1[]&r=0.04592075981715138'. This request has been blocked; the content must be served over HTTPS.", source: https://mp.weixin.qq.com/s/sIU_8mIsbXzxaWov_Wto4w (0)
2023-06-18 12:08:44.420 26757-26757 chromium                com.example.testurl                  I  [INFO:CONSOLE(1)] "[(评论、点赞、赞赏) 响应请求]:  Sun Jun 18 2023 12:08:44 GMT+0800 (中国标准时间) [object Object]", source: https://res.wx.qq.com/mmbizappmsg/zh_CN/htmledition/js/assets/appmsgext.liyd6xrle66e083e.js (1)
2023-06-18 12:08:44.420 26757-26757 chromium                com.example.testurl                  I  [INFO:CONSOLE(1)] "window.ext_complete_success: true", source: https://res.wx.qq.com/mmbizappmsg/zh_CN/htmledition/js/assets/appmsg.liyd6xrlcf5a4a22.js (1)
2023-06-18 12:08:44.442 26757-26757 chromium                com.example.testurl                  I  [INFO:CONSOLE(21)] "segmentlist:  [object Object]", source: https://res.wx.qq.com/mmbizappmsg/zh_CN/htmledition/js/assets/wxwork_hidden.liyd6xrl24d08d4a.js (21)
2023-06-18 12:08:45.377 26757-26757 Chrome_InProcGp         com.example.testurl                  I  type=1400 audit(0.0:3715): avc: denied { ioctl } for path="/dev/fastpipe" dev="tmpfs" ino=5182 ioctlcmd=6867 scontext=u:r:untrusted_app:s0:c52,c256,c512,c768 tcontext=u:object_r:device:s0 tclass=chr_file permissive=1
